Archive member included to satisfy reference by file (symbol)

../../libDaisy//build/libdaisy.a(daisy_seed.o)
                              build/Dubby.o (daisy::DaisySeed::GetPin(unsigned char))
../../libDaisy//build/libdaisy.a(codec_ak4556.o)
                              ../../libDaisy//build/libdaisy.a(daisy_seed.o) (daisy::Ak4556::Init(dsy_gpio_pin))
../../libDaisy//build/libdaisy.a(codec_pcm3060.o)
                              build/Dubby.o (daisy::Pcm3060::Init(daisy::I2CHandle))
../../libDaisy//build/libdaisy.a(codec_wm8731.o)
                              ../../libDaisy//build/libdaisy.a(daisy_seed.o) (daisy::Wm8731::Init(daisy::Wm8731::Config const&, daisy::I2CHandle))
../../libDaisy//build/libdaisy.a(sdram.o)
                              ../../libDaisy//build/libdaisy.a(daisy_seed.o) (SdramHandle::Init())
../../libDaisy//build/libdaisy.a(audio.o)
                              ../../libDaisy//build/libdaisy.a(daisy_seed.o) (daisy::AudioHandle::Init(daisy::AudioHandle::Config const&, daisy::SaiHandle))
../../libDaisy//build/libdaisy.a(ctrl.o)
                              build/Dubby.o (daisy::AnalogControl::Init(unsigned short*, float, bool, bool, float))
../../libDaisy//build/libdaisy.a(encoder.o)
                              build/Dubby.o (daisy::Encoder::Init(dsy_gpio_pin, dsy_gpio_pin, dsy_gpio_pin, float))
../../libDaisy//build/libdaisy.a(switch.o)
                              build/Dubby.o (daisy::Switch::Init(dsy_gpio_pin, float))
../../libDaisy//build/libdaisy.a(adc.o)
                              build/Dubby.o (daisy::AdcChannelConfig::InitSingle(dsy_gpio_pin))
../../libDaisy//build/libdaisy.a(gpio.o)
                              build/Dubby.o (dsy_gpio_init)
../../libDaisy//build/libdaisy.a(i2c.o)
                              build/Dubby.o (daisy::I2CHandle::Init(daisy::I2CHandle::Config const&))
../../libDaisy//build/libdaisy.a(qspi.o)
                              ../../libDaisy//build/libdaisy.a(daisy_seed.o) (daisy::QSPIHandle::Init(daisy::QSPIHandle::Config const&))
../../libDaisy//build/libdaisy.a(sai.o)
                              build/Dubby.o (daisy::SaiHandle::Init(daisy::SaiHandle::Config const&))
../../libDaisy//build/libdaisy.a(spi.o)
                              build/Dubby.o (daisy::SpiHandle::Init(daisy::SpiHandle::Config const&))
../../libDaisy//build/libdaisy.a(uart.o)
                              build/Dubby.o (daisy::UartHandler::Init(daisy::UartHandler::Config const&))
../../libDaisy//build/libdaisy.a(system.o)
                              ../../libDaisy//build/libdaisy.a(daisy_seed.o) (daisy::System::DeInit())
../../libDaisy//build/libdaisy.a(system_stm32h7xx.o)
                              build/startup_stm32h750xx.o (SystemInit)
../../libDaisy//build/libdaisy.a(usbd_conf.o)
                              ../../libDaisy//build/libdaisy.a(system.o) (hpcd_USB_OTG_HS)
../../libDaisy//build/libdaisy.a(usbh_conf.o)
                              ../../libDaisy//build/libdaisy.a(system.o) (hhcd_USB_OTG_HS)
../../libDaisy//build/libdaisy.a(hal_map.o)
                              ../../libDaisy//build/libdaisy.a(gpio.o) (dsy_hal_map_get_port)
../../libDaisy//build/libdaisy.a(oled_fonts.o)
                              build/Dubby.o (Font_6x8)
../../libDaisy//build/libdaisy.a(stm32h7xx_hal.o)
                              ../../libDaisy//build/libdaisy.a(system.o) (HAL_Init)
../../libDaisy//build/libdaisy.a(stm32h7xx_hal_adc.o)
                              ../../libDaisy//build/libdaisy.a(adc.o) (HAL_ADC_ConfigChannel)
../../libDaisy//build/libdaisy.a(stm32h7xx_hal_adc_ex.o)
                              ../../libDaisy//build/libdaisy.a(adc.o) (HAL_ADCEx_Calibration_Start)
../../libDaisy//build/libdaisy.a(stm32h7xx_hal_cortex.o)
                              ../../libDaisy//build/libdaisy.a(stm32h7xx_hal.o) (HAL_NVIC_SetPriorityGrouping)
../../libDaisy//build/libdaisy.a(stm32h7xx_hal_dma.o)
                              ../../libDaisy//build/libdaisy.a(adc.o) (HAL_DMA_Init)
../../libDaisy//build/libdaisy.a(stm32h7xx_hal_gpio.o)
                              ../../libDaisy//build/libdaisy.a(sdram.o) (HAL_GPIO_Init)
../../libDaisy//build/libdaisy.a(stm32h7xx_hal_hcd.o)
                              ../../libDaisy//build/libdaisy.a(usbh_conf.o) (HAL_HCD_HC_Init)
../../libDaisy//build/libdaisy.a(stm32h7xx_hal_i2c.o)
                              ../../libDaisy//build/libdaisy.a(i2c.o) (HAL_I2C_Init)
../../libDaisy//build/libdaisy.a(stm32h7xx_hal_i2c_ex.o)
                              ../../libDaisy//build/libdaisy.a(i2c.o) (HAL_I2CEx_ConfigAnalogFilter)
../../libDaisy//build/libdaisy.a(stm32h7xx_hal_pcd.o)
                              ../../libDaisy//build/libdaisy.a(usbd_conf.o) (HAL_PCD_Init)
../../libDaisy//build/libdaisy.a(stm32h7xx_hal_pcd_ex.o)
                              ../../libDaisy//build/libdaisy.a(usbd_conf.o) (HAL_PCDEx_SetTxFiFo)
../../libDaisy//build/libdaisy.a(stm32h7xx_hal_pwr_ex.o)
[...]
Memory Configuration

Name             Origin             Length             Attributes
FLASH            0x0000000008000000 0x0000000000020000 xr
DTCMRAM          0x0000000020000000 0x0000000000020000 xrw
SRAM             0x0000000024000000 0x0000000000080000 xrw
RAM_D2           0x0000000030000000 0x0000000000048000 xrw
RAM_D3           0x0000000038000000 0x0000000000010000 xrw
ITCMRAM          0x0000000000000000 0x0000000000010000 xrw
SDRAM            0x00000000c0000000 0x0000000004000000 xrw
QSPIFLASH        0x0000000090000000 0x0000000000800000 xr
*default*        0x0000000000000000 0xffffffffffffffff

Linker script and memory map

LOAD /Library/DaisyToolchain/0.2.0/arm/bin/../lib/gcc/arm-none-eabi/10.3.1/thumb/v7e-m+dp/hard/crti.o
LOAD /Library/DaisyToolchain/0.2.0/arm/bin/../lib/gcc/arm-none-eabi/10.3.1/thumb/v7e-m+dp/hard/crtbegin.o
LOAD /Library/DaisyToolchain/0.2.0/arm/bin/../lib/gcc/arm-none-eabi/10.3.1/../../../../arm-none-eabi/lib/thumb/v7e-m+dp/hard/crt0.o
LOAD build/startup_stm32h750xx.o
LOAD build/DubbyPlayground.o
LOAD build/Dubby.o
LOAD ../../libDaisy//build/libdaisy.a
LOAD /Library/DaisyToolchain/0.2.0/arm/bin/../lib/gcc/arm-none-eabi/10.3.1/../../../../arm-none-eabi/lib/thumb/v7e-m+dp/hard/libnosys.a
LOAD ../../DaisySP//build/libdaisysp.a
LOAD /Library/DaisyToolchain/0.2.0/arm/bin/../lib/gcc/arm-none-eabi/10.3.1/../../../../arm-none-eabi/lib/thumb/v7e-m+dp/hard/libstdc++_nano.a
LOAD /Library/DaisyToolchain/0.2.0/arm/bin/../lib/gcc/arm-none-eabi/10.3.1/../../../../arm-none-eabi/lib/thumb/v7e-m+dp/hard/libm.a
LOAD /Library/DaisyToolchain/0.2.0/arm/bin/../lib/gcc/arm-none-eabi/10.3.1/../../../../arm-none-eabi/lib/thumb/v7e-m+dp/hard/libc_nano.a
START GROUP
LOAD /Library/DaisyToolchain/0.2.0/arm/bin/../lib/gcc/arm-none-eabi/10.3.1/thumb/v7e-m+dp/hard/libgcc.a
LOAD /Library/DaisyToolchain/0.2.0/arm/bin/../lib/gcc/arm-none-eabi/10.3.1/../../../../arm-none-eabi/lib/thumb/v7e-m+dp/hard/libc_nano.a
END GROUP
START GROUP
LOAD /Library/DaisyToolchain/0.2.0/arm/bin/../lib/gcc/arm-none-eabi/10.3.1/thumb/v7e-m+dp/hard/libgcc.a
LOAD /Library/DaisyToolchain/0.2.0/arm/bin/../lib/gcc/arm-none-eabi/10.3.1/../../../../arm-none-eabi/lib/thumb/v7e-m+dp/hard/libc_nano.a
LOAD /Library/DaisyToolchain/0.2.0/arm/bin/../lib/gcc/arm-none-eabi/10.3.1/../../../../arm-none-eabi/lib/thumb/v7e-m+dp/hard/libnosys.a
END GROUP
START GROUP
LOAD /Library/DaisyToolchain/0.2.0/arm/bin/../lib/gcc/arm-none-eabi/10.3.1/thumb/v7e-m+dp/hard/libgcc.a
LOAD /Library/DaisyToolchain/0.2.0/arm/bin/../lib/gcc/arm-none-eabi/10.3.1/../../../../arm-none-eabi/lib/thumb/v7e-m+dp/hard/libc_nano.a
LOAD /Library/DaisyToolchain/0.2.0/arm/bin/../lib/gcc/arm-none-eabi/10.3.1/../../../../arm-none-eabi/lib/thumb/v7e-m+dp/hard/libnosys.a
END GROUP
LOAD /Library/DaisyToolchain/0.2.0/arm/bin/../lib/gcc/arm-none-eabi/10.3.1/thumb/v7e-m+dp/hard/crtend.o
LOAD /Library/DaisyToolchain/0.2.0/arm/bin/../lib/gcc/arm-none-eabi/10.3.1/thumb/v7e-m+dp/hard/crtn.o
                0x0000000020020000                _estack = 0x20020000

.isr_vector     0x0000000008000000      0x298
                0x0000000008000000                . = ALIGN (0x4)
 *(.isr_vector)
 .isr_vector    0x0000000008000000      0x298 build/startup_stm32h750xx.o
                0x0000000008000000                g_pfnVectors
                0x0000000008000298                . = ALIGN (0x4)

.text           0x00000000080002a0    0x19e0c
                0x00000000080002a0                . = ALIGN (0x4)
                0x00000000080002a0                _stext = .
 *(.text)
 .text          0x00000000080002a0       0x40 /Library/DaisyToolchain/0.2.0/arm/bin/../lib/gcc/arm-none-eabi/10.3.1/thumb/v7e-m+dp/hard/crtbegin.o
 .text          0x00000000080002e0       0x10 /Library/DaisyToolchain/0.2.0/arm/bin/../lib/gcc/arm-none-eabi/10.3.1/../../../../arm-none-eabi/lib/thumb/v7e-m+dp/hard/libc_nano.a(lib_a-strlen.o)
                0x00000000080002e0                strlen
 .text          0x00000000080002f0       0xa0 /Library/DaisyToolchain/0.2.0/arm/bin/../lib/gcc/arm-none-eabi/10.3.1/../../../../arm-none-eabi/lib/thumb/v7e-m+dp/hard/libc_nano.a(lib_a-memchr.o)
                0x00000000080002f0                memchr
 .text          0x0000000008000390      0x378 /Library/DaisyToolchain/0.2.0/arm/bin/../lib/gcc/arm-none-eabi/10.3.1/thumb/v7e-m+dp/hard/libgcc.a(_arm_addsubdf3.o)
                0x0000000008000390                __aeabi_drsub
                0x0000000008000398                __subdf3
                0x0000000008000398                __aeabi_dsub
                0x000000000800039c                __aeabi_dadd
                0x000000000800039c                __adddf3
                0x0000000008000614                __aeabi_ui2d
                0x0000000008000614                __floatunsidf
                0x0000000008000634                __floatsidf
                0x0000000008000634                __aeabi_i2d
                0x0000000008000658                __extendsfdf2
                0x0000000008000658                __aeabi_f2d
                0x000000000800069c                __aeabi_ul2d
                0x000000000800069c                __floatundidf
                0x00000000080006ac                __aeabi_l2d
                0x00000000080006ac                __floatdidf
 .text          0x0000000008000708       0x30 /Library/DaisyToolchain/0.2.0/arm/bin/../lib/gcc/arm-none-eabi/10.3.1/thumb/v7e-m+dp/hard/libgcc.a(_aeabi_uldivmod.o)
                0x0000000008000708                __aeabi_uldivmod
 .text          0x0000000008000738      0x2d0 /Library/DaisyToolchain/0.2.0/arm/bin/../lib/gcc/arm-none-eabi/10.3.1/thumb/v7e-m+dp/hard/libgcc.a(_udivmoddi4.o)
                0x0000000008000738                __udivmoddi4
 .text          0x0000000008000a08        0x4 /Library/DaisyToolchain/0.2.0/arm/bin/../lib/gcc/arm-none-eabi/10.3.1/thumb/v7e-m+dp/hard/libgcc.a(_dvmd_tls.o)
                0x0000000008000a08                __aeabi_ldiv0
                0x0000000008000a08                __aeabi_idiv0
 *(.text*)
 .text.Default_Handler
                0x0000000008000a0c        0x4 build/startup_stm32h750xx.o
                0x0000000008000a0c                SAI1_IRQHandler
                0x0000000008000a0c                HASH_RNG_IRQHandler
                0x0000000008000a0c                EXTI2_IRQHandler
                0x0000000008000a0c                TIM8_CC_IRQHandler
                0x0000000008000a0c                HRTIM1_Master_IRQHandler
                0x0000000008000a0c                DebugMon_Handler
                0x0000000008000a0c                TIM1_CC_IRQHandler
                0x0000000008000a0c                BDMA_Channel6_IRQHandler
                0x0000000008000a0c                DMA2_Stream5_IRQHandler
                0x0000000008000a0c                HRTIM1_FLT_IRQHandler
                0x0000000008000a0c                JPEG_IRQHandler
                0x0000000008000a0c                BDMA_Channel1_IRQHandler
                0x0000000008000a0c                HRTIM1_TIMD_IRQHandler
                0x0000000008000a0c                TAMP_STAMP_IRQHandler
                0x0000000008000a0c                PendSV_Handler
                0x0000000008000a0c                NMI_Handler
                0x0000000008000a0c                EXTI3_IRQHandler
                0x0000000008000a0c                LPTIM4_IRQHandler
                0x0000000008000a0c                TIM8_TRG_COM_TIM14_IRQHandler
                0x0000000008000a0c                LPTIM2_IRQHandler
                0x0000000008000a0c                DFSDM1_FLT1_IRQHandler
                0x0000000008000a0c                DMAMUX2_OVR_IRQHandler
                0x0000000008000a0c                TIM8_UP_TIM13_IRQHandler
                0x0000000008000a0c                I2C3_ER_IRQHandler
                0x0000000008000a0c                DFSDM1_FLT2_IRQHandler
                0x0000000008000a0c                MDMA_IRQHandler
                0x0000000008000a0c                LPTIM3_IRQHandler
                0x0000000008000a0c                HSEM1_IRQHandler
                0x0000000008000a0c                EXTI0_IRQHandler
                0x0000000008000a0c                FPU_IRQHandler
                0x0000000008000a0c                OTG_HS_WKUP_IRQHandler
                0x0000000008000a0c                FDCAN1_IT1_IRQHandler
                0x0000000008000a0c                UsageFault_Handler
                0x0000000008000a0c                LTDC_ER_IRQHandler
                0x0000000008000a0c                HRTIM1_TIME_IRQHandler
                0x0000000008000a0c                TIM6_DAC_IRQHandler
                0x0000000008000a0c                DCMI_IRQHandler
                0x0000000008000a0c                HRTIM1_TIMC_IRQHandler
                0x0000000008000a0c                SAI2_IRQHandler
                0x0000000008000a0c                DFSDM1_FLT3_IRQHandler
                0x0000000008000a0c                TIM17_IRQHandler
                0x0000000008000a0c                CRYP_IRQHandler
                0x0000000008000a0c                BDMA_Channel7_IRQHandler
                0x0000000008000a0c                LPTIM5_IRQHandler
                0x0000000008000a0c                ADC3_IRQHandler
                0x0000000008000a0c                DMA2_Stream0_IRQHandler
                0x0000000008000a0c                BDMA_Channel2_IRQHandler
                0x0000000008000a0c                DMAMUX1_OVR_IRQHandler
                0x0000000008000a0c                TIM16_IRQHandler
                0x0000000008000a0c                BDMA_Channel5_IRQHandler
                0x0000000008000a0c                RCC_IRQHandler
                0x0000000008000a0c                TIM8_BRK_TIM12_IRQHandler
                0x0000000008000a0c                TIM1_TRG_COM_IRQHandler
                0x0000000008000a0c                Default_Handler
                0x0000000008000a0c                ECC_IRQHandler
                0x0000000008000a0c                CEC_IRQHandler
                0x0000000008000a0c                EXTI15_10_IRQHandler
                0x0000000008000a0c                BDMA_Channel0_IRQHandler
                0x0000000008000a0c                ADC_IRQHandler
                0x0000000008000a0c                DMA1_Stream7_IRQHandler
                0x0000000008000a0c                HRTIM1_TIMA_IRQHandler
                0x0000000008000a0c                TIM7_IRQHandler
                0x0000000008000a0c                SDMMC1_IRQHandler
                0x0000000008000a0c                DMA2_Stream7_IRQHandler
                0x0000000008000a0c                TIM15_IRQHandler
                0x0000000008000a0c                PVD_AVD_IRQHandler
                0x0000000008000a0c                EXTI9_5_IRQHandler
                0x0000000008000a0c                RTC_WKUP_IRQHandler
                0x0000000008000a0c                LTDC_IRQHandler
                0x0000000008000a0c                SAI3_IRQHandler
                0x0000000008000a0c                ETH_WKUP_IRQHandler
                0x0000000008000a0c                SPDIF_RX_IRQHandler
                0x0000000008000a0c                MemManage_Handler
                0x0000000008000a0c                SVC_Handler
                0x0000000008000a0c                CRS_IRQHandler
                0x0000000008000a0c                EXTI4_IRQHandler
                0x0000000008000a0c                HRTIM1_TIMB_IRQHandler
                0x0000000008000a0c                FDCAN2_IT1_IRQHandler
                0x0000000008000a0c                ETH_IRQHandler
                0x0000000008000a0c                TIM1_UP_IRQHandler
                0x0000000008000a0c                BDMA_Channel4_IRQHandler
                0x0000000008000a0c                WWDG_IRQHandler
                0x0000000008000a0c                SPI6_IRQHandler
                0x0000000008000a0c                I2C4_EV_IRQHandler
                0x0000000008000a0c                MDIOS_IRQHandler
                0x0000000008000a0c                FDCAN2_IT0_IRQHandler
                0x0000000008000a0c                FDCAN1_IT0_IRQHandler
                0x0000000008000a0c                OTG_FS_WKUP_IRQHandler
                0x0000000008000a0c                DMA2D_IRQHandler
                0x0000000008000a0c                TIM1_BRK_IRQHandler
                0x0000000008000a0c                EXTI1_IRQHandler
                0x0000000008000a0c                SDMMC2_IRQHandler
                0x0000000008000a0c                OTG_FS_EP1_OUT_IRQHandler
                0x0000000008000a0c                BDMA_Channel3_IRQHandler
                0x0000000008000a0c                MDIOS_WKUP_IRQHandler
                0x0000000008000a0c                DFSDM1_FLT0_IRQHandler
                0x0000000008000a0c                SAI4_IRQHandler
                0x0000000008000a0c                I2C2_ER_IRQHandler
                0x0000000008000a0c                DMA2_Stream1_IRQHandler
                0x0000000008000a0c                FLASH_IRQHandler
                0x0000000008000a0c                BusFault_Handler
                0x0000000008000a0c                OTG_FS_IRQHandler
                0x0000000008000a0c                WAKEUP_PIN_IRQHandler
                0x0000000008000a0c                OTG_FS_EP1_IN_IRQHandler
                0x0000000008000a0c                I2C1_ER_IRQHandler
                0x0000000008000a0c                FMC_IRQHandler
                0x0000000008000a0c                FDCAN_CAL_IRQHandler
                0x0000000008000a0c                SWPMI1_IRQHandler
                0x0000000008000a0c                COMP1_IRQHandler
                0x0000000008000a0c                LPTIM1_IRQHandler
                0x0000000008000a0c                I2C4_ER_IRQHandler
                0x0000000008000a0c                DMA2_Stream6_IRQHandler
                0x0000000008000a0c                RTC_Alarm_IRQHandler
 .text.Reset_Handler
                0x0000000008000a10       0x44 build/startup_stm32h750xx.o
                0x0000000008000a10                Reset_Handler
 .text._ZN7daisysp10OscillatorD2Ev
                0x0000000008000a54        0x4 build/DubbyPlayground.o
                0x0000000008000a54                daisysp::Oscillator::~Oscillator()
                0x0000000008000a54                daisysp::Oscillator::~Oscillator()
 .text._ZN5daisy5DubbyD2Ev
                0x0000000008000a58        0x4 build/DubbyPlayground.o
                0x0000000008000a58                daisy::Dubby::~Dubby()
                0x0000000008000a58                daisy::Dubby::~Dubby()
 .text._ZN5daisy11OledDisplayINS_13SSD130xDriverILj128ELj64ENS_24SSD130x4WireSpiTransportEEEED2Ev
                0x0000000008000a5c        0x4 build/DubbyPlayground.o
                0x0000000008000a5c                daisy::OledDisplay<daisy::SSD130xDriver<128u, 64u, daisy::SSD130x4WireSpiTransport> >::~OledDisplay()
                0x0000000008000a5c                daisy::OledDisplay<daisy::SSD130xDriver<128u, 64u, daisy::SSD130x4WireSpiTransport> >::~OledDisplay()
 .text._ZNK5daisy11OledDisplayINS_13SSD130xDriverILj128ELj64ENS_24SSD130x4WireSpiTransportEEEE6HeightEv
                0x0000000008000a60        0x4 build/DubbyPlayground.o
                0x0000000008000a60                daisy::OledDisplay<daisy::SSD130xDriver<128u, 64u, daisy::SSD130x4WireSpiTransport> >::Height() const
 .text._ZNK5daisy11OledDisplayINS_13SSD130xDriverILj128ELj64ENS_24SSD130x4WireSpiTransportEEEE5WidthEv
                0x0000000008000a64        0x4 build/DubbyPlayground.o
                0x0000000008000a64                daisy::OledDisplay<daisy::SSD130xDriver<128u, 64u, daisy::SSD130x4WireSpiTransport> >::Width() const
 .text._ZN5daisy11OledDisplayINS_13SSD130xDriverILj128ELj64ENS_24SSD130x4WireSpiTransportEEEE4FillEb
                0x0000000008000a68       0x10 build/DubbyPlayground.o
                0x0000000008000a68                daisy::OledDisplay<daisy::SSD130xDriver<128u, 64u, daisy::SSD130x4WireSpiTransport> >::Fill(bool)
 .text._Z13AudioCallbackPKPKfPPfj
                0x0000000008000a78       0xf4 build/DubbyPlayground.o
                0x0000000008000a78                AudioCallback(float const* const*, float**, unsigned int)
 .text._ZN5daisy11OledDisplayINS_13SSD130xDriverILj128ELj64ENS_24SSD130x4WireSpiTransportEEEED0Ev
                0x0000000008000b6c       0x10 build/DubbyPlayground.o
                0x0000000008000b6c                daisy::OledDisplay<daisy::SSD130xDriver<128u, 64u, daisy::SSD130x4WireSpiTransport> >::~OledDisplay()
 .text._ZN5daisy11OledDisplayINS_13SSD130xDriverILj128ELj64ENS_24SSD130x4WireSpiTransportEEEE6UpdateEv
                0x0000000008000b7c       0x8c build/DubbyPlayground.o
                0x0000000008000b7c                daisy::OledDisplay<daisy::SSD130xDriver<128u, 64u, daisy::SSD130x4WireSpiTransport> >::Update()
 .text._ZN5daisy25OneBitGraphicsDisplayImplINS_11OledDisplayINS_13SSD130xDriverILj128ELj64ENS_24SSD130x4WireSpiTransportEEEEEE11WriteStringEPKc7FontDefb
                0x0000000008000c08      0x1c0 build/DubbyPlayground.o
                0x0000000008000c08                daisy::OneBitGraphicsDisplayImpl<daisy::OledDisplay<daisy::SSD130xDriver<128u, 64u, daisy::SSD130x4WireSpiTransport> > >::WriteString(char const*, FontDef, bool)
 .text._ZN5daisy25OneBitGraphicsDisplayImplINS_11OledDisplayINS_13SSD130xDriverILj128ELj64ENS_24SSD130x4WireSpiTransportEEEEEE9WriteCharEc7FontDefb
                0x0000000008000dc8      0x1a0 build/DubbyPlayground.o
                0x0000000008000dc8                daisy::OneBitGraphicsDisplayImpl<daisy::OledDisplay<daisy::SSD130xDriver<128u, 64u, daisy::SSD130x4WireSpiTransport> > >::WriteChar(char, FontDef, bool)
 .text._ZN5daisy25OneBitGraphicsDisplayImplINS_11OledDisplayINS_13SSD130xDriverILj128ELj64ENS_24SSD130x4WireSpiTransportEEEEEE18WriteStringAlignedEPKcRK7FontDefNS_9RectangleENS_9AlignmentEb
                0x0000000008000f68      0x3ec build/DubbyPlayground.o
                0x0000000008000f68                daisy::OneBitGraphicsDisplayImpl<daisy::OledDisplay<daisy::SSD130xDriver<128u, 64u, daisy::SSD130x4WireSpiTransport> > >::WriteStringAligned(char const*, FontDef const&, daisy::Rectangle, daisy::Alignment, bool)
 .text._ZN5daisy11OledDisplayINS_13SSD130xDriverILj128ELj64ENS_24SSD130x4WireSpiTransportEEEE9DrawPixelEjjb
                0x0000000008001354       0x44 build/DubbyPlayground.o
                0x0000000008001354                daisy::OledDisplay<daisy::SSD130xDriver<128u, 64u, daisy::SSD130x4WireSpiTransport> >::DrawPixel(unsigned int, unsigned int, bool)
 .text._ZN5daisy25OneBitGraphicsDisplayImplINS_11OledDisplayINS_13SSD130xDriverILj128ELj64ENS_24SSD130x4WireSpiTransportEEEEEE8DrawLineEjjjjb
                0x0000000008001398       0xfc build/DubbyPlayground.o
                0x0000000008001398                daisy::OneBitGraphicsDisplayImpl<daisy::OledDisplay<daisy::SSD130xDriver<128u, 64u, daisy::SSD130x4WireSpiTransport> > >::DrawLine(unsigned int, unsigned int, unsigned int, unsigned int, bool)
 *fill*         0x0000000008001494        0x4 
 .text._ZN5daisy25OneBitGraphicsDisplayImplINS_11OledDisplayINS_13SSD130xDriverILj128ELj64ENS_24SSD130x4WireSpiTransportEEEEEE7DrawArcEjjjiib
                0x0000000008001498      0x478 build/DubbyPlayground.o
                0x0000000008001498                daisy::OneBitGraphicsDisplayImpl<daisy::OledDisplay<daisy::SSD130xDriver<128u, 64u, daisy::SSD130x4WireSpiTransport> > >::DrawArc(unsigned int, unsigned int, unsigned int, int, int, bool)
 .text._ZN5daisy25OneBitGraphicsDisplayImplINS_11OledDisplayINS_13SSD130xDriverILj128ELj64ENS_24SSD130x4WireSpiTransportEEEEEE8DrawRectEjjjjbb
                0x0000000008001910      0x418 build/DubbyPlayground.o
                0x0000000008001910                daisy::OneBitGraphicsDisplayImpl<daisy::OledDisplay<daisy::SSD130xDriver<128u, 64u, daisy::SSD130x4WireSpiTransport> > >::DrawRect(unsigned int, unsigned int, unsigned int, unsigned int, bool, bool)
 .text._ZN5daisy5DubbyC2Ev
                0x0000000008001d28       0xd8 build/DubbyPlayground.o
                0x0000000008001d28                daisy::Dubby::Dubby()
                0x0000000008001d28                daisy::Dubby::Dubby()
 .text._Z17HandleMidiMessageN5daisy9MidiEventE
                0x0000000008001e00       0x90 build/DubbyPlayground.o
                0x0000000008001e00                HandleMidiMessage(daisy::MidiEvent)
 .text._ZN5daisy11MidiHandlerINS_17MidiUartTransportEE5ParseEh
                0x0000000008001e90      0x2c0 build/DubbyPlayground.o
                0x0000000008001e90                daisy::MidiHandler<daisy::MidiUartTransport>::Parse(unsigned char)
 .text.startup.main
                0x0000000008002150      0x144 build/DubbyPlayground.o
                0x0000000008002150                main
 .text.startup._GLOBAL__sub_I_dubby
                0x0000000008002294       0x38 build/DubbyPlayground.o
 .text._ZN5daisy5Dubby11RenderScopeEv.part.0
                0x00000000080022cc      0x1ec build/Dubby.o
 .text._ZN5daisy5Dubby12InitControlsEv
                0x00000000080024b8       0xd8 build/Dubby.o
                0x00000000080024b8                daisy::Dubby::InitControls()
 .text._ZN5daisy5Dubby11InitButtonsEv
                0x0000000008002590       0x84 build/Dubby.o
                0x0000000008002590                daisy::Dubby::InitButtons()
 .text._ZN5daisy5Dubby8InitMidiEv
                0x0000000008002614       0x58 build/Dubby.o
                0x0000000008002614                daisy::Dubby::InitMidi()
 .text._ZN5daisy5Dubby10DrawBitmapEi
                0x000000000800266c      0x130 build/Dubby.o
                0x000000000800266c                daisy::Dubby::DrawBitmap(int)
 .text._ZN5daisy5Dubby8DrawLogoEv
                0x000000000800279c        0x8 build/Dubby.o
                0x000000000800279c                daisy::Dubby::DrawLogo()
 .text._ZN5daisy5Dubby9UpdateBarEi
                0x00000000080027a4      0x410 build/Dubby.o
                0x00000000080027a4                daisy::Dubby::UpdateBar(int)
 .text._ZN5daisy5Dubby18ProcessAllControlsEv
                0x0000000008002bb4       0x44 build/Dubby.o
                0x0000000008002bb4                daisy::Dubby::ProcessAllControls()
 .text._ZN5daisy5Dubby9InitAudioEv
                0x0000000008002bf8      0x110 build/Dubby.o
                0x0000000008002bf8                daisy::Dubby::InitAudio()
 .text._ZN5daisy5Dubby18HightlightMenuItemEv
                0x0000000008002d08      0x1f0 build/Dubby.o
                0x0000000008002d08                daisy::Dubby::HightlightMenuItem()
 .text._ZN5daisy5Dubby11ReleaseMenuEv
                0x0000000008002ef8      0x434 build/Dubby.o
                0x0000000008002ef8                daisy::Dubby::ReleaseMenu()
 .text._ZN5daisy5Dubby22DisplayPreferencesMenuEv
                0x000000000800332c      0x42c build/Dubby.o
                0x000000000800332c                daisy::Dubby::DisplayPreferencesMenu()
 .text._ZN5daisy5Dubby13UpdateSubmenuEv
                0x0000000008003758       0xbc build/Dubby.o
                0x0000000008003758                daisy::Dubby::UpdateSubmenu()
 .text._ZN5daisy5Dubby10UpdateMenuEib
                0x0000000008003814       0xc8 build/Dubby.o
                0x0000000008003814                daisy::Dubby::UpdateMenu(int, bool)
 .text._ZN5daisy5Dubby17ResetToBootloaderEv
                0x00000000080038dc       0xbc build/Dubby.o
                0x00000000080038dc                daisy::Dubby::ResetToBootloader()
 .text._ZN5daisy5Dubby13UpdateDisplayEv
                0x0000000008003998      0x1a0 build/Dubby.o
                0x0000000008003998                daisy::Dubby::UpdateDisplay()
 .text._ZN5daisy13SSD130xDriverILj128ELj64ENS_24SSD130x4WireSpiTransportEE4InitENS2_6ConfigE
                0x0000000008003b38      0x2ec build/Dubby.o
                0x0000000008003b38                daisy::SSD130xDriver<128u, 64u, daisy::SSD130x4WireSpiTransport>::Init(daisy::SSD130xDriver<128u, 64u, daisy::SSD130x4WireSpiTransport>::Config)
 .text._ZN5daisy5Dubby11InitDisplayEv
                0x0000000008003e24       0x8c build/Dubby.o
                0x0000000008003e24                daisy::Dubby::InitDisplay()
 .text._ZN5daisy5Dubby4InitEv
                0x0000000008003eb0       0x90 build/Dubby.o
                0x0000000008003eb0                daisy::Dubby::Init()
 .text._ZN5daisy9DaisySeed6GetPinEh
                0x0000000008003f40       0x2c ../../libDaisy//build/libdaisy.a(daisy_seed.o)
                0x0000000008003f40                daisy::DaisySeed::GetPin(unsigned char)
 .text._ZN5daisy9DaisySeed10StartAudioEPFvPKPKfPPfjE
                0x0000000008003f6c        0x8 ../../libDaisy//build/libdaisy.a(daisy_seed.o)
                0x0000000008003f6c                daisy::DaisySeed::StartAudio(void (*)(float const* const*, float**, unsigned int))
 .text._ZN5daisy9DaisySeed18SetAudioSampleRateENS_9SaiHandle6Config10SampleRateE
                0x0000000008003f74       0x38 ../../libDaisy//build/libdaisy.a(daisy_seed.o)
                0x0000000008003f74                daisy::DaisySeed::SetAudioSampleRate(daisy::SaiHandle::Config::SampleRate)
 .text._ZN5daisy9DaisySeed17SetAudioBlockSizeEj
                0x0000000008003fac       0x38 ../../libDaisy//build/libdaisy.a(daisy_seed.o)
                0x0000000008003fac                daisy::DaisySeed::SetAudioBlockSize(unsigned int)
 .text._ZNK5daisy9DaisySeed17AudioCallbackRateEv
                0x0000000008003fe4        0x8 ../../libDaisy//build/libdaisy.a(daisy_seed.o)
                0x0000000008003fe4                daisy::DaisySeed::AudioCallbackRate() const
 .text._ZN5daisy9DaisySeed14ConfigureAudioEv
                0x0000000008003fec       0xd0 ../../libDaisy//build/libdaisy.a(daisy_seed.o)
                0x0000000008003fec                daisy::DaisySeed::ConfigureAudio()
 .text._ZN5daisy9DaisySeed4InitEb
                0x00000000080040bc       0xf0 ../../libDaisy//build/libdaisy.a(daisy_seed.o)
                0x00000000080040bc                daisy::DaisySeed::Init(bool)
 .text._ZN5daisy9DaisySeed17CheckBoardVersionEv
                0x00000000080041ac       0x30 ../../libDaisy//build/libdaisy.a(daisy_seed.o)
                0x00000000080041ac                daisy::DaisySeed::CheckBoardVersion()
 .text._ZN5daisy6Ak45564InitE12dsy_gpio_pin
                0x00000000080041dc       0x44 ../../libDaisy//build/libdaisy.a(codec_ak4556.o)
                0x00000000080041dc                daisy::Ak4556::Init(dsy_gpio_pin)
 .text._ZN5daisy7Pcm30604InitENS_9I2CHandleE
                0x0000000008004220      0x16c ../../libDaisy//build/libdaisy.a(codec_pcm3060.o)
                0x0000000008004220                daisy::Pcm3060::Init(daisy::I2CHandle)
 .text._ZN5daisy6Wm873120WriteControlRegisterEht
                0x000000000800438c       0x3c ../../libDaisy//build/libdaisy.a(codec_wm8731.o)
                0x000000000800438c                daisy::Wm8731::WriteControlRegister(unsigned char, unsigned short)
 .text._ZN5daisy6Wm87314InitERKNS0_6ConfigENS_9I2CHandleE
                0x00000000080043c8      0x1bc ../../libDaisy//build/libdaisy.a(codec_wm8731.o)
                0x00000000080043c8                daisy::Wm8731::Init(daisy::Wm8731::Config const&, daisy::I2CHandle)
 .text._ZN11SdramHandle10DeviceInitEv
                0x0000000008004584       0x98 ../../libDaisy//build/libdaisy.a(sdram.o)
                0x0000000008004584                SdramHandle::DeviceInit()
 .text._ZN11SdramHandle4InitEv
                0x000000000800461c       0x7c ../../libDaisy//build/libdaisy.a(sdram.o)
                0x000000000800461c                SdramHandle::Init()
 .text.HAL_SDRAM_MspInit
                0x0000000008004698      0x1a8 ../../libDaisy//build/libdaisy.a(sdram.o)
                0x0000000008004698                HAL_SDRAM_MspInit
 .text._ZN5daisy11AudioHandle4Impl16InternalCallbackEPlS2_j
                0x0000000008004840      0xbbc ../../libDaisy//build/libdaisy.a(audio.o)
                0x0000000008004840                daisy::AudioHandle::Impl::InternalCallback(long*, long*, unsigned int)
 .text._ZN5daisy11AudioHandle4InitERKNS0_6ConfigENS_9SaiHandleE
                0x00000000080053fc       0x70 ../../libDaisy//build/libdaisy.a(audio.o)
                0x00000000080053fc                daisy::AudioHandle::Init(daisy::AudioHandle::Config const&, daisy::SaiHandle)
 .text._ZN5daisy11AudioHandle4InitERKNS0_6ConfigENS_9SaiHandleES4_
                0x000000000800546c       0x88 ../../libDaisy//build/libdaisy.a(audio.o)
                0x000000000800546c                daisy::AudioHandle::Init(daisy::AudioHandle::Config const&, daisy::SaiHandle, daisy::SaiHandle)
 .text._ZNK5daisy11AudioHandle9GetConfigEv
                0x00000000080054f4        0x8 ../../libDaisy//build/libdaisy.a(audio.o)
                0x00000000080054f4                daisy::AudioHandle::GetConfig() const
 .text._ZN5daisy11AudioHandle12SetBlockSizeEj
                0x00000000080054fc       0x1c ../../libDaisy//build/libdaisy.a(audio.o)
                0x00000000080054fc                daisy::AudioHandle::SetBlockSize(unsigned int)
 .text._ZN5daisy11AudioHandle13GetSampleRateEv
                0x0000000008005518        0x8 ../../libDaisy//build/libdaisy.a(audio.o)
                0x0000000008005518                daisy::AudioHandle::GetSampleRate()
 .text._ZN5daisy11AudioHandle13SetSampleRateENS_9SaiHandle6Config10SampleRateE
                0x0000000008005520       0x88 ../../libDaisy//build/libdaisy.a(audio.o)
                0x0000000008005520                daisy::AudioHandle::SetSampleRate(daisy::SaiHandle::Config::SampleRate)
 .text._ZN5daisy11AudioHandle5StartEPFvPKPKfPPfjE
                0x00000000080055a8       0x44 ../../libDaisy//build/libdaisy.a(audio.o)
                0x00000000080055a8                daisy::AudioHandle::Start(void (*)(float const* const*, float**, unsigned int))
 .text.startup._GLOBAL__sub_I__ZN5daisy11AudioHandle4Impl4InitENS0_6ConfigENS_9SaiHandleE
                0x00000000080055ec       0x24 ../../libDaisy//build/libdaisy.a(audio.o)
 .text._ZN5daisy13AnalogControl4InitEPtfbbf
                0x0000000008005610       0x64 ../../libDaisy//build/libdaisy.a(ctrl.o)
                0x0000000008005610                daisy::AnalogControl::Init(unsigned short*, float, bool, bool, float)
 .text._ZN5daisy13AnalogControl7ProcessEv
                0x0000000008005674       0x48 ../../libDaisy//build/libdaisy.a(ctrl.o)
                0x0000000008005674                daisy::AnalogControl::Process()
 .text._ZN5daisy7Encoder4InitE12dsy_gpio_pinS1_S1_f
                0x00000000080056bc       0x60 ../../libDaisy//build/libdaisy.a(encoder.o)
                0x00000000080056bc                daisy::Encoder::Init(dsy_gpio_pin, dsy_gpio_pin, dsy_gpio_pin, float)
 .text._ZN5daisy7Encoder8DebounceEv
                0x000000000800571c       0x7c ../../libDaisy//build/libdaisy.a(encoder.o)
                0x000000000800571c                daisy::Encoder::Debounce()
 .text._ZN5daisy6Switch4InitE12dsy_gpio_pinf
                0x0000000008005798       0x34 ../../libDaisy//build/libdaisy.a(switch.o)
                0x0000000008005798                daisy::Switch::Init(dsy_gpio_pin, float)
 .text._ZN5daisy6Switch8DebounceEv
                0x00000000080057cc       0x5c ../../libDaisy//build/libdaisy.a(switch.o)
                0x00000000080057cc                daisy::Switch::Debounce()
 .text._ZN5daisy16AdcChannelConfig10InitSingleE12dsy_gpio_pin
                0x0000000008005828       0x1c ../../libDaisy//build/libdaisy.a(adc.o)
                0x0000000008005828                daisy::AdcChannelConfig::InitSingle(dsy_gpio_pin)
 .text._ZN5daisy9AdcHandle4InitEPNS_16AdcChannelConfigEjNS0_12OverSamplingE
                0x0000000008005844      0x3c8 ../../libDaisy//build/libdaisy.a(adc.o)
                0x0000000008005844                daisy::AdcHandle::Init(daisy::AdcChannelConfig*, unsigned int, daisy::AdcHandle::OverSampling)
 .text._ZN5daisy9AdcHandle5StartEv
                0x0000000008005c0c       0x2c ../../libDaisy//build/libdaisy.a(adc.o)
                0x0000000008005c0c                daisy::AdcHandle::Start()
 .text._ZNK5daisy9AdcHandle6GetPtrEh
                0x0000000008005c38       0x14 ../../libDaisy//build/libdaisy.a(adc.o)
                0x0000000008005c38                daisy::AdcHandle::GetPtr(unsigned char) const
 .text.HAL_ADC_MspInit
                0x0000000008005c4c       0x98 ../../libDaisy//build/libdaisy.a(adc.o)
                0x0000000008005c4c                HAL_ADC_MspInit
 .text.DMA1_Stream2_IRQHandler
                0x0000000008005ce4        0xc ../../libDaisy//build/libdaisy.a(adc.o)
                0x0000000008005ce4                DMA1_Stream2_IRQHandler
 .text.HAL_ADC_ConvCpltCallback
                0x0000000008005cf0      0x148 ../../libDaisy//build/libdaisy.a(adc.o)
                0x0000000008005cf0                HAL_ADC_ConvCpltCallback
 .text.HAL_ADC_ErrorCallback
                0x0000000008005e38        0x4 ../../libDaisy//build/libdaisy.a(adc.o)
                0x0000000008005e38                HAL_ADC_ErrorCallback
 .text.dsy_gpio_init
                0x0000000008005e3c      0x1b8 ../../libDaisy//build/libdaisy.a(gpio.o)
                0x0000000008005e3c                dsy_gpio_init
 .text.dsy_gpio_read
                0x0000000008005ff4       0x1c ../../libDaisy//build/libdaisy.a(gpio.o)
                0x0000000008005ff4                dsy_gpio_read
 .text.dsy_gpio_write
                0x0000000008006010       0x24 ../../libDaisy//build/libdaisy.a(gpio.o)
                0x0000000008006010                dsy_gpio_write
 .text._ZN5daisy9I2CHandle4Impl8InitPinsEv
                0x0000000008006034       0x58 ../../libDaisy//build/libdaisy.a(i2c.o)
                0x0000000008006034                daisy::I2CHandle::Impl::InitPins()
 .text.HAL_I2C_MspInit
                0x000000000800608c      0x1b4 ../../libDaisy//build/libdaisy.a(i2c.o)
                0x000000000800608c                HAL_I2C_MspInit
 .text.dsy_i2c_global_init
                0x0000000008006240       0x78 ../../libDaisy//build/libdaisy.a(i2c.o)
                0x0000000008006240                dsy_i2c_global_init
 .text.DMA1_Stream6_IRQHandler
                0x00000000080062b8       0x34 ../../libDaisy//build/libdaisy.a(i2c.o)
                0x00000000080062b8                DMA1_Stream6_IRQHandler
 .text.I2C1_EV_IRQHandler
                0x00000000080062ec        0xc ../../libDaisy//build/libdaisy.a(i2c.o)
                0x00000000080062ec                I2C1_EV_IRQHandler
 .text.I2C2_EV_IRQHandler
                0x00000000080062f8        0xc ../../libDaisy//build/libdaisy.a(i2c.o)
                0x00000000080062f8                I2C2_EV_IRQHandler
 .text.I2C3_EV_IRQHandler
                0x0000000008006304        0xc ../../libDaisy//build/libdaisy.a(i2c.o)
                0x0000000008006304                I2C3_EV_IRQHandler
 .text._ZN5daisy9I2CHandle4InitERKNS0_6ConfigE
                0x0000000008006310      0x12c ../../libDaisy//build/libdaisy.a(i2c.o)
                0x0000000008006310                daisy::I2CHandle::Init(daisy::I2CHandle::Config const&)
 .text._ZN5daisy9I2CHandle16TransmitBlockingEtPhtm
                0x000000000800643c       0x50 ../../libDaisy//build/libdaisy.a(i2c.o)
                0x000000000800643c                daisy::I2CHandle::TransmitBlocking(unsigned short, unsigned char*, unsigned short, unsigned long)
 .text._ZN5daisy9I2CHandle17ReadDataAtAddressEtttPhtm
                0x000000000800648c       0x4c ../../libDaisy//build/libdaisy.a(i2c.o)
                0x000000000800648c                daisy::I2CHandle::ReadDataAtAddress(unsigned short, unsigned short, unsigned short, unsigned char*, unsigned short, unsigned long)
 .text._ZN5daisy9I2CHandle18WriteDataAtAddressEtttPhtm
                0x00000000080064d8       0x4c ../../libDaisy//build/libdaisy.a(i2c.o)
                0x00000000080064d8                daisy::I2CHandle::WriteDataAtAddress(unsigned short, unsigned short, unsigned short, unsigned char*, unsigned short, unsigned long)
 .text.startup._GLOBAL__sub_I__ZN5daisy9I2CHandle4Impl10GlobalInitEv
                0x0000000008006524       0x18 ../../libDaisy//build/libdaisy.a(i2c.o)
 .text._ZN5daisy10QSPIHandle4Impl11WriteEnableEv
                0x000000000800653c       0x8c ../../libDaisy//build/libdaisy.a(qspi.o)
                0x000000000800653c                daisy::QSPIHandle::Impl::WriteEnable()
 .text._ZN5daisy10QSPIHandle4Impl17DummyCyclesConfigENS0_6Config6DeviceE
                0x00000000080065c8      0x118 ../../libDaisy//build/libdaisy.a(qspi.o)
                0x00000000080065c8                daisy::QSPIHandle::Impl::DummyCyclesConfig(daisy::QSPIHandle::Config::Device)
 .text._ZN5daisy10QSPIHandle4Impl10QuadEnableEv
                0x00000000080066e0      0x158 ../../libDaisy//build/libdaisy.a(qspi.o)
                0x00000000080066e0                daisy::QSPIHandle::Impl::QuadEnable()
 .text._ZN5daisy10QSPIHandle4InitERKNS0_6ConfigE
                0x0000000008006838      0x198 ../../libDaisy//build/libdaisy.a(qspi.o)
                0x0000000008006838                daisy::QSPIHandle::Init(daisy::QSPIHandle::Config const&)
 .text.HAL_QSPI_MspInit
                0x00000000080069d0      0x11c ../../libDaisy//build/libdaisy.a(qspi.o)
                0x00000000080069d0                HAL_QSPI_MspInit
 .text.HAL_QSPI_MspDeInit
                0x0000000008006aec       0x54 ../../libDaisy//build/libdaisy.a(qspi.o)
                0x0000000008006aec                HAL_QSPI_MspDeInit
 .text.QUADSPI_IRQHandler
                0x0000000008006b40        0xc ../../libDaisy//build/libdaisy.a(qspi.o)
                0x0000000008006b40                QUADSPI_IRQHandler
 .text.startup._GLOBAL__sub_I__ZN5daisy10QSPIHandle4Impl4InitERKNS0_6ConfigE
                0x0000000008006b4c       0x28 ../../libDaisy//build/libdaisy.a(qspi.o)
 .text._ZN5daisy9SaiHandle4Impl7InitDmaENS1_15PeripheralBlockE
                0x0000000008006b74       0xa0 ../../libDaisy//build/libdaisy.a(sai.o)
                0x0000000008006b74                daisy::SaiHandle::Impl::InitDma(daisy::SaiHandle::Impl::PeripheralBlock)
 .text._ZN5daisy9SaiHandle4Impl8InitPinsEv
                0x0000000008006c14       0xa8 ../../libDaisy//build/libdaisy.a(sai.o)
                0x0000000008006c14                daisy::SaiHandle::Impl::InitPins()
 .text.HAL_SAI_MspInit
                0x0000000008006cbc      0x164 ../../libDaisy//build/libdaisy.a(sai.o)
                0x0000000008006cbc                HAL_SAI_MspInit
 .text.DMA1_Stream0_IRQHandler
                0x0000000008006e20        0xc ../../libDaisy//build/libdaisy.a(sai.o)
                0x0000000008006e20                DMA1_Stream0_IRQHandler
 .text.DMA1_Stream1_IRQHandler
                0x0000000008006e2c        0xc ../../libDaisy//build/libdaisy.a(sai.o)
                0x0000000008006e2c                DMA1_Stream1_IRQHandler
 .text.DMA1_Stream3_IRQHandler
                0x0000000008006e38        0xc ../../libDaisy//build/libdaisy.a(sai.o)
                0x0000000008006e38                DMA1_Stream3_IRQHandler
 .text.DMA1_Stream4_IRQHandler
                0x0000000008006e44        0xc ../../libDaisy//build/libdaisy.a(sai.o)
                0x0000000008006e44                DMA1_Stream4_IRQHandler
 .text.HAL_SAI_RxHalfCpltCallback
                0x0000000008006e50       0x78 ../../libDaisy//build/libdaisy.a(sai.o)
                0x0000000008006e50                HAL_SAI_RxHalfCpltCallback
 .text.HAL_SAI_RxCpltCallback
                0x0000000008006ec8       0x70 ../../libDaisy//build/libdaisy.a(sai.o)
                0x0000000008006ec8                HAL_SAI_RxCpltCallback
 .text._ZN5daisy9SaiHandle4InitERKNS0_6ConfigE
                0x0000000008006f38      0x1f0 ../../libDaisy//build/libdaisy.a(sai.o)
                0x0000000008006f38                daisy::SaiHandle::Init(daisy::SaiHandle::Config const&)
 .text._ZNK5daisy9SaiHandle9GetConfigEv
                0x0000000008007128        0x4 ../../libDaisy//build/libdaisy.a(sai.o)
                0x0000000008007128                daisy::SaiHandle::GetConfig() const
 .text._ZN5daisy9SaiHandle8StartDmaEPlS1_jPFvS1_S1_jE
                0x000000000800712c       0xbc ../../libDaisy//build/libdaisy.a(sai.o)
                0x000000000800712c                daisy::SaiHandle::StartDma(long*, long*, unsigned int, void (*)(long*, long*, unsigned int))
 .text._ZN5daisy9SaiHandle13GetSampleRateEv
                0x00000000080071e8       0x24 ../../libDaisy//build/libdaisy.a(sai.o)
                0x00000000080071e8                daisy::SaiHandle::GetSampleRate()
 .text._ZNK5daisy9SaiHandle9GetOffsetEv
                0x000000000800720c        0x8 ../../libDaisy//build/libdaisy.a(sai.o)
                0x000000000800720c                daisy::SaiHandle::GetOffset() const
 .text._ZN5daisy9SpiHandle4Impl7InitDmaEv
                0x0000000008007214       0xec ../../libDaisy//build/libdaisy.a(spi.o)
                0x0000000008007214                daisy::SpiHandle::Impl::InitDma()
 .text._ZN5daisy9SpiHandle4Impl10StartDmaTxEPhjPFvPvEPFvS3_NS0_6ResultEES3_
                0x0000000008007300       0xc8 ../../libDaisy//build/libdaisy.a(spi.o)
                0x0000000008007300                daisy::SpiHandle::Impl::StartDmaTx(unsigned char*, unsigned int, void (*)(void*), void (*)(void*, daisy::SpiHandle::Result), void*)
 .text._ZN5daisy9SpiHandle4Impl10StartDmaRxEPhjPFvPvEPFvS3_NS0_6ResultEES3_
                0x00000000080073c8       0xc8 ../../libDaisy//build/libdaisy.a(spi.o)
                0x00000000080073c8                daisy::SpiHandle::Impl::StartDmaRx(unsigned char*, unsigned int, void (*)(void*), void (*)(void*, daisy::SpiHandle::Result), void*)
 .text._ZN5daisy9SpiHandle4Impl12StartDmaRxTxEPhS2_jPFvPvEPFvS3_NS0_6ResultEES3_
                0x0000000008007490       0xcc ../../libDaisy//build/libdaisy.a(spi.o)
                0x0000000008007490                daisy::SpiHandle::Impl::StartDmaRxTx(unsigned char*, unsigned char*, unsigned int, void (*)(void*), void (*)(void*, daisy::SpiHandle::Result), void*)
 .text._ZN5daisy9SpiHandle4Impl8InitPinsEv
                0x000000000800755c      0x274 ../../libDaisy//build/libdaisy.a(spi.o)
                0x000000000800755c                daisy::SpiHandle::Impl::InitPins()
 .text.HAL_SPI_MspInit
                0x00000000080077d0      0x1a8 ../../libDaisy//build/libdaisy.a(spi.o)
                0x00000000080077d0                HAL_SPI_MspInit
 .text.dsy_spi_global_init
                0x0000000008007978       0x80 ../../libDaisy//build/libdaisy.a(spi.o)
                0x0000000008007978                dsy_spi_global_init
 .text.SPI1_IRQHandler
                0x00000000080079f8        0xc ../../libDaisy//build/libdaisy.a(spi.o)
                0x00000000080079f8                SPI1_IRQHandler
 .text.SPI2_IRQHandler
                0x0000000008007a04        0xc ../../libDaisy//build/libdaisy.a(spi.o)
                0x0000000008007a04                SPI2_IRQHandler
 .text.SPI3_IRQHandler
                0x0000000008007a10        0xc ../../libDaisy//build/libdaisy.a(spi.o)
                0x0000000008007a10                SPI3_IRQHandler
 .text.SPI4_IRQHandler
                0x0000000008007a1c        0xc ../../libDaisy//build/libdaisy.a(spi.o)
                0x0000000008007a1c                SPI4_IRQHandler
 .text.SPI5_IRQHandler
                0x0000000008007a28        0xc ../../libDaisy//build/libdaisy.a(spi.o)
                0x0000000008007a28                SPI5_IRQHandler
 .text.DMA2_Stream2_IRQHandler
                0x0000000008007a34       0x34 ../../libDaisy//build/libdaisy.a(spi.o)
                0x0000000008007a34                DMA2_Stream2_IRQHandler
 .text.DMA2_Stream3_IRQHandler
                0x0000000008007a68       0x38 ../../libDaisy//build/libdaisy.a(spi.o)
                0x0000000008007a68                DMA2_Stream3_IRQHandler
 .text.HAL_SPI_TxCpltCallback
                0x0000000008007aa0       0xc4 ../../libDaisy//build/libdaisy.a(spi.o)
                0x0000000008007aa0                HAL_SPI_TxCpltCallback
 .text.HAL_SPI_RxCpltCallback
                0x0000000008007b64       0xc4 ../../libDaisy//build/libdaisy.a(spi.o)
                0x0000000008007b64                HAL_SPI_RxCpltCallback
 .text.HAL_SPI_TxRxCpltCallback
                0x0000000008007c28       0xc4 ../../libDaisy//build/libdaisy.a(spi.o)
                0x0000000008007c28                HAL_SPI_TxRxCpltCallback
 .text.HAL_SPI_ErrorCallback
                0x0000000008007cec       0xc8 ../../libDaisy//build/libdaisy.a(spi.o)
                0x0000000008007cec                HAL_SPI_ErrorCallback
 .text._ZN5daisy9SpiHandle4InitERKNS0_6ConfigE
                0x0000000008007db4      0x10c ../../libDaisy//build/libdaisy.a(spi.o)
                0x0000000008007db4                daisy::SpiHandle::Init(daisy::SpiHandle::Config const&)
 .text._ZN5daisy9SpiHandle16BlockingTransmitEPhjm
                0x0000000008007ec0       0x14 ../../libDaisy//build/libdaisy.a(spi.o)
                0x0000000008007ec0                daisy::SpiHandle::BlockingTransmit(unsigned char*, unsigned int, unsigned long)
 .text.startup._GLOBAL__sub_I__Z19MapInstanceToHandleP11SPI_TypeDef
                0x0000000008007ed4      0x1b0 ../../libDaisy//build/libdaisy.a(spi.o)
 .text._ZN5daisy11UartHandler4Impl7InitDmaEbb
                0x0000000008008084      0x164 ../../libDaisy//build/libdaisy.a(uart.o)
                0x0000000008008084                daisy::UartHandler::Impl::InitDma(bool, bool)
 .text._ZN5daisy11UartHandler4Impl10HandleFifoEv
                0x00000000080081e8       0xec ../../libDaisy//build/libdaisy.a(uart.o)
                0x00000000080081e8                daisy::UartHandler::Impl::HandleFifo()
 .text._ZN5daisy11UartHandler4Impl10DmaReceiveEPhjPFvPvEPFvS3_NS0_6ResultEES3_.constprop.0
                0x00000000080082d4      0x108 ../../libDaisy//build/libdaisy.a(uart.o)
 .text._ZN5daisy11UartHandler4Impl25DmaReceiveFifoEndCallbackEPvNS0_6ResultE
                0x00000000080083dc       0x2c ../../libDaisy//build/libdaisy.a(uart.o)
                0x00000000080083dc                daisy::UartHandler::Impl::DmaReceiveFifoEndCallback(void*, daisy::UartHandler::Result)
 .text._ZN5daisy11UartHandler4Impl10StartDmaTxEPhjPFvPvEPFvS3_NS0_6ResultEES3_
                0x0000000008008408       0xcc ../../libDaisy//build/libdaisy.a(uart.o)
                0x0000000008008408                daisy::UartHandler::Impl::StartDmaTx(unsigned char*, unsigned int, void (*)(void*), void (*)(void*, daisy::UartHandler::Result), void*)
 .text._ZN5daisy11UartHandler4Impl10StartDmaRxEPhjPFvPvEPFvS3_NS0_6ResultEES3_
                0x00000000080084d4       0xcc ../../libDaisy//build/libdaisy.a(uart.o)
                0x00000000080084d4                daisy::UartHandler::Impl::StartDmaRx(unsigned char*, unsigned int, void (*)(void*), void (*)(void*, daisy::UartHandler::Result), void*)
 .text._ZN5daisy11UartHandler4Impl19DmaTransferFinishedEP20__UART_HandleTypeDefNS0_6ResultE
                0x00000000080085a0       0xc0 ../../libDaisy//build/libdaisy.a(uart.o)
                0x00000000080085a0                daisy::UartHandler::Impl::DmaTransferFinished(__UART_HandleTypeDef*, daisy::UartHandler::Result)
 .text._ZN5daisy11UartHandler4Impl8InitPinsEv
                0x0000000008008660      0x150 ../../libDaisy//build/libdaisy.a(uart.o)
                0x0000000008008660                daisy::UartHandler::Impl::InitPins()
 .text.HAL_UART_MspInit
                0x00000000080087b0      0x210 ../../libDaisy//build/libdaisy.a(uart.o)
                0x00000000080087b0                HAL_UART_MspInit
 .text.dsy_uart_global_init
                0x00000000080089c0       0xfc ../../libDaisy//build/libdaisy.a(uart.o)
                0x00000000080089c0                dsy_uart_global_init
 .text.USART1_IRQHandler
                0x0000000008008abc       0x30 ../../libDaisy//build/libdaisy.a(uart.o)
                0x0000000008008abc                USART1_IRQHandler
 .text.USART2_IRQHandler
                0x0000000008008aec       0x34 ../../libDaisy//build/libdaisy.a(uart.o)
                0x0000000008008aec                USART2_IRQHandler
 .text.USART3_IRQHandler
                0x0000000008008b20       0x34 ../../libDaisy//build/libdaisy.a(uart.o)
                0x0000000008008b20                USART3_IRQHandler
 .text.UART4_IRQHandler
                0x0000000008008b54       0x34 ../../libDaisy//build/libdaisy.a(uart.o)
                0x0000000008008b54                UART4_IRQHandler
 .text.UART5_IRQHandler
                0x0000000008008b88       0x34 ../../libDaisy//build/libdaisy.a(uart.o)
                0x0000000008008b88                UART5_IRQHandler
 .text.USART6_IRQHandler
                0x0000000008008bbc       0x34 ../../libDaisy//build/libdaisy.a(uart.o)
                0x0000000008008bbc                USART6_IRQHandler
 .text.UART7_IRQHandler
                0x0000000008008bf0       0x30 ../../libDaisy//build/libdaisy.a(uart.o)
                0x0000000008008bf0                UART7_IRQHandler
 .text.UART8_IRQHandler
                0x0000000008008c20       0x34 ../../libDaisy//build/libdaisy.a(uart.o)
                0x0000000008008c20                UART8_IRQHandler
 .text.LPUART1_IRQHandler
                0x0000000008008c54       0x34 ../../libDaisy//build/libdaisy.a(uart.o)
                0x0000000008008c54                LPUART1_IRQHandler
 .text.DMA1_Stream5_IRQHandler
                0x0000000008008c88       0x34 ../../libDaisy//build/libdaisy.a(uart.o)
                0x0000000008008c88                DMA1_Stream5_IRQHandler
 .text.DMA2_Stream4_IRQHandler
                0x0000000008008cbc       0x34 ../../libDaisy//build/libdaisy.a(uart.o)
                0x0000000008008cbc                DMA2_Stream4_IRQHandler
 .text.HAL_UART_TxCpltCallback
                0x0000000008008cf0        0x8 ../../libDaisy//build/libdaisy.a(uart.o)
                0x0000000008008cf0                HAL_UART_TxCpltCallback
 .text.HAL_UART_RxCpltCallback
                0x0000000008008cf8        0x8 ../../libDaisy//build/libdaisy.a(uart.o)
                0x0000000008008cf8                HAL_UART_RxCpltCallback
 .text.HAL_UART_ErrorCallback
                0x0000000008008d00        0x8 ../../libDaisy//build/libdaisy.a(uart.o)
                0x0000000008008d00                HAL_UART_ErrorCallback
 .text._ZN5daisy11UartHandler4InitERKNS0_6ConfigE
                0x0000000008008d08       0xec ../../libDaisy//build/libdaisy.a(uart.o)
                0x0000000008008d08                daisy::UartHandler::Init(daisy::UartHandler::Config const&)
 .text._ZN5daisy11UartHandler5PopRxEv
                0x0000000008008df4       0x28 ../../libDaisy//build/libdaisy.a(uart.o)
                0x0000000008008df4                daisy::UartHandler::PopRx()
 .text._ZN5daisy11UartHandler7StartRxEv
                0x0000000008008e1c      0x108 ../../libDaisy//build/libdaisy.a(uart.o)
                0x0000000008008e1c                daisy::UartHandler::StartRx()
 .text._ZN5daisy11UartHandler8ReadableEv
                0x0000000008008f24       0x10 ../../libDaisy//build/libdaisy.a(uart.o)
                0x0000000008008f24                daisy::UartHandler::Readable()
 .text.startup._GLOBAL__sub_I__Z19MapInstanceToHandleP13USART_TypeDef
                0x0000000008008f34      0x190 ../../libDaisy//build/libdaisy.a(uart.o)
 .text._ZN5daisy11TimerHandleD2Ev
                0x00000000080090c4        0x4 ../../libDaisy//build/libdaisy.a(system.o)
                0x00000000080090c4                daisy::TimerHandle::~TimerHandle()
                0x00000000080090c4                daisy::TimerHandle::~TimerHandle()
 .text.SysTick_Handler
                0x00000000080090c8       0x10 ../../libDaisy//build/libdaisy.a(system.o)
                0x00000000080090c8                SysTick_Handler
 .text.OTG_HS_EP1_OUT_IRQHandler
                0x00000000080090d8       0x24 ../../libDaisy//build/libdaisy.a(system.o)
                0x00000000080090d8                OTG_HS_EP1_OUT_IRQHandler
 .text.OTG_HS_EP1_IN_IRQHandler
                0x00000000080090fc       0x24 ../../libDaisy//build/libdaisy.a(system.o)
                0x00000000080090fc                OTG_HS_EP1_IN_IRQHandler
 .text.OTG_HS_IRQHandler
                0x0000000008009120       0x24 ../../libDaisy//build/libdaisy.a(system.o)
                0x0000000008009120                OTG_HS_IRQHandler
 .text.HardFault_Handler
                0x0000000008009144       0xe0 ../../libDaisy//build/libdaisy.a(system.o)
                0x0000000008009144                HardFault_Handler
 .text._ZN5daisy6System6GetNowEv
                0x0000000008009224        0x4 ../../libDaisy//build/libdaisy.a(system.o)
                0x0000000008009224                daisy::System::GetNow()
 .text._ZN5daisy6System5DelayEm
                0x0000000008009228        0x4 ../../libDaisy//build/libdaisy.a(system.o)
                0x0000000008009228                daisy::System::Delay(unsigned long)
 .text._ZN5daisy6System17ResetToBootloaderEv
                0x000000000800922c       0x38 ../../libDaisy//build/libdaisy.a(system.o)
                0x000000000800922c                daisy::System::ResetToBootloader()
 .text._ZN5daisy6System15ConfigureClocksEv
                0x0000000008009264      0x194 ../../libDaisy//build/libdaisy.a(system.o)
                0x0000000008009264                daisy::System::ConfigureClocks()
 .text._ZN5daisy6System4InitERKNS0_6ConfigE
                0x00000000080093f8      0x140 ../../libDaisy//build/libdaisy.a(system.o)
                0x00000000080093f8                daisy::System::Init(daisy::System::Config const&)
 .text._ZN5daisy6System12GetPClk1FreqEv
                0x0000000008009538        0x4 ../../libDaisy//build/libdaisy.a(system.o)
                0x0000000008009538                daisy::System::GetPClk1Freq()
 .text._ZN5daisy6System22GetProgramMemoryRegionEv
                0x000000000800953c       0x78 ../../libDaisy//build/libdaisy.a(system.o)
                0x000000000800953c                daisy::System::GetProgramMemoryRegion()
 .text.startup._GLOBAL__sub_I_SysTick_Handler
                0x00000000080095b4       0x1c ../../libDaisy//build/libdaisy.a(system.o)
 .text.SystemInit
                0x00000000080095d0       0x9c ../../libDaisy//build/libdaisy.a(system_stm32h7xx.o)
                0x00000000080095d0                SystemInit
 .text.HAL_PCD_SetupStageCallback
                0x000000000800966c        0xc ../../libDaisy//build/libdaisy.a(usbd_conf.o)
                0x000000000800966c                HAL_PCD_SetupStageCallback
 .text.HAL_PCD_DataOutStageCallback
                0x0000000008009678       0x14 ../../libDaisy//build/libdaisy.a(usbd_conf.o)
                0x0000000008009678                HAL_PCD_DataOutStageCallback
 .text.HAL_PCD_DataInStageCallback
                0x000000000800968c       0x14 ../../libDaisy//build/libdaisy.a(usbd_conf.o)
                0x000000000800968c                HAL_PCD_DataInStageCallback
 .text.HAL_PCD_SOFCallback
                0x00000000080096a0        0x8 ../../libDaisy//build/libdaisy.a(usbd_conf.o)
                0x00000000080096a0                HAL_PCD_SOFCallback
 .text.HAL_PCD_ResetCallback
                0x00000000080096a8       0x24 ../../libDaisy//build/libdaisy.a(usbd_conf.o)
                0x00000000080096a8                HAL_PCD_ResetCallback
 .text.HAL_PCD_SuspendCallback
                0x00000000080096cc       0x30 ../../libDaisy//build/libdaisy.a(usbd_conf.o)
                0x00000000080096cc                HAL_PCD_SuspendCallback
 .text.HAL_PCD_ResumeCallback
                0x00000000080096fc        0x8 ../../libDaisy//build/libdaisy.a(usbd_conf.o)
                0x00000000080096fc                HAL_PCD_ResumeCallback
 .text.HAL_PCD_ISOOUTIncompleteCallback
                0x0000000008009704        0x8 ../../libDaisy//build/libdaisy.a(usbd_conf.o)
                0x0000000008009704                HAL_PCD_ISOOUTIncompleteCallback
 .text.HAL_PCD_ISOINIncompleteCallback
                0x000000000800970c        0x8 ../../libDaisy//build/libdaisy.a(usbd_conf.o)
                0x000000000800970c                HAL_PCD_ISOINIncompleteCallback
 .text.HAL_PCD_ConnectCallback
                0x0000000008009714        0x8 ../../libDaisy//build/libdaisy.a(usbd_conf.o)
                0x0000000008009714                HAL_PCD_ConnectCallback
 .text.HAL_PCD_DisconnectCallback
                0x000000000800971c        0x8 ../../libDaisy//build/libdaisy.a(usbd_conf.o)
                0x000000000800971c                HAL_PCD_DisconnectCallback
 .text.USBD_LL_OpenEP
                0x0000000008009724       0x24 ../../libDaisy//build/libdaisy.a(usbd_conf.o)
                0x0000000008009724                USBD_LL_OpenEP
 .text.USBD_LL_StallEP
                0x0000000008009748       0x1c ../../libDaisy//build/libdaisy.a(usbd_conf.o)
                0x0000000008009748                USBD_LL_StallEP
 .text.USBD_LL_ClearStallEP
                0x0000000008009764       0x1c ../../libDaisy//build/libdaisy.a(usbd_conf.o)
                0x0000000008009764                USBD_LL_ClearStallEP
 .text.USBD_LL_IsStallEP
                0x0000000008009780       0x28 ../../libDaisy//build/libdaisy.a(usbd_conf.o)
                0x0000000008009780                USBD_LL_IsStallEP
 .text.USBD_LL_SetUSBAddress
                0x00000000080097a8       0x1c ../../libDaisy//build/libdaisy.a(usbd_conf.o)
                0x00000000080097a8                USBD_LL_SetUSBAddress
 .text.USBD_LL_Transmit
                0x00000000080097c4       0x1c ../../libDaisy//build/libdaisy.a(usbd_conf.o)
                0x00000000080097c4                USBD_LL_Transmit
 .text.USBD_LL_PrepareReceive
                0x00000000080097e0       0x1c ../../libDaisy//build/libdaisy.a(usbd_conf.o)
                0x00000000080097e0                USBD_LL_PrepareReceive
 .text.HAL_HCD_SOF_Callback
                0x00000000080097fc        0x8 ../../libDaisy//build/libdaisy.a(usbh_conf.o)
                0x00000000080097fc                HAL_HCD_SOF_Callback
 .text.HAL_HCD_Connect_Callback
                0x0000000008009804        0x8 ../../libDaisy//build/libdaisy.a(usbh_conf.o)
                0x0000000008009804                HAL_HCD_Connect_Callback
 .text.HAL_HCD_Disconnect_Callback
                0x000000000800980c        0x8 ../../libDaisy//build/libdaisy.a(usbh_conf.o)
                0x000000000800980c                HAL_HCD_Disconnect_Callback
 .text.HAL_HCD_HC_NotifyURBChange_Callback
                0x0000000008009814        0x4 ../../libDaisy//build/libdaisy.a(usbh_conf.o)
                0x0000000008009814                HAL_HCD_HC_NotifyURBChange_Callback
 .text.HAL_HCD_PortEnabled_Callback
                0x0000000008009818        0x8 ../../libDaisy//build/libdaisy.a(usbh_conf.o)
                0x0000000008009818                HAL_HCD_PortEnabled_Callback
 .text.HAL_HCD_PortDisabled_Callback
                0x0000000008009820        0x8 ../../libDaisy//build/libdaisy.a(usbh_conf.o)
                0x0000000008009820                HAL_HCD_PortDisabled_Callback
 .text.USBH_LL_Stop
                0x0000000008009828       0x1c ../../libDaisy//build/libdaisy.a(usbh_conf.o)
                0x0000000008009828                USBH_LL_Stop
 .text.dsy_hal_map_get_port
                0x0000000008009844       0x10 ../../libDaisy//build/libdaisy.a(hal_map.o)
                0x0000000008009844                dsy_hal_map_get_port
 .text.dsy_hal_map_get_pin
                0x0000000008009854       0x10 ../../libDaisy//build/libdaisy.a(hal_map.o)
                0x0000000008009854                dsy_hal_map_get_pin
 .text.dsy_hal_map_gpio_clk_enable
                0x0000000008009864      0x150 ../../libDaisy//build/libdaisy.a(hal_map.o)
                0x0000000008009864                dsy_hal_map_gpio_clk_enable
 .text.HAL_MspInit
                0x00000000080099b4        0x4 ../../libDaisy//build/libdaisy.a(stm32h7xx_hal.o)
                0x00000000080099b4                HAL_MspInit
 .text.HAL_InitTick
                0x00000000080099b8       0x4c ../../libDaisy//build/libdaisy.a(stm32h7xx_hal.o)
                0x00000000080099b8                HAL_InitTick
 .text.HAL_Init
                0x0000000008009a04       0x60 ../../libDaisy//build/libdaisy.a(stm32h7xx_hal.o)
                0x0000000008009a04                HAL_Init
 .text.HAL_IncTick
                0x0000000008009a64       0x18 ../../libDaisy//build/libdaisy.a(stm32h7xx_hal.o)
                0x0000000008009a64                HAL_IncTick
 .text.HAL_GetTick
                0x0000000008009a7c        0xc ../../libDaisy//build/libdaisy.a(stm32h7xx_hal.o)
                0x0000000008009a7c                HAL_GetTick
 .text.HAL_Delay
                0x0000000008009a88       0x24 ../../libDaisy//build/libdaisy.a(stm32h7xx_hal.o)
                0x0000000008009a88                HAL_Delay
 .text.HAL_GetREVID
                0x0000000008009aac        0xc ../../libDaisy//build/libdaisy.a(stm32h7xx_hal.o)
                0x0000000008009aac                HAL_GetREVID
 .text.HAL_ADC_ConvHalfCpltCallback
                0x0000000008009ab8        0x4 ../../libDaisy//build/libdaisy.a(stm32h7xx_hal_adc.o)
                0x0000000008009ab8                HAL_ADC_ConvHalfCpltCallback
 .text.ADC_DMAHalfConvCplt
                0x0000000008009abc        0xc ../../libDaisy//build/libdaisy.a(stm32h7xx_hal_adc.o)
                0x0000000008009abc                ADC_DMAHalfConvCplt
 .text.ADC_DMAConvCplt
                0x0000000008009ac8       0x6c ../../libDaisy//build/libdaisy.a(stm32h7xx_hal_adc.o)
                0x0000000008009ac8                ADC_DMAConvCplt
 .text.ADC_DMAError
                0x0000000008009b34       0x1c ../../libDaisy//build/libdaisy.a(stm32h7xx_hal_adc.o)
                0x0000000008009b34                ADC_DMAError
 .text.HAL_ADC_ConfigChannel
                0x0000000008009b50      0x3fc ../../libDaisy//build/libdaisy.a(stm32h7xx_hal_adc.o)
                0x0000000008009b50                HAL_ADC_ConfigChannel
 .text.ADC_Enable
                0x0000000008009f4c       0xac ../../libDaisy//build/libdaisy.a(stm32h7xx_hal_adc.o)
                0x0000000008009f4c                ADC_Enable
 .text.HAL_ADC_Start_DMA
                0x0000000008009ff8      0x114 ../../libDaisy//build/libdaisy.a(stm32h7xx_hal_adc.o)
                0x0000000008009ff8                HAL_ADC_Start_DMA
 .text.ADC_Disable
                0x000000000800a10c       0x68 ../../libDaisy//build/libdaisy.a(stm32h7xx_hal_adc.o)
                0x000000000800a10c                ADC_Disable
 .text.ADC_ConfigureBoostMode
                0x000000000800a174      0x184 ../../libDaisy//build/libdaisy.a(stm32h7xx_hal_adc.o)
                0x000000000800a174                ADC_ConfigureBoostMode
 .text.HAL_ADC_Init
                0x000000000800a2f8      0x218 ../../libDaisy//build/libdaisy.a(stm32h7xx_hal_adc.o)
                0x000000000800a2f8                HAL_ADC_Init
 .text.HAL_ADCEx_Calibration_Start
                0x000000000800a510       0xa4 ../../libDaisy//build/libdaisy.a(stm32h7xx_hal_adc_ex.o)
                0x000000000800a510                HAL_ADCEx_Calibration_Start
 .text.HAL_ADCEx_MultiModeConfigChannel
                0x000000000800a5b4       0xc4 ../../libDaisy//build/libdaisy.a(stm32h7xx_hal_adc_ex.o)
                0x000000000800a5b4                HAL_ADCEx_MultiModeConfigChannel
 .text.HAL_NVIC_SetPriorityGrouping
                0x000000000800a678       0x24 ../../libDaisy//build/libdaisy.a(stm32h7xx_hal_cortex.o)
                0x000000000800a678                HAL_NVIC_SetPriorityGrouping
 .text.HAL_NVIC_SetPriority
                0x000000000800a69c       0x7c ../../libDaisy//build/libdaisy.a(stm32h7xx_hal_cortex.o)
                0x000000000800a69c                HAL_NVIC_SetPriority
 .text.HAL_NVIC_EnableIRQ
                0x000000000800a718       0x1c ../../libDaisy//build/libdaisy.a(stm32h7xx_hal_cortex.o)
                0x000000000800a718                HAL_NVIC_EnableIRQ
 .text.HAL_NVIC_DisableIRQ
                0x000000000800a734       0x28 ../../libDaisy//build/libdaisy.a(stm32h7xx_hal_cortex.o)
                0x000000000800a734                HAL_NVIC_DisableIRQ
 .text.HAL_NVIC_SystemReset
                0x000000000800a75c       0x24 ../../libDaisy//build/libdaisy.a(stm32h7xx_hal_cortex.o)
                0x000000000800a75c                HAL_NVIC_SystemReset
 .text.HAL_SYSTICK_Config
                0x000000000800a780       0x2c ../../libDaisy//build/libdaisy.a(stm32h7xx_hal_cortex.o)
                0x000000000800a780                HAL_SYSTICK_Config
 .text.HAL_MPU_Disable
                0x000000000800a7ac       0x1c ../../libDaisy//build/libdaisy.a(stm32h7xx_hal_cortex.o)
                0x000000000800a7ac                HAL_MPU_Disable
 .text.HAL_MPU_Enable
                0x000000000800a7c8       0x20 ../../libDaisy//build/libdaisy.a(stm32h7xx_hal_cortex.o)
                0x000000000800a7c8                HAL_MPU_Enable
 .text.HAL_MPU_ConfigRegion
                0x000000000800a7e8       0x64 ../../libDaisy//build/libdaisy.a(stm32h7xx_hal_cortex.o)
                0x000000000800a7e8                HAL_MPU_ConfigRegion
 .text.HAL_SYSTICK_Callback
                0x000000000800a84c        0x4 ../../libDaisy//build/libdaisy.a(stm32h7xx_hal_cortex.o)
                0x000000000800a84c                HAL_SYSTICK_Callback
 .text.HAL_SYSTICK_IRQHandler
                0x000000000800a850        0x8 ../../libDaisy//build/libdaisy.a(stm32h7xx_hal_cortex.o)
                0x000000000800a850                HAL_SYSTICK_IRQHandler
 .text.DMA_CalcBaseAndBitshift
                0x000000000800a858       0xf4 ../../libDaisy//build/libdaisy.a(stm32h7xx_hal_dma.o)
 .text.DMA_CalcDMAMUXChannelBaseAndMask
                0x000000000800a94c       0xd8 ../../libDaisy//build/libdaisy.a(stm32h7xx_hal_dma.o)
 .text.HAL_DMA_Init
                0x000000000800aa24      0x37c ../../libDaisy//build/libdaisy.a(stm32h7xx_hal_dma.o)
                0x000000000800aa24                HAL_DMA_Init
 .text.HAL_DMA_Start_IT
                0x000000000800ada0      0x240 ../../libDaisy//build/libdaisy.a(stm32h7xx_hal_dma.o)
                0x000000000800ada0                HAL_DMA_Start_IT
 .text.HAL_DMA_Abort_IT
                0x000000000800afe0      0x134 ../../libDaisy//build/libdaisy.a(stm32h7xx_hal_dma.o)
                0x000000000800afe0                HAL_DMA_Abort_IT
 .text.HAL_DMA_IRQHandler
                0x000000000800b114      0x6a0 ../../libDaisy//build/libdaisy.a(stm32h7xx_hal_dma.o)
                0x000000000800b114                HAL_DMA_IRQHandler
 .text.HAL_DMA_GetError
                0x000000000800b7b4        0x4 ../../libDaisy//build/libdaisy.a(stm32h7xx_hal_dma.o)
                0x000000000800b7b4                HAL_DMA_GetError
 .text.HAL_GPIO_Init
                0x000000000800b7b8      0x280 ../../libDaisy//build/libdaisy.a(stm32h7xx_hal_gpio.o)
                0x000000000800b7b8                HAL_GPIO_Init
 .text.HAL_GPIO_DeInit
                0x000000000800ba38      0x190 ../../libDaisy//build/libdaisy.a(stm32h7xx_hal_gpio.o)
                0x000000000800ba38                HAL_GPIO_DeInit
 .text.HAL_GPIO_ReadPin
                0x000000000800bbc8        0xc ../../libDaisy//build/libdaisy.a(stm32h7xx_hal_gpio.o)
                0x000000000800bbc8                HAL_GPIO_ReadPin
 .text.HAL_GPIO_WritePin
                0x000000000800bbd4        0x8 ../../libDaisy//build/libdaisy.a(stm32h7xx_hal_gpio.o)
                0x000000000800bbd4                HAL_GPIO_WritePin
 .text.HAL_HCD_IRQHandler
                0x000000000800bbdc      0x780 ../../libDaisy//build/libdaisy.a(stm32h7xx_hal_hcd.o)
                0x000000000800bbdc                HAL_HCD_IRQHandler
 .text.HAL_HCD_Stop
                0x000000000800c35c       0x28 ../../libDaisy//build/libdaisy.a(stm32h7xx_hal_hcd.o)
                0x000000000800c35c                HAL_HCD_Stop
 .text.I2C_WaitOnTXISFlagUntilTimeout
                0x000000000800c384       0xb8 ../../libDaisy//build/libdaisy.a(stm32h7xx_hal_i2c.o)
 .text.I2C_WaitOnSTOPFlagUntilTimeout
                0x000000000800c43c       0xac ../../libDaisy//build/libdaisy.a(stm32h7xx_hal_i2c.o)
 .text.HAL_I2C_Init
                0x000000000800c4e8       0xac ../../libDaisy//build/libdaisy.a(stm32h7xx_hal_i2c.o)
                0x000000000800c4e8                HAL_I2C_Init
 .text.HAL_I2C_Master_Transmit
                0x000000000800c594      0x1a8 ../../libDaisy//build/libdaisy.a(stm32h7xx_hal_i2c.o)
                0x000000000800c594                HAL_I2C_Master_Transmit
 .text.HAL_I2C_Slave_Transmit
                0x000000000800c73c      0x1c8 ../../libDaisy//build/libdaisy.a(stm32h7xx_hal_i2c.o)
                0x000000000800c73c                HAL_I2C_Slave_Transmit
 .text.HAL_I2C_Mem_Write
                0x000000000800c904      0x254 ../../libDaisy//build/libdaisy.a(stm32h7xx_hal_i2c.o)
                0x000000000800c904                HAL_I2C_Mem_Write
 .text.HAL_I2C_Mem_Read
                0x000000000800cb58      0x29c ../../libDaisy//build/libdaisy.a(stm32h7xx_hal_i2c.o)
                0x000000000800cb58                HAL_I2C_Mem_Read
 .text.HAL_I2C_EV_IRQHandler
                0x000000000800cdf4       0x10 ../../libDaisy//build/libdaisy.a(stm32h7xx_hal_i2c.o)
                0x000000000800cdf4                HAL_I2C_EV_IRQHandler
 .text.HAL_I2C_GetState
                0x000000000800ce04        0x8 ../../libDaisy//build/libdaisy.a(stm32h7xx_hal_i2c.o)
                0x000000000800ce04                HAL_I2C_GetState
 .text.HAL_I2CEx_ConfigAnalogFilter
                0x000000000800ce0c       0x54 ../../libDaisy//build/libdaisy.a(stm32h7xx_hal_i2c_ex.o)
                0x000000000800ce0c                HAL_I2CEx_ConfigAnalogFilter
 .text.HAL_I2CEx_ConfigDigitalFilter
                0x000000000800ce60       0x58 ../../libDaisy//build/libdaisy.a(stm32h7xx_hal_i2c_ex.o)
                0x000000000800ce60                HAL_I2CEx_ConfigDigitalFilter
 .text.HAL_PCD_IRQHandler
                0x000000000800ceb8      0x69c ../../libDaisy//build/libdaisy.a(stm32h7xx_hal_pcd.o)
                0x000000000800ceb8                HAL_PCD_IRQHandler
 .text.HAL_PCD_SetAddress
                0x000000000800d554       0x2c ../../libDaisy//build/libdaisy.a(stm32h7xx_hal_pcd.o)
                0x000000000800d554                HAL_PCD_SetAddress
 .text.HAL_PCD_EP_Open
                0x000000000800d580       0x7c ../../libDaisy//build/libdaisy.a(stm32h7xx_hal_pcd.o)
                0x000000000800d580                HAL_PCD_EP_Open
 .text.HAL_PCD_EP_Receive
                0x000000000800d5fc       0x50 ../../libDaisy//build/libdaisy.a(stm32h7xx_hal_pcd.o)
                0x000000000800d5fc                HAL_PCD_EP_Receive
 .text.HAL_PCD_EP_Transmit
                0x000000000800d64c       0x50 ../../libDaisy//build/libdaisy.a(stm32h7xx_hal_pcd.o)
                0x000000000800d64c                HAL_PCD_EP_Transmit
 .text.HAL_PCD_EP_SetStall
                0x000000000800d69c       0x88 ../../libDaisy//build/libdaisy.a(stm32h7xx_hal_pcd.o)
                0x000000000800d69c                HAL_PCD_EP_SetStall
 .text.HAL_PCD_EP_ClrStall
                0x000000000800d724       0x78 ../../libDaisy//build/libdaisy.a(stm32h7xx_hal_pcd.o)
                0x000000000800d724                HAL_PCD_EP_ClrStall
 .text.HAL_PCDEx_LPM_Callback
                0x000000000800d79c        0x4 ../../libDaisy//build/libdaisy.a(stm32h7xx_hal_pcd_ex.o)
                0x000000000800d79c                HAL_PCDEx_LPM_Callback
 .text.HAL_PWREx_ConfigSupply
                0x000000000800d7a0       0x4c ../../libDaisy//build/libdaisy.a(stm32h7xx_hal_pwr_ex.o)
                0x000000000800d7a0                HAL_PWREx_ConfigSupply
 .text.HAL_PWREx_EnableUSBVoltageDetector
                0x000000000800d7ec       0x10 ../../libDaisy//build/libdaisy.a(stm32h7xx_hal_pwr_ex.o)
                0x000000000800d7ec                HAL_PWREx_EnableUSBVoltageDetector
 .text.QSPI_Config
                0x000000000800d7fc      0x174 ../../libDaisy//build/libdaisy.a(stm32h7xx_hal_qspi.o)
 .text.HAL_QSPI_Init
                0x000000000800d970       0xd8 ../../libDaisy//build/libdaisy.a(stm32h7xx_hal_qspi.o)
                0x000000000800d970                HAL_QSPI_Init
 .text.HAL_QSPI_DeInit
                0x000000000800da48       0x3c ../../libDaisy//build/libdaisy.a(stm32h7xx_hal_qspi.o)
                0x000000000800da48                HAL_QSPI_DeInit
 .text.HAL_QSPI_Command
                0x000000000800da84       0xd4 ../../libDaisy//build/libdaisy.a(stm32h7xx_hal_qspi.o)
                0x000000000800da84                HAL_QSPI_Command
 .text.HAL_QSPI_Transmit
                0x000000000800db58       0xfc ../../libDaisy//build/libdaisy.a(stm32h7xx_hal_qspi.o)
                0x000000000800db58                HAL_QSPI_Transmit
 .text.HAL_QSPI_Receive
                0x000000000800dc54      0x108 ../../libDaisy//build/libdaisy.a(stm32h7xx_hal_qspi.o)
                0x000000000800dc54                HAL_QSPI_Receive
 .text.HAL_QSPI_AutoPolling
                0x000000000800dd5c       0xf0 ../../libDaisy//build/libdaisy.a(stm32h7xx_hal_qspi.o)
                0x000000000800dd5c                HAL_QSPI_AutoPolling
 .text.HAL_QSPI_MemoryMapped
                0x000000000800de4c       0xc0 ../../libDaisy//build/libdaisy.a(stm32h7xx_hal_qspi.o)
                0x000000000800de4c                HAL_QSPI_MemoryMapped
 .text.HAL_QSPI_ErrorCallback
                0x000000000800df0c        0x4 ../../libDaisy//build/libdaisy.a(stm32h7xx_hal_qspi.o)
                0x000000000800df0c                HAL_QSPI_ErrorCallback
 .text.QSPI_DMAAbortCplt
                0x000000000800df10       0x38 ../../libDaisy//build/libdaisy.a(stm32h7xx_hal_qspi.o)
 .text.HAL_QSPI_AbortCpltCallback
                0x000000000800df48        0x4 ../../libDaisy//build/libdaisy.a(stm32h7xx_hal_qspi.o)
                0x000000000800df48                HAL_QSPI_AbortCpltCallback
 .text.HAL_QSPI_CmdCpltCallback
                0x000000000800df4c        0x4 ../../libDaisy//build/libdaisy.a(stm32h7xx_hal_qspi.o)
                0x000000000800df4c                HAL_QSPI_CmdCpltCallback
 .text.HAL_QSPI_RxCpltCallback
                0x000000000800df50        0x4 ../../libDaisy//build/libdaisy.a(stm32h7xx_hal_qspi.o)
                0x000000000800df50                HAL_QSPI_RxCpltCallback
 .text.HAL_QSPI_TxCpltCallback
                0x000000000800df54        0x4 ../../libDaisy//build/libdaisy.a(stm32h7xx_hal_qspi.o)
                0x000000000800df54                HAL_QSPI_TxCpltCallback
 .text.HAL_QSPI_FifoThresholdCallback
                0x000000000800df58        0x4 ../../libDaisy//build/libdaisy.a(stm32h7xx_hal_qspi.o)
                0x000000000800df58                HAL_QSPI_FifoThresholdCallback
 .text.HAL_QSPI_StatusMatchCallback
                0x000000000800df5c        0x4 ../../libDaisy//build/libdaisy.a(stm32h7xx_hal_qspi.o)
                0x000000000800df5c                HAL_QSPI_StatusMatchCallback
 .text.HAL_QSPI_TimeOutCallback
                0x000000000800df60        0x4 ../../libDaisy//build/libdaisy.a(stm32h7xx_hal_qspi.o)
                0x000000000800df60                HAL_QSPI_TimeOutCallback
 .text.HAL_QSPI_IRQHandler
                0x000000000800df64      0x210 ../../libDaisy//build/libdaisy.a(stm32h7xx_hal_qspi.o)
                0x000000000800df64                HAL_QSPI_IRQHandler
 .text.HAL_RCC_OscConfig
                0x000000000800e174      0x51c ../../libDaisy//build/libdaisy.a(stm32h7xx_hal_rcc.o)
                0x000000000800e174                HAL_RCC_OscConfig
 .text.HAL_RCC_GetSysClockFreq
                0x000000000800e690      0x140 ../../libDaisy//build/libdaisy.a(stm32h7xx_hal_rcc.o)
                0x000000000800e690                HAL_RCC_GetSysClockFreq
 .text.HAL_RCC_ClockConfig
                0x000000000800e7d0      0x234 ../../libDaisy//build/libdaisy.a(stm32h7xx_hal_rcc.o)
                0x000000000800e7d0                HAL_RCC_ClockConfig
 .text.HAL_RCC_GetHCLKFreq
                0x000000000800ea04       0x2c ../../libDaisy//build/libdaisy.a(stm32h7xx_hal_rcc.o)
                0x000000000800ea04                HAL_RCC_GetHCLKFreq
 .text.HAL_RCC_GetPCLK1Freq
                0x000000000800ea30       0x38 ../../libDaisy//build/libdaisy.a(stm32h7xx_hal_rcc.o)
                0x000000000800ea30                HAL_RCC_GetPCLK1Freq
 .text.HAL_RCC_GetPCLK2Freq
                0x000000000800ea68       0x38 ../../libDaisy//build/libdaisy.a(stm32h7xx_hal_rcc.o)
                0x000000000800ea68                HAL_RCC_GetPCLK2Freq
 .text.RCCEx_PLL2_Config
                0x000000000800eaa0       0xf4 ../../libDaisy//build/libdaisy.a(stm32h7xx_hal_rcc_ex.o)
 .text.RCCEx_PLL3_Config
                0x000000000800eb94       0xf4 ../../libDaisy//build/libdaisy.a(stm32h7xx_hal_rcc_ex.o)
 .text.HAL_RCCEx_PeriphCLKConfig
                0x000000000800ec88      0xa7c ../../libDaisy//build/libdaisy.a(stm32h7xx_hal_rcc_ex.o)
                0x000000000800ec88                HAL_RCCEx_PeriphCLKConfig
 .text.HAL_RCCEx_GetD3PCLK1Freq
                0x000000000800f704       0x24 ../../libDaisy//build/libdaisy.a(stm32h7xx_hal_rcc_ex.o)
                0x000000000800f704                HAL_RCCEx_GetD3PCLK1Freq
 .text.HAL_RCCEx_GetPLL2ClockFreq
                0x000000000800f728      0x17c ../../libDaisy//build/libdaisy.a(stm32h7xx_hal_rcc_ex.o)
                0x000000000800f728                HAL_RCCEx_GetPLL2ClockFreq
 .text.HAL_RCCEx_GetPLL3ClockFreq
                0x000000000800f8a4      0x17c ../../libDaisy//build/libdaisy.a(stm32h7xx_hal_rcc_ex.o)
                0x000000000800f8a4                HAL_RCCEx_GetPLL3ClockFreq
 .text.HAL_RCCEx_GetPLL1ClockFreq
                0x000000000800fa20      0x17c ../../libDaisy//build/libdaisy.a(stm32h7xx_hal_rcc_ex.o)
                0x000000000800fa20                HAL_RCCEx_GetPLL1ClockFreq
 .text.HAL_RCCEx_GetPeriphCLKFreq
                0x000000000800fb9c      0x198 ../../libDaisy//build/libdaisy.a(stm32h7xx_hal_rcc_ex.o)
                0x000000000800fb9c                HAL_RCCEx_GetPeriphCLKFreq
 .text.HAL_RCCEx_GetD1SysClockFreq
                0x000000000800fd34       0x2c ../../libDaisy//build/libdaisy.a(stm32h7xx_hal_rcc_ex.o)
                0x000000000800fd34                HAL_RCCEx_GetD1SysClockFreq
 .text.HAL_SAI_Init.part.0
                0x000000000800fd60      0x348 ../../libDaisy//build/libdaisy.a(stm32h7xx_hal_sai.o)
 .text.HAL_SAI_InitProtocol
                0x00000000080100a8      0x178 ../../libDaisy//build/libdaisy.a(stm32h7xx_hal_sai.o)
                0x00000000080100a8                HAL_SAI_InitProtocol
 .text.HAL_SAI_Transmit_DMA
                0x0000000008010220      0x124 ../../libDaisy//build/libdaisy.a(stm32h7xx_hal_sai.o)
                0x0000000008010220                HAL_SAI_Transmit_DMA
 .text.HAL_SAI_Receive_DMA
                0x0000000008010344       0xd0 ../../libDaisy//build/libdaisy.a(stm32h7xx_hal_sai.o)
                0x0000000008010344                HAL_SAI_Receive_DMA
 .text.HAL_SAI_TxCpltCallback
                0x0000000008010414        0x4 ../../libDaisy//build/libdaisy.a(stm32h7xx_hal_sai.o)
                0x0000000008010414                HAL_SAI_TxCpltCallback
 .text.SAI_DMATxCplt
                0x0000000008010418       0x64 ../../libDaisy//build/libdaisy.a(stm32h7xx_hal_sai.o)
 .text.HAL_SAI_TxHalfCpltCallback
                0x000000000801047c        0x4 ../../libDaisy//build/libdaisy.a(stm32h7xx_hal_sai.o)
                0x000000000801047c                HAL_SAI_TxHalfCpltCallback
 .text.SAI_DMATxHalfCplt
                0x0000000008010480        0xc ../../libDaisy//build/libdaisy.a(stm32h7xx_hal_sai.o)
 .text.SAI_DMARxCplt
                0x000000000801048c       0x64 ../../libDaisy//build/libdaisy.a(stm32h7xx_hal_sai.o)
 .text.SAI_DMARxHalfCplt
                0x00000000080104f0        0xc ../../libDaisy//build/libdaisy.a(stm32h7xx_hal_sai.o)
 .text.HAL_SAI_ErrorCallback
                0x00000000080104fc        0x4 ../../libDaisy//build/libdaisy.a(stm32h7xx_hal_sai.o)
                0x00000000080104fc                HAL_SAI_ErrorCallback
 .text.SAI_DMAError
                0x0000000008010500       0x6c ../../libDaisy//build/libdaisy.a(stm32h7xx_hal_sai.o)
 .text.HAL_SDRAM_Init
                0x000000000801056c       0x54 ../../libDaisy//build/libdaisy.a(stm32h7xx_hal_sdram.o)
                0x000000000801056c                HAL_SDRAM_Init
 .text.HAL_SDRAM_SendCommand
                0x00000000080105c0       0x40 ../../libDaisy//build/libdaisy.a(stm32h7xx_hal_sdram.o)
                0x00000000080105c0                HAL_SDRAM_SendCommand
 .text.HAL_SDRAM_ProgramRefreshRate
                0x0000000008010600       0x30 ../../libDaisy//build/libdaisy.a(stm32h7xx_hal_sdram.o)
                0x0000000008010600                HAL_SDRAM_ProgramRefreshRate
 .text.SPI_CloseTransfer
                0x0000000008010630       0xb8 ../../libDaisy//build/libdaisy.a(stm32h7xx_hal_spi.o)
 .text.HAL_SPI_Init
                0x00000000080106e8      0x15c ../../libDaisy//build/libdaisy.a(stm32h7xx_hal_spi.o)
                0x00000000080106e8                HAL_SPI_Init
 .text.HAL_SPI_Transmit
                0x0000000008010844      0x314 ../../libDaisy//build/libdaisy.a(stm32h7xx_hal_spi.o)
                0x0000000008010844                HAL_SPI_Transmit
 .text.HAL_SPI_Transmit_DMA
                0x0000000008010b58      0x170 ../../libDaisy//build/libdaisy.a(stm32h7xx_hal_spi.o)
                0x0000000008010b58                HAL_SPI_Transmit_DMA
 .text.HAL_SPI_TransmitReceive_DMA
                0x0000000008010cc8      0x218 ../../libDaisy//build/libdaisy.a(stm32h7xx_hal_spi.o)
                0x0000000008010cc8                HAL_SPI_TransmitReceive_DMA
 .text.HAL_SPI_Receive_DMA
                0x0000000008010ee0      0x1b4 ../../libDaisy//build/libdaisy.a(stm32h7xx_hal_spi.o)
                0x0000000008010ee0                HAL_SPI_Receive_DMA
 .text.SPI_DMATransmitCplt
                0x0000000008011094       0x28 ../../libDaisy//build/libdaisy.a(stm32h7xx_hal_spi.o)
 .text.SPI_DMAReceiveCplt
                0x00000000080110bc       0x28 ../../libDaisy//build/libdaisy.a(stm32h7xx_hal_spi.o)
 .text.SPI_DMATransmitReceiveCplt
                0x00000000080110e4       0x28 ../../libDaisy//build/libdaisy.a(stm32h7xx_hal_spi.o)
 .text.HAL_SPI_TxHalfCpltCallback
                0x000000000801110c        0x4 ../../libDaisy//build/libdaisy.a(stm32h7xx_hal_spi.o)
                0x000000000801110c                HAL_SPI_TxHalfCpltCallback
 .text.SPI_DMAHalfTransmitCplt
                0x0000000008011110        0xc ../../libDaisy//build/libdaisy.a(stm32h7xx_hal_spi.o)
 .text.HAL_SPI_RxHalfCpltCallback
                0x000000000801111c        0x4 ../../libDaisy//build/libdaisy.a(stm32h7xx_hal_spi.o)
                0x000000000801111c                HAL_SPI_RxHalfCpltCallback
 .text.SPI_DMAHalfReceiveCplt
                0x0000000008011120        0xc ../../libDaisy//build/libdaisy.a(stm32h7xx_hal_spi.o)
 .text.HAL_SPI_TxRxHalfCpltCallback
                0x000000000801112c        0x4 ../../libDaisy//build/libdaisy.a(stm32h7xx_hal_spi.o)
                0x000000000801112c                HAL_SPI_TxRxHalfCpltCallback
 .text.SPI_DMAHalfTransmitReceiveCplt
                0x0000000008011130        0xc ../../libDaisy//build/libdaisy.a(stm32h7xx_hal_spi.o)
 .text.SPI_DMAError
                0x000000000801113c       0xd8 ../../libDaisy//build/libdaisy.a(stm32h7xx_hal_spi.o)
 .text.HAL_SPI_IRQHandler
                0x0000000008011214      0x23c ../../libDaisy//build/libdaisy.a(stm32h7xx_hal_spi.o)
                0x0000000008011214                HAL_SPI_IRQHandler
 .text.SPI_DMAAbortOnError
                0x0000000008011450       0x1c ../../libDaisy//build/libdaisy.a(stm32h7xx_hal_spi.o)
 .text.HAL_SPI_GetState
                0x000000000801146c        0x8 ../../libDaisy//build/libdaisy.a(stm32h7xx_hal_spi.o)
                0x000000000801146c                HAL_SPI_GetState
 .text.HAL_UART_Transmit_DMA
                0x0000000008011474       0xa4 ../../libDaisy//build/libdaisy.a(stm32h7xx_hal_uart.o)
                0x0000000008011474                HAL_UART_Transmit_DMA
 .text.HAL_UART_Receive_DMA
                0x0000000008011518       0xac ../../libDaisy//build/libdaisy.a(stm32h7xx_hal_uart.o)
                0x0000000008011518                HAL_UART_Receive_DMA
 .text.UART_DMATransmitCplt
                0x00000000080115c4       0x2c ../../libDaisy//build/libdaisy.a(stm32h7xx_hal_uart.o)
 .text.HAL_UART_TxHalfCpltCallback
                0x00000000080115f0        0x4 ../../libDaisy//build/libdaisy.a(stm32h7xx_hal_uart.o)
                0x00000000080115f0                HAL_UART_TxHalfCpltCallback
 .text.UART_DMATxHalfCplt
                0x00000000080115f4        0xc ../../libDaisy//build/libdaisy.a(stm32h7xx_hal_uart.o)
 .text.UART_DMAReceiveCplt
                0x0000000008011600       0x38 ../../libDaisy//build/libdaisy.a(stm32h7xx_hal_uart.o)
 .text.HAL_UART_RxHalfCpltCallback
                0x0000000008011638        0x4 ../../libDaisy//build/libdaisy.a(stm32h7xx_hal_uart.o)
                0x0000000008011638                HAL_UART_RxHalfCpltCallback
 .text.UART_DMARxHalfCplt
                0x000000000801163c        0xc ../../libDaisy//build/libdaisy.a(stm32h7xx_hal_uart.o)
 .text.UART_DMAError
                0x0000000008011648       0x78 ../../libDaisy//build/libdaisy.a(stm32h7xx_hal_uart.o)
 .text.HAL_UART_IRQHandler
                0x00000000080116c0      0x1d0 ../../libDaisy//build/libdaisy.a(stm32h7xx_hal_uart.o)
                0x00000000080116c0                HAL_UART_IRQHandler
 .text.UART_DMAAbortOnError
                0x0000000008011890       0x14 ../../libDaisy//build/libdaisy.a(stm32h7xx_hal_uart.o)
 .text.HAL_UART_GetState
                0x00000000080118a4        0xc ../../libDaisy//build/libdaisy.a(stm32h7xx_hal_uart.o)
                0x00000000080118a4                HAL_UART_GetState
 .text.UART_SetConfig
                0x00000000080118b0     0x14b8 ../../libDaisy//build/libdaisy.a(stm32h7xx_hal_uart.o)
                0x00000000080118b0                UART_SetConfig
 .text.UART_AdvFeatureConfig
                0x0000000008012d68       0xb0 ../../libDaisy//build/libdaisy.a(stm32h7xx_hal_uart.o)
                0x0000000008012d68                UART_AdvFeatureConfig
 .text.UART_CheckIdleState
                0x0000000008012e18       0x84 ../../libDaisy//build/libdaisy.a(stm32h7xx_hal_uart.o)
                0x0000000008012e18                UART_CheckIdleState
 .text.HAL_UART_Init
                0x0000000008012e9c       0x68 ../../libDaisy//build/libdaisy.a(stm32h7xx_hal_uart.o)
                0x0000000008012e9c                HAL_UART_Init
 .text.HAL_UARTEx_WakeupCallback
                0x0000000008012f04        0x4 ../../libDaisy//build/libdaisy.a(stm32h7xx_hal_uart_ex.o)
                0x0000000008012f04                HAL_UARTEx_WakeupCallback
 .text.HAL_UARTEx_RxFifoFullCallback
                0x0000000008012f08        0x4 ../../libDaisy//build/libdaisy.a(stm32h7xx_hal_uart_ex.o)
                0x0000000008012f08                HAL_UARTEx_RxFifoFullCallback
 .text.HAL_UARTEx_TxFifoEmptyCallback
                0x0000000008012f0c        0x4 ../../libDaisy//build/libdaisy.a(stm32h7xx_hal_uart_ex.o)
                0x0000000008012f0c                HAL_UARTEx_TxFifoEmptyCallback
 .text.HAL_UARTEx_DisableFifoMode
                0x0000000008012f10       0x3c ../../libDaisy//build/libdaisy.a(stm32h7xx_hal_uart_ex.o)
                0x0000000008012f10                HAL_UARTEx_DisableFifoMode
 .text.HAL_UARTEx_SetTxFifoThreshold
                0x0000000008012f4c       0xa4 ../../libDaisy//build/libdaisy.a(stm32h7xx_hal_uart_ex.o)
                0x0000000008012f4c                HAL_UARTEx_SetTxFifoThreshold
 .text.HAL_UARTEx_SetRxFifoThreshold
                0x0000000008012ff0       0xa4 ../../libDaisy//build/libdaisy.a(stm32h7xx_hal_uart_ex.o)
                0x0000000008012ff0                HAL_UARTEx_SetRxFifoThreshold
 .text.FMC_SDRAM_Init
                0x0000000008013094       0x7c ../../libDaisy//build/libdaisy.a(stm32h7xx_ll_fmc.o)
                0x0000000008013094                FMC_SDRAM_Init
 .text.FMC_SDRAM_Timing_Init
                0x0000000008013110       0x98 ../../libDaisy//build/libdaisy.a(stm32h7xx_ll_fmc.o)
                0x0000000008013110                FMC_SDRAM_Timing_Init
 .text.FMC_SDRAM_SendCommand
                0x00000000080131a8       0x28 ../../libDaisy//build/libdaisy.a(stm32h7xx_ll_fmc.o)
                0x00000000080131a8                FMC_SDRAM_SendCommand
 .text.FMC_SDRAM_ProgramRefreshRate
                0x00000000080131d0       0x1c ../../libDaisy//build/libdaisy.a(stm32h7xx_ll_fmc.o)
                0x00000000080131d0                FMC_SDRAM_ProgramRefreshRate
 .text.USB_SetTurnaroundTime
                0x00000000080131ec      0x104 ../../libDaisy//build/libdaisy.a(stm32h7xx_ll_usb.o)
                0x00000000080131ec                USB_SetTurnaroundTime
 .text.USB_FlushTxFifo
                0x00000000080132f0       0x34 ../../libDaisy//build/libdaisy.a(stm32h7xx_ll_usb.o)
                0x00000000080132f0                USB_FlushTxFifo
 .text.USB_GetDevSpeed
                0x0000000008013324       0x24 ../../libDaisy//build/libdaisy.a(stm32h7xx_ll_usb.o)
                0x0000000008013324                USB_GetDevSpeed
 .text.USB_ActivateEndpoint
                0x0000000008013348       0x90 ../../libDaisy//build/libdaisy.a(stm32h7xx_ll_usb.o)
                0x0000000008013348                USB_ActivateEndpoint
 .text.USB_EPStartXfer
                0x00000000080133d8      0x230 ../../libDaisy//build/libdaisy.a(stm32h7xx_ll_usb.o)
                0x00000000080133d8                USB_EPStartXfer
 .text.USB_EP0StartXfer
                0x0000000008013608      0x174 ../../libDaisy//build/libdaisy.a(stm32h7xx_ll_usb.o)
                0x0000000008013608                USB_EP0StartXfer
 .text.USB_WritePacket
                0x000000000801377c       0x2c ../../libDaisy//build/libdaisy.a(stm32h7xx_ll_usb.o)
                0x000000000801377c                USB_WritePacket
 .text.USB_ReadPacket
                0x00000000080137a8       0x20 ../../libDaisy//build/libdaisy.a(stm32h7xx_ll_usb.o)
                0x00000000080137a8                USB_ReadPacket
 .text.USB_EPSetStall
                0x00000000080137c8       0x68 ../../libDaisy//build/libdaisy.a(stm32h7xx_ll_usb.o)
                0x00000000080137c8                USB_EPSetStall
 .text.USB_EPClearStall
                0x0000000008013830       0x58 ../../libDaisy//build/libdaisy.a(stm32h7xx_ll_usb.o)
                0x0000000008013830                USB_EPClearStall
 .text.USB_SetDevAddress
                0x0000000008013888       0x24 ../../libDaisy//build/libdaisy.a(stm32h7xx_ll_usb.o)
                0x0000000008013888                USB_SetDevAddress
 .text.USB_ReadInterrupts
                0x00000000080138ac       0x14 ../../libDaisy//build/libdaisy.a(stm32h7xx_ll_usb.o)
                0x00000000080138ac                USB_ReadInterrupts
 .text.USB_ReadDevAllOutEpInterrupt
                0x00000000080138c0       0x1c ../../libDaisy//build/libdaisy.a(stm32h7xx_ll_usb.o)
                0x00000000080138c0                USB_ReadDevAllOutEpInterrupt
 .text.USB_ReadDevAllInEpInterrupt
                0x00000000080138dc       0x1c ../../libDaisy//build/libdaisy.a(stm32h7xx_ll_usb.o)
                0x00000000080138dc                USB_ReadDevAllInEpInterrupt
 .text.USB_ReadDevOutEPInterrupt
                0x00000000080138f8       0x1c ../../libDaisy//build/libdaisy.a(stm32h7xx_ll_usb.o)
                0x00000000080138f8                USB_ReadDevOutEPInterrupt
 .text.USB_ReadDevInEPInterrupt
                0x0000000008013914       0x38 ../../libDaisy//build/libdaisy.a(stm32h7xx_ll_usb.o)
                0x0000000008013914                USB_ReadDevInEPInterrupt
 .text.USB_GetMode
                0x000000000801394c        0x8 ../../libDaisy//build/libdaisy.a(stm32h7xx_ll_usb.o)
                0x000000000801394c                USB_GetMode
 .text.USB_ActivateSetup
                0x0000000008013954       0x38 ../../libDaisy//build/libdaisy.a(stm32h7xx_ll_usb.o)
                0x0000000008013954                USB_ActivateSetup
 .text.USB_EP0_OutStart
                0x000000000801398c       0x58 ../../libDaisy//build/libdaisy.a(stm32h7xx_ll_usb.o)
                0x000000000801398c                USB_EP0_OutStart
 .text.USB_InitFSLSPClkSel
                0x00000000080139e4       0x44 ../../libDaisy//build/libdaisy.a(stm32h7xx_ll_usb.o)
                0x00000000080139e4                USB_InitFSLSPClkSel
 .text.USB_HC_ReadInterrupt
                0x0000000008013a28        0x8 ../../libDaisy//build/libdaisy.a(stm32h7xx_ll_usb.o)
                0x0000000008013a28                USB_HC_ReadInterrupt
 .text.USB_HC_Halt
                0x0000000008013a30       0xc0 ../../libDaisy//build/libdaisy.a(stm32h7xx_ll_usb.o)
                0x0000000008013a30                USB_HC_Halt
 .text.USB_StopHost
                0x0000000008013af0      0x2ec ../../libDaisy//build/libdaisy.a(stm32h7xx_ll_usb.o)
                0x0000000008013af0                USB_StopHost
 .text.USBD_SetClassConfig
                0x0000000008013ddc       0x14 ../../libDaisy//build/libdaisy.a(usbd_core.o)
                0x0000000008013ddc                USBD_SetClassConfig
 .text.USBD_ClrClassConfig
                0x0000000008013df0       0x10 ../../libDaisy//build/libdaisy.a(usbd_core.o)
                0x0000000008013df0                USBD_ClrClassConfig
 .text.USBD_LL_SetupStage
                0x0000000008013e00       0x5c ../../libDaisy//build/libdaisy.a(usbd_core.o)
                0x0000000008013e00                USBD_LL_SetupStage
 .text.USBD_LL_DataOutStage
                0x0000000008013e5c       0x7c ../../libDaisy//build/libdaisy.a(usbd_core.o)
                0x0000000008013e5c                USBD_LL_DataOutStage
 .text.USBD_LL_DataInStage
                0x0000000008013ed8       0xcc ../../libDaisy//build/libdaisy.a(usbd_core.o)