Archive member included to satisfy reference by file (symbol)

../../libDaisy//build/libdaisy.a(daisy_seed.o)
                              build/Dubby.o (daisy::DaisySeed::GetPin(unsigned char))
../../libDaisy//build/libdaisy.a(codec_ak4556.o)
                              ../../libDaisy//build/libdaisy.a(daisy_seed.o) (daisy::Ak4556::Init(dsy_gpio_pin))
../../libDaisy//build/libdaisy.a(codec_pcm3060.o)
                              build/Dubby.o (daisy::Pcm3060::Init(daisy::I2CHandle))
../../libDaisy//build/libdaisy.a(codec_wm8731.o)
                              ../../libDaisy//build/libdaisy.a(daisy_seed.o) (daisy::Wm8731::Init(daisy::Wm8731::Config const&, daisy::I2CHandle))
../../libDaisy//build/libdaisy.a(sdram.o)
                              ../../libDaisy//build/libdaisy.a(daisy_seed.o) (SdramHandle::Init())
../../libDaisy//build/libdaisy.a(audio.o)
                              ../../libDaisy//build/libdaisy.a(daisy_seed.o) (daisy::AudioHandle::Init(daisy::AudioHandle::Config const&, daisy::SaiHandle))
../../libDaisy//build/libdaisy.a(ctrl.o)
                              build/Dubby.o (daisy::AnalogControl::Init(unsigned short*, float, bool, bool, float))
../../libDaisy//build/libdaisy.a(encoder.o)
                              build/Dubby.o (daisy::Encoder::Init(dsy_gpio_pin, dsy_gpio_pin, dsy_gpio_pin, float))
../../libDaisy//build/libdaisy.a(gatein.o)
                              build/Dubby.o (daisy::GateIn::Init(dsy_gpio_pin*, bool))
../../libDaisy//build/libdaisy.a(switch.o)
                              ../../libDaisy//build/libdaisy.a(encoder.o) (daisy::Switch::Init(dsy_gpio_pin, float))
../../libDaisy//build/libdaisy.a(adc.o)
                              build/Dubby.o (daisy::AdcChannelConfig::InitSingle(dsy_gpio_pin))
../../libDaisy//build/libdaisy.a(gpio.o)
                              build/Dubby.o (dsy_gpio_init)
../../libDaisy//build/libdaisy.a(i2c.o)
                              build/Dubby.o (daisy::I2CHandle::Init(daisy::I2CHandle::Config const&))
../../libDaisy//build/libdaisy.a(qspi.o)
                              ../../libDaisy//build/libdaisy.a(daisy_seed.o) (daisy::QSPIHandle::Init(daisy::QSPIHandle::Config const&))
../../libDaisy//build/libdaisy.a(sai.o)
                              build/Dubby.o (daisy::SaiHandle::Init(daisy::SaiHandle::Config const&))
../../libDaisy//build/libdaisy.a(spi.o)
                              build/Dubby.o (daisy::SpiHandle::Init(daisy::SpiHandle::Config const&))
../../libDaisy//build/libdaisy.a(system.o)
                              ../../libDaisy//build/libdaisy.a(daisy_seed.o) (daisy::System::DeInit())
../../libDaisy//build/libdaisy.a(system_stm32h7xx.o)
                              build/startup_stm32h750xx.o (SystemInit)
../../libDaisy//build/libdaisy.a(usbd_conf.o)
                              ../../libDaisy//build/libdaisy.a(system.o) (hpcd_USB_OTG_HS)
../../libDaisy//build/libdaisy.a(usbh_conf.o)
                              ../../libDaisy//build/libdaisy.a(system.o) (hhcd_USB_OTG_HS)
../../libDaisy//build/libdaisy.a(hal_map.o)
                              ../../libDaisy//build/libdaisy.a(gpio.o) (dsy_hal_map_get_port)
../../libDaisy//build/libdaisy.a(oled_fonts.o)
                              build/Dubby.o (Font_6x8)
../../libDaisy//build/libdaisy.a(stm32h7xx_hal.o)
                              ../../libDaisy//build/libdaisy.a(system.o) (HAL_Init)
../../libDaisy//build/libdaisy.a(stm32h7xx_hal_adc.o)
                              ../../libDaisy//build/libdaisy.a(adc.o) (HAL_ADC_ConfigChannel)
../../libDaisy//build/libdaisy.a(stm32h7xx_hal_adc_ex.o)
                              ../../libDaisy//build/libdaisy.a(adc.o) (HAL_ADCEx_Calibration_Start)
../../libDaisy//build/libdaisy.a(stm32h7xx_hal_cortex.o)
                              ../../libDaisy//build/libdaisy.a(stm32h7xx_hal.o) (HAL_NVIC_SetPriorityGrouping)
../../libDaisy//build/libdaisy.a(stm32h7xx_hal_dma.o)
                              ../../libDaisy//build/libdaisy.a(adc.o) (HAL_DMA_Init)
../../libDaisy//build/libdaisy.a(stm32h7xx_hal_gpio.o)
                              ../../libDaisy//build/libdaisy.a(sdram.o) (HAL_GPIO_Init)
../../libDaisy//build/libdaisy.a(stm32h7xx_hal_hcd.o)
                              ../../libDaisy//build/libdaisy.a(usbh_conf.o) (HAL_HCD_HC_Init)
../../libDaisy//build/libdaisy.a(stm32h7xx_hal_i2c.o)
                              ../../libDaisy//build/libdaisy.a(i2c.o) (HAL_I2C_Init)
../../libDaisy//build/libdaisy.a(stm32h7xx_hal_i2c_ex.o)
                              ../../libDaisy//build/libdaisy.a(i2c.o) (HAL_I2CEx_ConfigAnalogFilter)
../../libDaisy//build/libdaisy.a(stm32h7xx_hal_pcd.o)
                              ../../libDaisy//build/libdaisy.a(usbd_conf.o) (HAL_PCD_Init)
../../libDaisy//build/libdaisy.a(stm32h7xx_hal_pcd_ex.o)
                              ../../libDaisy//build/libdaisy.a(usbd_conf.o) (HAL_PCDEx_SetTxFiFo)
../../libDaisy//build/libdaisy.a(stm32h7xx_hal_pwr_ex.o)
[...]
Memory Configuration

Name             Origin             Length             Attributes
FLASH            0x0000000008000000 0x0000000000020000 xr
DTCMRAM          0x0000000020000000 0x0000000000020000 xrw
SRAM             0x0000000024000000 0x0000000000080000 xrw
RAM_D2           0x0000000030000000 0x0000000000048000 xrw
RAM_D3           0x0000000038000000 0x0000000000010000 xrw
ITCMRAM          0x0000000000000000 0x0000000000010000 xrw
SDRAM            0x00000000c0000000 0x0000000004000000 xrw
QSPIFLASH        0x0000000090000000 0x0000000000800000 xr
*default*        0x0000000000000000 0xffffffffffffffff

Linker script and memory map

LOAD /Library/DaisyToolchain/0.2.0/arm/bin/../lib/gcc/arm-none-eabi/10.3.1/thumb/v7e-m+dp/hard/crti.o
LOAD /Library/DaisyToolchain/0.2.0/arm/bin/../lib/gcc/arm-none-eabi/10.3.1/thumb/v7e-m+dp/hard/crtbegin.o
LOAD /Library/DaisyToolchain/0.2.0/arm/bin/../lib/gcc/arm-none-eabi/10.3.1/../../../../arm-none-eabi/lib/thumb/v7e-m+dp/hard/crt0.o
LOAD build/startup_stm32h750xx.o
LOAD build/DubbyPlayground.o
LOAD build/Dubby.o
LOAD ../../libDaisy//build/libdaisy.a
LOAD /Library/DaisyToolchain/0.2.0/arm/bin/../lib/gcc/arm-none-eabi/10.3.1/../../../../arm-none-eabi/lib/thumb/v7e-m+dp/hard/libnosys.a
LOAD ../../DaisySP//build/libdaisysp.a
LOAD /Library/DaisyToolchain/0.2.0/arm/bin/../lib/gcc/arm-none-eabi/10.3.1/../../../../arm-none-eabi/lib/thumb/v7e-m+dp/hard/libstdc++_nano.a
LOAD /Library/DaisyToolchain/0.2.0/arm/bin/../lib/gcc/arm-none-eabi/10.3.1/../../../../arm-none-eabi/lib/thumb/v7e-m+dp/hard/libm.a
LOAD /Library/DaisyToolchain/0.2.0/arm/bin/../lib/gcc/arm-none-eabi/10.3.1/../../../../arm-none-eabi/lib/thumb/v7e-m+dp/hard/libc_nano.a
START GROUP
LOAD /Library/DaisyToolchain/0.2.0/arm/bin/../lib/gcc/arm-none-eabi/10.3.1/thumb/v7e-m+dp/hard/libgcc.a
LOAD /Library/DaisyToolchain/0.2.0/arm/bin/../lib/gcc/arm-none-eabi/10.3.1/../../../../arm-none-eabi/lib/thumb/v7e-m+dp/hard/libc_nano.a
END GROUP
START GROUP
LOAD /Library/DaisyToolchain/0.2.0/arm/bin/../lib/gcc/arm-none-eabi/10.3.1/thumb/v7e-m+dp/hard/libgcc.a
LOAD /Library/DaisyToolchain/0.2.0/arm/bin/../lib/gcc/arm-none-eabi/10.3.1/../../../../arm-none-eabi/lib/thumb/v7e-m+dp/hard/libc_nano.a
LOAD /Library/DaisyToolchain/0.2.0/arm/bin/../lib/gcc/arm-none-eabi/10.3.1/../../../../arm-none-eabi/lib/thumb/v7e-m+dp/hard/libnosys.a
END GROUP
START GROUP
LOAD /Library/DaisyToolchain/0.2.0/arm/bin/../lib/gcc/arm-none-eabi/10.3.1/thumb/v7e-m+dp/hard/libgcc.a
LOAD /Library/DaisyToolchain/0.2.0/arm/bin/../lib/gcc/arm-none-eabi/10.3.1/../../../../arm-none-eabi/lib/thumb/v7e-m+dp/hard/libc_nano.a
LOAD /Library/DaisyToolchain/0.2.0/arm/bin/../lib/gcc/arm-none-eabi/10.3.1/../../../../arm-none-eabi/lib/thumb/v7e-m+dp/hard/libnosys.a
END GROUP
LOAD /Library/DaisyToolchain/0.2.0/arm/bin/../lib/gcc/arm-none-eabi/10.3.1/thumb/v7e-m+dp/hard/crtend.o
LOAD /Library/DaisyToolchain/0.2.0/arm/bin/../lib/gcc/arm-none-eabi/10.3.1/thumb/v7e-m+dp/hard/crtn.o
                0x0000000020020000                _estack = 0x20020000

.isr_vector     0x0000000008000000      0x298
                0x0000000008000000                . = ALIGN (0x4)
 *(.isr_vector)
 .isr_vector    0x0000000008000000      0x298 build/startup_stm32h750xx.o
                0x0000000008000000                g_pfnVectors
                0x0000000008000298                . = ALIGN (0x4)

.text           0x00000000080002a0    0x18874
                0x00000000080002a0                . = ALIGN (0x4)
                0x00000000080002a0                _stext = .
 *(.text)
 .text          0x00000000080002a0       0x40 /Library/DaisyToolchain/0.2.0/arm/bin/../lib/gcc/arm-none-eabi/10.3.1/thumb/v7e-m+dp/hard/crtbegin.o
 .text          0x00000000080002e0       0x10 /Library/DaisyToolchain/0.2.0/arm/bin/../lib/gcc/arm-none-eabi/10.3.1/../../../../arm-none-eabi/lib/thumb/v7e-m+dp/hard/libc_nano.a(lib_a-strlen.o)
                0x00000000080002e0                strlen
 .text          0x00000000080002f0       0xa0 /Library/DaisyToolchain/0.2.0/arm/bin/../lib/gcc/arm-none-eabi/10.3.1/../../../../arm-none-eabi/lib/thumb/v7e-m+dp/hard/libc_nano.a(lib_a-memchr.o)
                0x00000000080002f0                memchr
 .text          0x0000000008000390      0x378 /Library/DaisyToolchain/0.2.0/arm/bin/../lib/gcc/arm-none-eabi/10.3.1/thumb/v7e-m+dp/hard/libgcc.a(_arm_addsubdf3.o)
                0x0000000008000390                __aeabi_drsub
                0x0000000008000398                __subdf3
                0x0000000008000398                __aeabi_dsub
                0x000000000800039c                __aeabi_dadd
                0x000000000800039c                __adddf3
                0x0000000008000614                __aeabi_ui2d
                0x0000000008000614                __floatunsidf
                0x0000000008000634                __floatsidf
                0x0000000008000634                __aeabi_i2d
                0x0000000008000658                __extendsfdf2
                0x0000000008000658                __aeabi_f2d
                0x000000000800069c                __aeabi_ul2d
                0x000000000800069c                __floatundidf
                0x00000000080006ac                __aeabi_l2d
                0x00000000080006ac                __floatdidf
 .text          0x0000000008000708       0x30 /Library/DaisyToolchain/0.2.0/arm/bin/../lib/gcc/arm-none-eabi/10.3.1/thumb/v7e-m+dp/hard/libgcc.a(_aeabi_uldivmod.o)
                0x0000000008000708                __aeabi_uldivmod
 .text          0x0000000008000738      0x2d0 /Library/DaisyToolchain/0.2.0/arm/bin/../lib/gcc/arm-none-eabi/10.3.1/thumb/v7e-m+dp/hard/libgcc.a(_udivmoddi4.o)
                0x0000000008000738                __udivmoddi4
 .text          0x0000000008000a08        0x4 /Library/DaisyToolchain/0.2.0/arm/bin/../lib/gcc/arm-none-eabi/10.3.1/thumb/v7e-m+dp/hard/libgcc.a(_dvmd_tls.o)
                0x0000000008000a08                __aeabi_ldiv0
                0x0000000008000a08                __aeabi_idiv0
 *(.text*)
 .text.Default_Handler
                0x0000000008000a0c        0x4 build/startup_stm32h750xx.o
                0x0000000008000a0c                SAI1_IRQHandler
                0x0000000008000a0c                HASH_RNG_IRQHandler
                0x0000000008000a0c                EXTI2_IRQHandler
                0x0000000008000a0c                TIM8_CC_IRQHandler
                0x0000000008000a0c                HRTIM1_Master_IRQHandler
                0x0000000008000a0c                DebugMon_Handler
                0x0000000008000a0c                TIM1_CC_IRQHandler
                0x0000000008000a0c                BDMA_Channel6_IRQHandler
                0x0000000008000a0c                DMA2_Stream5_IRQHandler
                0x0000000008000a0c                HRTIM1_FLT_IRQHandler
                0x0000000008000a0c                JPEG_IRQHandler
                0x0000000008000a0c                BDMA_Channel1_IRQHandler
                0x0000000008000a0c                HRTIM1_TIMD_IRQHandler
                0x0000000008000a0c                TAMP_STAMP_IRQHandler
                0x0000000008000a0c                PendSV_Handler
                0x0000000008000a0c                NMI_Handler
                0x0000000008000a0c                EXTI3_IRQHandler
                0x0000000008000a0c                LPTIM4_IRQHandler
                0x0000000008000a0c                TIM8_TRG_COM_TIM14_IRQHandler
                0x0000000008000a0c                LPTIM2_IRQHandler
                0x0000000008000a0c                DFSDM1_FLT1_IRQHandler
                0x0000000008000a0c                DMAMUX2_OVR_IRQHandler
                0x0000000008000a0c                TIM8_UP_TIM13_IRQHandler
                0x0000000008000a0c                I2C3_ER_IRQHandler
                0x0000000008000a0c                DFSDM1_FLT2_IRQHandler
                0x0000000008000a0c                MDMA_IRQHandler
                0x0000000008000a0c                LPTIM3_IRQHandler
                0x0000000008000a0c                HSEM1_IRQHandler
                0x0000000008000a0c                EXTI0_IRQHandler
                0x0000000008000a0c                FPU_IRQHandler
                0x0000000008000a0c                OTG_HS_WKUP_IRQHandler
                0x0000000008000a0c                FDCAN1_IT1_IRQHandler
                0x0000000008000a0c                UsageFault_Handler
                0x0000000008000a0c                LTDC_ER_IRQHandler
                0x0000000008000a0c                HRTIM1_TIME_IRQHandler
                0x0000000008000a0c                TIM6_DAC_IRQHandler
                0x0000000008000a0c                DCMI_IRQHandler
                0x0000000008000a0c                HRTIM1_TIMC_IRQHandler
                0x0000000008000a0c                SAI2_IRQHandler
                0x0000000008000a0c                DFSDM1_FLT3_IRQHandler
                0x0000000008000a0c                TIM17_IRQHandler
                0x0000000008000a0c                CRYP_IRQHandler
                0x0000000008000a0c                BDMA_Channel7_IRQHandler
                0x0000000008000a0c                LPTIM5_IRQHandler
                0x0000000008000a0c                ADC3_IRQHandler
                0x0000000008000a0c                DMA2_Stream0_IRQHandler
                0x0000000008000a0c                BDMA_Channel2_IRQHandler
                0x0000000008000a0c                DMAMUX1_OVR_IRQHandler
                0x0000000008000a0c                TIM16_IRQHandler
                0x0000000008000a0c                BDMA_Channel5_IRQHandler
                0x0000000008000a0c                RCC_IRQHandler
                0x0000000008000a0c                TIM8_BRK_TIM12_IRQHandler
                0x0000000008000a0c                TIM1_TRG_COM_IRQHandler
                0x0000000008000a0c                Default_Handler
                0x0000000008000a0c                ECC_IRQHandler
                0x0000000008000a0c                CEC_IRQHandler
                0x0000000008000a0c                EXTI15_10_IRQHandler
                0x0000000008000a0c                BDMA_Channel0_IRQHandler
                0x0000000008000a0c                ADC_IRQHandler
                0x0000000008000a0c                DMA1_Stream7_IRQHandler
                0x0000000008000a0c                HRTIM1_TIMA_IRQHandler
                0x0000000008000a0c                TIM7_IRQHandler
                0x0000000008000a0c                SDMMC1_IRQHandler
                0x0000000008000a0c                DMA2_Stream7_IRQHandler
                0x0000000008000a0c                TIM15_IRQHandler
                0x0000000008000a0c                PVD_AVD_IRQHandler
                0x0000000008000a0c                EXTI9_5_IRQHandler
                0x0000000008000a0c                RTC_WKUP_IRQHandler
                0x0000000008000a0c                LTDC_IRQHandler
                0x0000000008000a0c                SAI3_IRQHandler
                0x0000000008000a0c                ETH_WKUP_IRQHandler
                0x0000000008000a0c                SPDIF_RX_IRQHandler
                0x0000000008000a0c                MemManage_Handler
                0x0000000008000a0c                SVC_Handler
                0x0000000008000a0c                CRS_IRQHandler
                0x0000000008000a0c                EXTI4_IRQHandler
                0x0000000008000a0c                HRTIM1_TIMB_IRQHandler
                0x0000000008000a0c                FDCAN2_IT1_IRQHandler
                0x0000000008000a0c                ETH_IRQHandler
                0x0000000008000a0c                TIM1_UP_IRQHandler
                0x0000000008000a0c                BDMA_Channel4_IRQHandler
                0x0000000008000a0c                WWDG_IRQHandler
                0x0000000008000a0c                SPI6_IRQHandler
                0x0000000008000a0c                I2C4_EV_IRQHandler
                0x0000000008000a0c                MDIOS_IRQHandler
                0x0000000008000a0c                FDCAN2_IT0_IRQHandler
                0x0000000008000a0c                FDCAN1_IT0_IRQHandler
                0x0000000008000a0c                OTG_FS_WKUP_IRQHandler
                0x0000000008000a0c                DMA2D_IRQHandler
                0x0000000008000a0c                TIM1_BRK_IRQHandler
                0x0000000008000a0c                EXTI1_IRQHandler
                0x0000000008000a0c                SDMMC2_IRQHandler
                0x0000000008000a0c                OTG_FS_EP1_OUT_IRQHandler
                0x0000000008000a0c                BDMA_Channel3_IRQHandler
                0x0000000008000a0c                MDIOS_WKUP_IRQHandler
                0x0000000008000a0c                DFSDM1_FLT0_IRQHandler
                0x0000000008000a0c                SAI4_IRQHandler
                0x0000000008000a0c                I2C2_ER_IRQHandler
                0x0000000008000a0c                DMA2_Stream1_IRQHandler
                0x0000000008000a0c                FLASH_IRQHandler
                0x0000000008000a0c                BusFault_Handler
                0x0000000008000a0c                OTG_FS_IRQHandler
                0x0000000008000a0c                WAKEUP_PIN_IRQHandler
                0x0000000008000a0c                OTG_FS_EP1_IN_IRQHandler
                0x0000000008000a0c                I2C1_ER_IRQHandler
                0x0000000008000a0c                FMC_IRQHandler
                0x0000000008000a0c                FDCAN_CAL_IRQHandler
                0x0000000008000a0c                SWPMI1_IRQHandler
                0x0000000008000a0c                COMP1_IRQHandler
                0x0000000008000a0c                LPTIM1_IRQHandler
                0x0000000008000a0c                I2C4_ER_IRQHandler
                0x0000000008000a0c                DMA2_Stream6_IRQHandler
                0x0000000008000a0c                RTC_Alarm_IRQHandler
 .text.Reset_Handler
                0x0000000008000a10       0x44 build/startup_stm32h750xx.o
                0x0000000008000a10                Reset_Handler
 .text._ZN5daisy5DubbyD2Ev
                0x0000000008000a54        0x4 build/DubbyPlayground.o
                0x0000000008000a54                daisy::Dubby::~Dubby()
                0x0000000008000a54                daisy::Dubby::~Dubby()
 .text._ZN5daisy11OledDisplayINS_13SSD130xDriverILj128ELj64ENS_24SSD130x4WireSpiTransportEEEED2Ev
                0x0000000008000a58        0x4 build/DubbyPlayground.o
                0x0000000008000a58                daisy::OledDisplay<daisy::SSD130xDriver<128u, 64u, daisy::SSD130x4WireSpiTransport> >::~OledDisplay()
                0x0000000008000a58                daisy::OledDisplay<daisy::SSD130xDriver<128u, 64u, daisy::SSD130x4WireSpiTransport> >::~OledDisplay()
 .text._ZNK5daisy11OledDisplayINS_13SSD130xDriverILj128ELj64ENS_24SSD130x4WireSpiTransportEEEE6HeightEv
                0x0000000008000a5c        0x4 build/DubbyPlayground.o
                0x0000000008000a5c                daisy::OledDisplay<daisy::SSD130xDriver<128u, 64u, daisy::SSD130x4WireSpiTransport> >::Height() const
 .text._ZNK5daisy11OledDisplayINS_13SSD130xDriverILj128ELj64ENS_24SSD130x4WireSpiTransportEEEE5WidthEv
                0x0000000008000a60        0x4 build/DubbyPlayground.o
                0x0000000008000a60                daisy::OledDisplay<daisy::SSD130xDriver<128u, 64u, daisy::SSD130x4WireSpiTransport> >::Width() const
 .text._ZN5daisy11OledDisplayINS_13SSD130xDriverILj128ELj64ENS_24SSD130x4WireSpiTransportEEEE4FillEb
                0x0000000008000a64       0x10 build/DubbyPlayground.o
                0x0000000008000a64                daisy::OledDisplay<daisy::SSD130xDriver<128u, 64u, daisy::SSD130x4WireSpiTransport> >::Fill(bool)
 *fill*         0x0000000008000a74        0x4 
 .text._Z13AudioCallbackPKPKfPPfj
                0x0000000008000a78      0x104 build/DubbyPlayground.o
                0x0000000008000a78                AudioCallback(float const* const*, float**, unsigned int)
 .text._ZN5daisy11OledDisplayINS_13SSD130xDriverILj128ELj64ENS_24SSD130x4WireSpiTransportEEEED0Ev
                0x0000000008000b7c       0x10 build/DubbyPlayground.o
                0x0000000008000b7c                daisy::OledDisplay<daisy::SSD130xDriver<128u, 64u, daisy::SSD130x4WireSpiTransport> >::~OledDisplay()
 .text._ZN5daisy11OledDisplayINS_13SSD130xDriverILj128ELj64ENS_24SSD130x4WireSpiTransportEEEE6UpdateEv
                0x0000000008000b8c       0x8c build/DubbyPlayground.o
                0x0000000008000b8c                daisy::OledDisplay<daisy::SSD130xDriver<128u, 64u, daisy::SSD130x4WireSpiTransport> >::Update()
 .text._ZN5daisy25OneBitGraphicsDisplayImplINS_11OledDisplayINS_13SSD130xDriverILj128ELj64ENS_24SSD130x4WireSpiTransportEEEEEE11WriteStringEPKc7FontDefb
                0x0000000008000c18      0x1c0 build/DubbyPlayground.o
                0x0000000008000c18                daisy::OneBitGraphicsDisplayImpl<daisy::OledDisplay<daisy::SSD130xDriver<128u, 64u, daisy::SSD130x4WireSpiTransport> > >::WriteString(char const*, FontDef, bool)
 .text._ZN5daisy25OneBitGraphicsDisplayImplINS_11OledDisplayINS_13SSD130xDriverILj128ELj64ENS_24SSD130x4WireSpiTransportEEEEEE9WriteCharEc7FontDefb
                0x0000000008000dd8      0x1a0 build/DubbyPlayground.o
                0x0000000008000dd8                daisy::OneBitGraphicsDisplayImpl<daisy::OledDisplay<daisy::SSD130xDriver<128u, 64u, daisy::SSD130x4WireSpiTransport> > >::WriteChar(char, FontDef, bool)
 .text._ZN5daisy25OneBitGraphicsDisplayImplINS_11OledDisplayINS_13SSD130xDriverILj128ELj64ENS_24SSD130x4WireSpiTransportEEEEEE18WriteStringAlignedEPKcRK7FontDefNS_9RectangleENS_9AlignmentEb
                0x0000000008000f78      0x3ec build/DubbyPlayground.o
                0x0000000008000f78                daisy::OneBitGraphicsDisplayImpl<daisy::OledDisplay<daisy::SSD130xDriver<128u, 64u, daisy::SSD130x4WireSpiTransport> > >::WriteStringAligned(char const*, FontDef const&, daisy::Rectangle, daisy::Alignment, bool)
 .text._ZN5daisy11OledDisplayINS_13SSD130xDriverILj128ELj64ENS_24SSD130x4WireSpiTransportEEEE9DrawPixelEjjb
                0x0000000008001364       0x44 build/DubbyPlayground.o
                0x0000000008001364                daisy::OledDisplay<daisy::SSD130xDriver<128u, 64u, daisy::SSD130x4WireSpiTransport> >::DrawPixel(unsigned int, unsigned int, bool)
 .text._ZN5daisy25OneBitGraphicsDisplayImplINS_11OledDisplayINS_13SSD130xDriverILj128ELj64ENS_24SSD130x4WireSpiTransportEEEEEE8DrawLineEjjjjb
                0x00000000080013a8       0xfc build/DubbyPlayground.o
                0x00000000080013a8                daisy::OneBitGraphicsDisplayImpl<daisy::OledDisplay<daisy::SSD130xDriver<128u, 64u, daisy::SSD130x4WireSpiTransport> > >::DrawLine(unsigned int, unsigned int, unsigned int, unsigned int, bool)
 *fill*         0x00000000080014a4        0x4 
 .text._ZN5daisy25OneBitGraphicsDisplayImplINS_11OledDisplayINS_13SSD130xDriverILj128ELj64ENS_24SSD130x4WireSpiTransportEEEEEE7DrawArcEjjjiib
                0x00000000080014a8      0x478 build/DubbyPlayground.o
                0x00000000080014a8                daisy::OneBitGraphicsDisplayImpl<daisy::OledDisplay<daisy::SSD130xDriver<128u, 64u, daisy::SSD130x4WireSpiTransport> > >::DrawArc(unsigned int, unsigned int, unsigned int, int, int, bool)
 .text._ZN5daisy25OneBitGraphicsDisplayImplINS_11OledDisplayINS_13SSD130xDriverILj128ELj64ENS_24SSD130x4WireSpiTransportEEEEEE8DrawRectEjjjjbb
                0x0000000008001920      0x418 build/DubbyPlayground.o
                0x0000000008001920                daisy::OneBitGraphicsDisplayImpl<daisy::OledDisplay<daisy::SSD130xDriver<128u, 64u, daisy::SSD130x4WireSpiTransport> > >::DrawRect(unsigned int, unsigned int, unsigned int, unsigned int, bool, bool)
 .text._ZN5daisy5DubbyC2Ev
                0x0000000008001d38       0x9c build/DubbyPlayground.o
                0x0000000008001d38                daisy::Dubby::Dubby()
                0x0000000008001d38                daisy::Dubby::Dubby()
 .text.startup.main
                0x0000000008001dd4       0x60 build/DubbyPlayground.o
                0x0000000008001dd4                main
 .text.startup._GLOBAL__sub_I_dubby
                0x0000000008001e34       0x24 build/DubbyPlayground.o
 .text._ZN5daisy5Dubby11RenderScopeEv.part.0
                0x0000000008001e58      0x1e8 build/Dubby.o
 .text._ZN5daisy5Dubby12InitControlsEv
                0x0000000008002040       0xd8 build/Dubby.o
                0x0000000008002040                daisy::Dubby::InitControls()
 .text._ZN5daisy5Dubby9InitGatesEv
                0x0000000008002118       0x7c build/Dubby.o
                0x0000000008002118                daisy::Dubby::InitGates()
 .text._ZN5daisy5Dubby10DrawBitmapEi
                0x0000000008002194      0x130 build/Dubby.o
                0x0000000008002194                daisy::Dubby::DrawBitmap(int)
 .text._ZN5daisy5Dubby8DrawLogoEv
                0x00000000080022c4        0x8 build/Dubby.o
                0x00000000080022c4                daisy::Dubby::DrawLogo()
 .text._ZN5daisy5Dubby9UpdateBarEi
                0x00000000080022cc      0x408 build/Dubby.o
                0x00000000080022cc                daisy::Dubby::UpdateBar(int)
 .text._ZN5daisy5Dubby18ProcessAllControlsEv
                0x00000000080026d4       0x24 build/Dubby.o
                0x00000000080026d4                daisy::Dubby::ProcessAllControls()
 .text._ZN5daisy5Dubby12GetKnobValueENS0_4CtrlE
                0x00000000080026f8        0xc build/Dubby.o
                0x00000000080026f8                daisy::Dubby::GetKnobValue(daisy::Dubby::Ctrl)
 .text._ZN5daisy5Dubby9InitAudioEv
                0x0000000008002704      0x110 build/Dubby.o
                0x0000000008002704                daisy::Dubby::InitAudio()
 .text._ZN5daisy5Dubby18HightlightMenuItemEv
                0x0000000008002814      0x1f0 build/Dubby.o
                0x0000000008002814                daisy::Dubby::HightlightMenuItem()
 .text._ZN5daisy5Dubby11ReleaseMenuEv
                0x0000000008002a04      0x434 build/Dubby.o
                0x0000000008002a04                daisy::Dubby::ReleaseMenu()
 .text._ZN5daisy5Dubby22DisplayPreferencesMenuEv
                0x0000000008002e38      0x42c build/Dubby.o
                0x0000000008002e38                daisy::Dubby::DisplayPreferencesMenu()
 .text._ZN5daisy5Dubby13UpdateSubmenuEv
                0x0000000008003264       0xb8 build/Dubby.o
                0x0000000008003264                daisy::Dubby::UpdateSubmenu()
 .text._ZN5daisy5Dubby10UpdateMenuEib
                0x000000000800331c       0xc8 build/Dubby.o
                0x000000000800331c                daisy::Dubby::UpdateMenu(int, bool)
 .text._ZN5daisy5Dubby17ResetToBootloaderEv
                0x00000000080033e4       0xbc build/Dubby.o
                0x00000000080033e4                daisy::Dubby::ResetToBootloader()
 .text._ZN5daisy5Dubby13UpdateDisplayEv
                0x00000000080034a0      0x18c build/Dubby.o
                0x00000000080034a0                daisy::Dubby::UpdateDisplay()
 .text._ZN5daisy13SSD130xDriverILj128ELj64ENS_24SSD130x4WireSpiTransportEE4InitENS2_6ConfigE
                0x000000000800362c      0x2ec build/Dubby.o
                0x000000000800362c                daisy::SSD130xDriver<128u, 64u, daisy::SSD130x4WireSpiTransport>::Init(daisy::SSD130xDriver<128u, 64u, daisy::SSD130x4WireSpiTransport>::Config)
 .text._ZN5daisy5Dubby11InitDisplayEv
                0x0000000008003918       0x8c build/Dubby.o
                0x0000000008003918                daisy::Dubby::InitDisplay()
 .text._ZN5daisy5Dubby4InitEv
                0x00000000080039a4       0x84 build/Dubby.o
                0x00000000080039a4                daisy::Dubby::Init()
 .text._ZN5daisy9DaisySeed6GetPinEh
                0x0000000008003a28       0x2c ../../libDaisy//build/libdaisy.a(daisy_seed.o)
                0x0000000008003a28                daisy::DaisySeed::GetPin(unsigned char)
 .text._ZN5daisy9DaisySeed10StartAudioEPFvPKPKfPPfjE
                0x0000000008003a54        0x8 ../../libDaisy//build/libdaisy.a(daisy_seed.o)
                0x0000000008003a54                daisy::DaisySeed::StartAudio(void (*)(float const* const*, float**, unsigned int))
 .text._ZN5daisy9DaisySeed18SetAudioSampleRateENS_9SaiHandle6Config10SampleRateE
                0x0000000008003a5c       0x38 ../../libDaisy//build/libdaisy.a(daisy_seed.o)
                0x0000000008003a5c                daisy::DaisySeed::SetAudioSampleRate(daisy::SaiHandle::Config::SampleRate)
 .text._ZN5daisy9DaisySeed17SetAudioBlockSizeEj
                0x0000000008003a94       0x38 ../../libDaisy//build/libdaisy.a(daisy_seed.o)
                0x0000000008003a94                daisy::DaisySeed::SetAudioBlockSize(unsigned int)
 .text._ZNK5daisy9DaisySeed17AudioCallbackRateEv
                0x0000000008003acc        0x8 ../../libDaisy//build/libdaisy.a(daisy_seed.o)
                0x0000000008003acc                daisy::DaisySeed::AudioCallbackRate() const
 .text._ZN5daisy9DaisySeed14ConfigureAudioEv
                0x0000000008003ad4       0xd0 ../../libDaisy//build/libdaisy.a(daisy_seed.o)
                0x0000000008003ad4                daisy::DaisySeed::ConfigureAudio()
 .text._ZN5daisy9DaisySeed4InitEb
                0x0000000008003ba4       0xf0 ../../libDaisy//build/libdaisy.a(daisy_seed.o)
                0x0000000008003ba4                daisy::DaisySeed::Init(bool)
 .text._ZN5daisy9DaisySeed17CheckBoardVersionEv
                0x0000000008003c94       0x30 ../../libDaisy//build/libdaisy.a(daisy_seed.o)
                0x0000000008003c94                daisy::DaisySeed::CheckBoardVersion()
 .text._ZN5daisy6Ak45564InitE12dsy_gpio_pin
                0x0000000008003cc4       0x44 ../../libDaisy//build/libdaisy.a(codec_ak4556.o)
                0x0000000008003cc4                daisy::Ak4556::Init(dsy_gpio_pin)
 .text._ZN5daisy7Pcm30604InitENS_9I2CHandleE
                0x0000000008003d08      0x16c ../../libDaisy//build/libdaisy.a(codec_pcm3060.o)
                0x0000000008003d08                daisy::Pcm3060::Init(daisy::I2CHandle)
 .text._ZN5daisy6Wm873120WriteControlRegisterEht
                0x0000000008003e74       0x3c ../../libDaisy//build/libdaisy.a(codec_wm8731.o)
                0x0000000008003e74                daisy::Wm8731::WriteControlRegister(unsigned char, unsigned short)
 .text._ZN5daisy6Wm87314InitERKNS0_6ConfigENS_9I2CHandleE
                0x0000000008003eb0      0x1bc ../../libDaisy//build/libdaisy.a(codec_wm8731.o)
                0x0000000008003eb0                daisy::Wm8731::Init(daisy::Wm8731::Config const&, daisy::I2CHandle)
 .text._ZN11SdramHandle10DeviceInitEv
                0x000000000800406c       0x98 ../../libDaisy//build/libdaisy.a(sdram.o)
                0x000000000800406c                SdramHandle::DeviceInit()
 .text._ZN11SdramHandle4InitEv
                0x0000000008004104       0x7c ../../libDaisy//build/libdaisy.a(sdram.o)
                0x0000000008004104                SdramHandle::Init()
 .text.HAL_SDRAM_MspInit
                0x0000000008004180      0x1a8 ../../libDaisy//build/libdaisy.a(sdram.o)
                0x0000000008004180                HAL_SDRAM_MspInit
 .text._ZN5daisy11AudioHandle4Impl16InternalCallbackEPlS2_j
                0x0000000008004328      0xbbc ../../libDaisy//build/libdaisy.a(audio.o)
                0x0000000008004328                daisy::AudioHandle::Impl::InternalCallback(long*, long*, unsigned int)
 .text._ZN5daisy11AudioHandle4InitERKNS0_6ConfigENS_9SaiHandleE
                0x0000000008004ee4       0x70 ../../libDaisy//build/libdaisy.a(audio.o)
                0x0000000008004ee4                daisy::AudioHandle::Init(daisy::AudioHandle::Config const&, daisy::SaiHandle)
 .text._ZN5daisy11AudioHandle4InitERKNS0_6ConfigENS_9SaiHandleES4_
                0x0000000008004f54       0x88 ../../libDaisy//build/libdaisy.a(audio.o)
                0x0000000008004f54                daisy::AudioHandle::Init(daisy::AudioHandle::Config const&, daisy::SaiHandle, daisy::SaiHandle)
 .text._ZNK5daisy11AudioHandle9GetConfigEv
                0x0000000008004fdc        0x8 ../../libDaisy//build/libdaisy.a(audio.o)
                0x0000000008004fdc                daisy::AudioHandle::GetConfig() const
 .text._ZN5daisy11AudioHandle12SetBlockSizeEj
                0x0000000008004fe4       0x1c ../../libDaisy//build/libdaisy.a(audio.o)
                0x0000000008004fe4                daisy::AudioHandle::SetBlockSize(unsigned int)
 .text._ZN5daisy11AudioHandle13GetSampleRateEv
                0x0000000008005000        0x8 ../../libDaisy//build/libdaisy.a(audio.o)
                0x0000000008005000                daisy::AudioHandle::GetSampleRate()
 .text._ZN5daisy11AudioHandle13SetSampleRateENS_9SaiHandle6Config10SampleRateE
                0x0000000008005008       0x88 ../../libDaisy//build/libdaisy.a(audio.o)
                0x0000000008005008                daisy::AudioHandle::SetSampleRate(daisy::SaiHandle::Config::SampleRate)
 .text._ZN5daisy11AudioHandle5StartEPFvPKPKfPPfjE
                0x0000000008005090       0x44 ../../libDaisy//build/libdaisy.a(audio.o)
                0x0000000008005090                daisy::AudioHandle::Start(void (*)(float const* const*, float**, unsigned int))
 .text.startup._GLOBAL__sub_I__ZN5daisy11AudioHandle4Impl4InitENS0_6ConfigENS_9SaiHandleE
                0x00000000080050d4       0x24 ../../libDaisy//build/libdaisy.a(audio.o)
 .text._ZN5daisy13AnalogControl4InitEPtfbbf
                0x00000000080050f8       0x64 ../../libDaisy//build/libdaisy.a(ctrl.o)
                0x00000000080050f8                daisy::AnalogControl::Init(unsigned short*, float, bool, bool, float)
 .text._ZN5daisy13AnalogControl7ProcessEv
                0x000000000800515c       0x48 ../../libDaisy//build/libdaisy.a(ctrl.o)
                0x000000000800515c                daisy::AnalogControl::Process()
 .text._ZN5daisy7Encoder4InitE12dsy_gpio_pinS1_S1_f
                0x00000000080051a4       0x60 ../../libDaisy//build/libdaisy.a(encoder.o)
                0x00000000080051a4                daisy::Encoder::Init(dsy_gpio_pin, dsy_gpio_pin, dsy_gpio_pin, float)
 .text._ZN5daisy7Encoder8DebounceEv
                0x0000000008005204       0x7c ../../libDaisy//build/libdaisy.a(encoder.o)
                0x0000000008005204                daisy::Encoder::Debounce()
 .text._ZN5daisy6GateIn4InitEP12dsy_gpio_pinb
                0x0000000008005280       0x14 ../../libDaisy//build/libdaisy.a(gatein.o)
                0x0000000008005280                daisy::GateIn::Init(dsy_gpio_pin*, bool)
 .text._ZN5daisy6Switch4InitE12dsy_gpio_pinf
                0x0000000008005294       0x34 ../../libDaisy//build/libdaisy.a(switch.o)
                0x0000000008005294                daisy::Switch::Init(dsy_gpio_pin, float)
 .text._ZN5daisy6Switch8DebounceEv
                0x00000000080052c8       0x5c ../../libDaisy//build/libdaisy.a(switch.o)
                0x00000000080052c8                daisy::Switch::Debounce()
 .text._ZN5daisy16AdcChannelConfig10InitSingleE12dsy_gpio_pin
                0x0000000008005324       0x1c ../../libDaisy//build/libdaisy.a(adc.o)
                0x0000000008005324                daisy::AdcChannelConfig::InitSingle(dsy_gpio_pin)
 .text._ZN5daisy9AdcHandle4InitEPNS_16AdcChannelConfigEjNS0_12OverSamplingE
                0x0000000008005340      0x3c8 ../../libDaisy//build/libdaisy.a(adc.o)
                0x0000000008005340                daisy::AdcHandle::Init(daisy::AdcChannelConfig*, unsigned int, daisy::AdcHandle::OverSampling)
 .text._ZN5daisy9AdcHandle5StartEv
                0x0000000008005708       0x2c ../../libDaisy//build/libdaisy.a(adc.o)
                0x0000000008005708                daisy::AdcHandle::Start()
 .text._ZNK5daisy9AdcHandle6GetPtrEh
                0x0000000008005734       0x14 ../../libDaisy//build/libdaisy.a(adc.o)
                0x0000000008005734                daisy::AdcHandle::GetPtr(unsigned char) const
 .text.HAL_ADC_MspInit
                0x0000000008005748       0x98 ../../libDaisy//build/libdaisy.a(adc.o)
                0x0000000008005748                HAL_ADC_MspInit
 .text.DMA1_Stream2_IRQHandler
                0x00000000080057e0        0xc ../../libDaisy//build/libdaisy.a(adc.o)
                0x00000000080057e0                DMA1_Stream2_IRQHandler
 .text.HAL_ADC_ConvCpltCallback
                0x00000000080057ec      0x148 ../../libDaisy//build/libdaisy.a(adc.o)
                0x00000000080057ec                HAL_ADC_ConvCpltCallback
 .text.HAL_ADC_ErrorCallback
                0x0000000008005934        0x4 ../../libDaisy//build/libdaisy.a(adc.o)
                0x0000000008005934                HAL_ADC_ErrorCallback
 .text.dsy_gpio_init
                0x0000000008005938      0x1b8 ../../libDaisy//build/libdaisy.a(gpio.o)
                0x0000000008005938                dsy_gpio_init
 .text.dsy_gpio_read
                0x0000000008005af0       0x1c ../../libDaisy//build/libdaisy.a(gpio.o)
                0x0000000008005af0                dsy_gpio_read
 .text.dsy_gpio_write
                0x0000000008005b0c       0x24 ../../libDaisy//build/libdaisy.a(gpio.o)
                0x0000000008005b0c                dsy_gpio_write
 .text._ZN5daisy9I2CHandle4Impl8InitPinsEv
                0x0000000008005b30       0x58 ../../libDaisy//build/libdaisy.a(i2c.o)
                0x0000000008005b30                daisy::I2CHandle::Impl::InitPins()
 .text.HAL_I2C_MspInit
                0x0000000008005b88      0x1b4 ../../libDaisy//build/libdaisy.a(i2c.o)
                0x0000000008005b88                HAL_I2C_MspInit
 .text.dsy_i2c_global_init
                0x0000000008005d3c       0x78 ../../libDaisy//build/libdaisy.a(i2c.o)
                0x0000000008005d3c                dsy_i2c_global_init
 .text.DMA1_Stream6_IRQHandler
                0x0000000008005db4       0x34 ../../libDaisy//build/libdaisy.a(i2c.o)
                0x0000000008005db4                DMA1_Stream6_IRQHandler
 .text.I2C1_EV_IRQHandler
                0x0000000008005de8        0xc ../../libDaisy//build/libdaisy.a(i2c.o)
                0x0000000008005de8                I2C1_EV_IRQHandler
 .text.I2C2_EV_IRQHandler
                0x0000000008005df4        0xc ../../libDaisy//build/libdaisy.a(i2c.o)
                0x0000000008005df4                I2C2_EV_IRQHandler
 .text.I2C3_EV_IRQHandler
                0x0000000008005e00        0xc ../../libDaisy//build/libdaisy.a(i2c.o)
                0x0000000008005e00                I2C3_EV_IRQHandler
 .text._ZN5daisy9I2CHandle4InitERKNS0_6ConfigE
                0x0000000008005e0c      0x12c ../../libDaisy//build/libdaisy.a(i2c.o)
                0x0000000008005e0c                daisy::I2CHandle::Init(daisy::I2CHandle::Config const&)
 .text._ZN5daisy9I2CHandle16TransmitBlockingEtPhtm
                0x0000000008005f38       0x50 ../../libDaisy//build/libdaisy.a(i2c.o)
                0x0000000008005f38                daisy::I2CHandle::TransmitBlocking(unsigned short, unsigned char*, unsigned short, unsigned long)
 .text._ZN5daisy9I2CHandle17ReadDataAtAddressEtttPhtm
                0x0000000008005f88       0x4c ../../libDaisy//build/libdaisy.a(i2c.o)
                0x0000000008005f88                daisy::I2CHandle::ReadDataAtAddress(unsigned short, unsigned short, unsigned short, unsigned char*, unsigned short, unsigned long)
 .text._ZN5daisy9I2CHandle18WriteDataAtAddressEtttPhtm
                0x0000000008005fd4       0x4c ../../libDaisy//build/libdaisy.a(i2c.o)
                0x0000000008005fd4                daisy::I2CHandle::WriteDataAtAddress(unsigned short, unsigned short, unsigned short, unsigned char*, unsigned short, unsigned long)
 .text.startup._GLOBAL__sub_I__ZN5daisy9I2CHandle4Impl10GlobalInitEv
                0x0000000008006020       0x18 ../../libDaisy//build/libdaisy.a(i2c.o)
 .text._ZN5daisy10QSPIHandle4Impl11WriteEnableEv
                0x0000000008006038       0x8c ../../libDaisy//build/libdaisy.a(qspi.o)
                0x0000000008006038                daisy::QSPIHandle::Impl::WriteEnable()
 *fill*         0x00000000080060c4        0x4 
 .text._ZN5daisy10QSPIHandle4Impl17DummyCyclesConfigENS0_6Config6DeviceE
                0x00000000080060c8      0x118 ../../libDaisy//build/libdaisy.a(qspi.o)
                0x00000000080060c8                daisy::QSPIHandle::Impl::DummyCyclesConfig(daisy::QSPIHandle::Config::Device)
 .text._ZN5daisy10QSPIHandle4Impl10QuadEnableEv
                0x00000000080061e0      0x158 ../../libDaisy//build/libdaisy.a(qspi.o)
                0x00000000080061e0                daisy::QSPIHandle::Impl::QuadEnable()
 .text._ZN5daisy10QSPIHandle4InitERKNS0_6ConfigE
                0x0000000008006338      0x198 ../../libDaisy//build/libdaisy.a(qspi.o)
                0x0000000008006338                daisy::QSPIHandle::Init(daisy::QSPIHandle::Config const&)
 .text.HAL_QSPI_MspInit
                0x00000000080064d0      0x11c ../../libDaisy//build/libdaisy.a(qspi.o)
                0x00000000080064d0                HAL_QSPI_MspInit
 .text.HAL_QSPI_MspDeInit
                0x00000000080065ec       0x54 ../../libDaisy//build/libdaisy.a(qspi.o)
                0x00000000080065ec                HAL_QSPI_MspDeInit
 .text.QUADSPI_IRQHandler
                0x0000000008006640        0xc ../../libDaisy//build/libdaisy.a(qspi.o)
                0x0000000008006640                QUADSPI_IRQHandler
 .text.startup._GLOBAL__sub_I__ZN5daisy10QSPIHandle4Impl4InitERKNS0_6ConfigE
                0x000000000800664c       0x28 ../../libDaisy//build/libdaisy.a(qspi.o)
 .text._ZN5daisy9SaiHandle4Impl7InitDmaENS1_15PeripheralBlockE
                0x0000000008006674       0xa0 ../../libDaisy//build/libdaisy.a(sai.o)
                0x0000000008006674                daisy::SaiHandle::Impl::InitDma(daisy::SaiHandle::Impl::PeripheralBlock)
 .text._ZN5daisy9SaiHandle4Impl8InitPinsEv
                0x0000000008006714       0xa8 ../../libDaisy//build/libdaisy.a(sai.o)
                0x0000000008006714                daisy::SaiHandle::Impl::InitPins()
 .text.HAL_SAI_MspInit
                0x00000000080067bc      0x164 ../../libDaisy//build/libdaisy.a(sai.o)
                0x00000000080067bc                HAL_SAI_MspInit
 .text.DMA1_Stream0_IRQHandler
                0x0000000008006920        0xc ../../libDaisy//build/libdaisy.a(sai.o)
                0x0000000008006920                DMA1_Stream0_IRQHandler
 .text.DMA1_Stream1_IRQHandler
                0x000000000800692c        0xc ../../libDaisy//build/libdaisy.a(sai.o)
                0x000000000800692c                DMA1_Stream1_IRQHandler
 .text.DMA1_Stream3_IRQHandler
                0x0000000008006938        0xc ../../libDaisy//build/libdaisy.a(sai.o)
                0x0000000008006938                DMA1_Stream3_IRQHandler
 .text.DMA1_Stream4_IRQHandler
                0x0000000008006944        0xc ../../libDaisy//build/libdaisy.a(sai.o)
                0x0000000008006944                DMA1_Stream4_IRQHandler
 .text.HAL_SAI_RxHalfCpltCallback
                0x0000000008006950       0x78 ../../libDaisy//build/libdaisy.a(sai.o)
                0x0000000008006950                HAL_SAI_RxHalfCpltCallback
 .text.HAL_SAI_RxCpltCallback
                0x00000000080069c8       0x70 ../../libDaisy//build/libdaisy.a(sai.o)
                0x00000000080069c8                HAL_SAI_RxCpltCallback
 .text._ZN5daisy9SaiHandle4InitERKNS0_6ConfigE
                0x0000000008006a38      0x1f0 ../../libDaisy//build/libdaisy.a(sai.o)
                0x0000000008006a38                daisy::SaiHandle::Init(daisy::SaiHandle::Config const&)
 .text._ZNK5daisy9SaiHandle9GetConfigEv
                0x0000000008006c28        0x4 ../../libDaisy//build/libdaisy.a(sai.o)
                0x0000000008006c28                daisy::SaiHandle::GetConfig() const
 .text._ZN5daisy9SaiHandle8StartDmaEPlS1_jPFvS1_S1_jE
                0x0000000008006c2c       0xbc ../../libDaisy//build/libdaisy.a(sai.o)
                0x0000000008006c2c                daisy::SaiHandle::StartDma(long*, long*, unsigned int, void (*)(long*, long*, unsigned int))
 .text._ZN5daisy9SaiHandle13GetSampleRateEv
                0x0000000008006ce8       0x24 ../../libDaisy//build/libdaisy.a(sai.o)
                0x0000000008006ce8                daisy::SaiHandle::GetSampleRate()
 .text._ZNK5daisy9SaiHandle9GetOffsetEv
                0x0000000008006d0c        0x8 ../../libDaisy//build/libdaisy.a(sai.o)
                0x0000000008006d0c                daisy::SaiHandle::GetOffset() const
 .text._ZN5daisy9SpiHandle4Impl7InitDmaEv
                0x0000000008006d14       0xec ../../libDaisy//build/libdaisy.a(spi.o)
                0x0000000008006d14                daisy::SpiHandle::Impl::InitDma()
 .text._ZN5daisy9SpiHandle4Impl10StartDmaTxEPhjPFvPvEPFvS3_NS0_6ResultEES3_
                0x0000000008006e00       0xc8 ../../libDaisy//build/libdaisy.a(spi.o)
                0x0000000008006e00                daisy::SpiHandle::Impl::StartDmaTx(unsigned char*, unsigned int, void (*)(void*), void (*)(void*, daisy::SpiHandle::Result), void*)
 .text._ZN5daisy9SpiHandle4Impl10StartDmaRxEPhjPFvPvEPFvS3_NS0_6ResultEES3_
                0x0000000008006ec8       0xc8 ../../libDaisy//build/libdaisy.a(spi.o)
                0x0000000008006ec8                daisy::SpiHandle::Impl::StartDmaRx(unsigned char*, unsigned int, void (*)(void*), void (*)(void*, daisy::SpiHandle::Result), void*)
 .text._ZN5daisy9SpiHandle4Impl12StartDmaRxTxEPhS2_jPFvPvEPFvS3_NS0_6ResultEES3_
                0x0000000008006f90       0xcc ../../libDaisy//build/libdaisy.a(spi.o)
                0x0000000008006f90                daisy::SpiHandle::Impl::StartDmaRxTx(unsigned char*, unsigned char*, unsigned int, void (*)(void*), void (*)(void*, daisy::SpiHandle::Result), void*)
 .text._ZN5daisy9SpiHandle4Impl8InitPinsEv
                0x000000000800705c      0x274 ../../libDaisy//build/libdaisy.a(spi.o)
                0x000000000800705c                daisy::SpiHandle::Impl::InitPins()
 .text.HAL_SPI_MspInit
                0x00000000080072d0      0x1a8 ../../libDaisy//build/libdaisy.a(spi.o)
                0x00000000080072d0                HAL_SPI_MspInit
 .text.dsy_spi_global_init
                0x0000000008007478       0x80 ../../libDaisy//build/libdaisy.a(spi.o)
                0x0000000008007478                dsy_spi_global_init
 .text.SPI1_IRQHandler
                0x00000000080074f8        0xc ../../libDaisy//build/libdaisy.a(spi.o)
                0x00000000080074f8                SPI1_IRQHandler
 .text.SPI2_IRQHandler
                0x0000000008007504        0xc ../../libDaisy//build/libdaisy.a(spi.o)
                0x0000000008007504                SPI2_IRQHandler
 .text.SPI3_IRQHandler
                0x0000000008007510        0xc ../../libDaisy//build/libdaisy.a(spi.o)
                0x0000000008007510                SPI3_IRQHandler
 .text.SPI4_IRQHandler
                0x000000000800751c        0xc ../../libDaisy//build/libdaisy.a(spi.o)
                0x000000000800751c                SPI4_IRQHandler
 .text.SPI5_IRQHandler
                0x0000000008007528        0xc ../../libDaisy//build/libdaisy.a(spi.o)
                0x0000000008007528                SPI5_IRQHandler
 .text.DMA2_Stream2_IRQHandler
                0x0000000008007534       0x34 ../../libDaisy//build/libdaisy.a(spi.o)
                0x0000000008007534                DMA2_Stream2_IRQHandler
 .text.DMA2_Stream3_IRQHandler
                0x0000000008007568       0x38 ../../libDaisy//build/libdaisy.a(spi.o)
                0x0000000008007568                DMA2_Stream3_IRQHandler
 .text.HAL_SPI_TxCpltCallback
                0x00000000080075a0       0xc4 ../../libDaisy//build/libdaisy.a(spi.o)
                0x00000000080075a0                HAL_SPI_TxCpltCallback
 .text.HAL_SPI_RxCpltCallback
                0x0000000008007664       0xc4 ../../libDaisy//build/libdaisy.a(spi.o)
                0x0000000008007664                HAL_SPI_RxCpltCallback
 .text.HAL_SPI_TxRxCpltCallback
                0x0000000008007728       0xc4 ../../libDaisy//build/libdaisy.a(spi.o)
                0x0000000008007728                HAL_SPI_TxRxCpltCallback
 .text.HAL_SPI_ErrorCallback
                0x00000000080077ec       0xc8 ../../libDaisy//build/libdaisy.a(spi.o)
                0x00000000080077ec                HAL_SPI_ErrorCallback
 .text._ZN5daisy9SpiHandle4InitERKNS0_6ConfigE
                0x00000000080078b4      0x10c ../../libDaisy//build/libdaisy.a(spi.o)
                0x00000000080078b4                daisy::SpiHandle::Init(daisy::SpiHandle::Config const&)
 .text._ZN5daisy9SpiHandle16BlockingTransmitEPhjm
                0x00000000080079c0       0x14 ../../libDaisy//build/libdaisy.a(spi.o)
                0x00000000080079c0                daisy::SpiHandle::BlockingTransmit(unsigned char*, unsigned int, unsigned long)
 .text.startup._GLOBAL__sub_I__Z19MapInstanceToHandleP11SPI_TypeDef
                0x00000000080079d4      0x1b0 ../../libDaisy//build/libdaisy.a(spi.o)
 .text._ZN5daisy11TimerHandleD2Ev
                0x0000000008007b84        0x4 ../../libDaisy//build/libdaisy.a(system.o)
                0x0000000008007b84                daisy::TimerHandle::~TimerHandle()
                0x0000000008007b84                daisy::TimerHandle::~TimerHandle()
 .text.SysTick_Handler
                0x0000000008007b88       0x10 ../../libDaisy//build/libdaisy.a(system.o)
                0x0000000008007b88                SysTick_Handler
 .text.OTG_HS_EP1_OUT_IRQHandler
                0x0000000008007b98       0x24 ../../libDaisy//build/libdaisy.a(system.o)
                0x0000000008007b98                OTG_HS_EP1_OUT_IRQHandler
 .text.OTG_HS_EP1_IN_IRQHandler
                0x0000000008007bbc       0x24 ../../libDaisy//build/libdaisy.a(system.o)
                0x0000000008007bbc                OTG_HS_EP1_IN_IRQHandler
 .text.OTG_HS_IRQHandler
                0x0000000008007be0       0x24 ../../libDaisy//build/libdaisy.a(system.o)
                0x0000000008007be0                OTG_HS_IRQHandler
 .text.HardFault_Handler
                0x0000000008007c04       0xe0 ../../libDaisy//build/libdaisy.a(system.o)
                0x0000000008007c04                HardFault_Handler
 .text._ZN5daisy6System6GetNowEv
                0x0000000008007ce4        0x4 ../../libDaisy//build/libdaisy.a(system.o)
                0x0000000008007ce4                daisy::System::GetNow()
 .text._ZN5daisy6System5DelayEm
                0x0000000008007ce8        0x4 ../../libDaisy//build/libdaisy.a(system.o)
                0x0000000008007ce8                daisy::System::Delay(unsigned long)
 .text._ZN5daisy6System17ResetToBootloaderEv
                0x0000000008007cec       0x38 ../../libDaisy//build/libdaisy.a(system.o)
                0x0000000008007cec                daisy::System::ResetToBootloader()
 .text._ZN5daisy6System15ConfigureClocksEv
                0x0000000008007d24      0x194 ../../libDaisy//build/libdaisy.a(system.o)
                0x0000000008007d24                daisy::System::ConfigureClocks()
 .text._ZN5daisy6System4InitERKNS0_6ConfigE
                0x0000000008007eb8      0x140 ../../libDaisy//build/libdaisy.a(system.o)
                0x0000000008007eb8                daisy::System::Init(daisy::System::Config const&)
 .text._ZN5daisy6System12GetPClk1FreqEv
                0x0000000008007ff8        0x4 ../../libDaisy//build/libdaisy.a(system.o)
                0x0000000008007ff8                daisy::System::GetPClk1Freq()
 .text._ZN5daisy6System22GetProgramMemoryRegionEv
                0x0000000008007ffc       0x78 ../../libDaisy//build/libdaisy.a(system.o)
                0x0000000008007ffc                daisy::System::GetProgramMemoryRegion()
 .text.startup._GLOBAL__sub_I_SysTick_Handler
                0x0000000008008074       0x1c ../../libDaisy//build/libdaisy.a(system.o)
 .text.SystemInit
                0x0000000008008090       0x9c ../../libDaisy//build/libdaisy.a(system_stm32h7xx.o)
                0x0000000008008090                SystemInit
 .text.HAL_PCD_SetupStageCallback
                0x000000000800812c        0xc ../../libDaisy//build/libdaisy.a(usbd_conf.o)
                0x000000000800812c                HAL_PCD_SetupStageCallback
 .text.HAL_PCD_DataOutStageCallback
                0x0000000008008138       0x14 ../../libDaisy//build/libdaisy.a(usbd_conf.o)
                0x0000000008008138                HAL_PCD_DataOutStageCallback
 .text.HAL_PCD_DataInStageCallback
                0x000000000800814c       0x14 ../../libDaisy//build/libdaisy.a(usbd_conf.o)
                0x000000000800814c                HAL_PCD_DataInStageCallback
 .text.HAL_PCD_SOFCallback
                0x0000000008008160        0x8 ../../libDaisy//build/libdaisy.a(usbd_conf.o)
                0x0000000008008160                HAL_PCD_SOFCallback
 .text.HAL_PCD_ResetCallback
                0x0000000008008168       0x24 ../../libDaisy//build/libdaisy.a(usbd_conf.o)
                0x0000000008008168                HAL_PCD_ResetCallback
 .text.HAL_PCD_SuspendCallback
                0x000000000800818c       0x30 ../../libDaisy//build/libdaisy.a(usbd_conf.o)
                0x000000000800818c                HAL_PCD_SuspendCallback
 .text.HAL_PCD_ResumeCallback
                0x00000000080081bc        0x8 ../../libDaisy//build/libdaisy.a(usbd_conf.o)
                0x00000000080081bc                HAL_PCD_ResumeCallback
 .text.HAL_PCD_ISOOUTIncompleteCallback
                0x00000000080081c4        0x8 ../../libDaisy//build/libdaisy.a(usbd_conf.o)
                0x00000000080081c4                HAL_PCD_ISOOUTIncompleteCallback
 .text.HAL_PCD_ISOINIncompleteCallback
                0x00000000080081cc        0x8 ../../libDaisy//build/libdaisy.a(usbd_conf.o)
                0x00000000080081cc                HAL_PCD_ISOINIncompleteCallback
 .text.HAL_PCD_ConnectCallback
                0x00000000080081d4        0x8 ../../libDaisy//build/libdaisy.a(usbd_conf.o)
                0x00000000080081d4                HAL_PCD_ConnectCallback
 .text.HAL_PCD_DisconnectCallback
                0x00000000080081dc        0x8 ../../libDaisy//build/libdaisy.a(usbd_conf.o)
                0x00000000080081dc                HAL_PCD_DisconnectCallback
 .text.USBD_LL_OpenEP
                0x00000000080081e4       0x24 ../../libDaisy//build/libdaisy.a(usbd_conf.o)
                0x00000000080081e4                USBD_LL_OpenEP
 .text.USBD_LL_StallEP
                0x0000000008008208       0x1c ../../libDaisy//build/libdaisy.a(usbd_conf.o)
                0x0000000008008208                USBD_LL_StallEP
 .text.USBD_LL_ClearStallEP
                0x0000000008008224       0x1c ../../libDaisy//build/libdaisy.a(usbd_conf.o)
                0x0000000008008224                USBD_LL_ClearStallEP
 .text.USBD_LL_IsStallEP
                0x0000000008008240       0x28 ../../libDaisy//build/libdaisy.a(usbd_conf.o)
                0x0000000008008240                USBD_LL_IsStallEP
 .text.USBD_LL_SetUSBAddress
                0x0000000008008268       0x1c ../../libDaisy//build/libdaisy.a(usbd_conf.o)
                0x0000000008008268                USBD_LL_SetUSBAddress
 .text.USBD_LL_Transmit
                0x0000000008008284       0x1c ../../libDaisy//build/libdaisy.a(usbd_conf.o)
                0x0000000008008284                USBD_LL_Transmit
 .text.USBD_LL_PrepareReceive
                0x00000000080082a0       0x1c ../../libDaisy//build/libdaisy.a(usbd_conf.o)
                0x00000000080082a0                USBD_LL_PrepareReceive
 .text.HAL_HCD_SOF_Callback
                0x00000000080082bc        0x8 ../../libDaisy//build/libdaisy.a(usbh_conf.o)
                0x00000000080082bc                HAL_HCD_SOF_Callback
 .text.HAL_HCD_Connect_Callback
                0x00000000080082c4        0x8 ../../libDaisy//build/libdaisy.a(usbh_conf.o)
                0x00000000080082c4                HAL_HCD_Connect_Callback
 .text.HAL_HCD_Disconnect_Callback
                0x00000000080082cc        0x8 ../../libDaisy//build/libdaisy.a(usbh_conf.o)
                0x00000000080082cc                HAL_HCD_Disconnect_Callback
 .text.HAL_HCD_HC_NotifyURBChange_Callback
                0x00000000080082d4        0x4 ../../libDaisy//build/libdaisy.a(usbh_conf.o)
                0x00000000080082d4                HAL_HCD_HC_NotifyURBChange_Callback
 .text.HAL_HCD_PortEnabled_Callback
                0x00000000080082d8        0x8 ../../libDaisy//build/libdaisy.a(usbh_conf.o)
                0x00000000080082d8                HAL_HCD_PortEnabled_Callback
 .text.HAL_HCD_PortDisabled_Callback
                0x00000000080082e0        0x8 ../../libDaisy//build/libdaisy.a(usbh_conf.o)
                0x00000000080082e0                HAL_HCD_PortDisabled_Callback
 .text.USBH_LL_Stop
                0x00000000080082e8       0x1c ../../libDaisy//build/libdaisy.a(usbh_conf.o)
                0x00000000080082e8                USBH_LL_Stop
 .text.dsy_hal_map_get_port
                0x0000000008008304       0x10 ../../libDaisy//build/libdaisy.a(hal_map.o)
                0x0000000008008304                dsy_hal_map_get_port
 .text.dsy_hal_map_get_pin
                0x0000000008008314       0x10 ../../libDaisy//build/libdaisy.a(hal_map.o)
                0x0000000008008314                dsy_hal_map_get_pin
 .text.dsy_hal_map_gpio_clk_enable
                0x0000000008008324      0x150 ../../libDaisy//build/libdaisy.a(hal_map.o)
                0x0000000008008324                dsy_hal_map_gpio_clk_enable
 .text.HAL_MspInit
                0x0000000008008474        0x4 ../../libDaisy//build/libdaisy.a(stm32h7xx_hal.o)
                0x0000000008008474                HAL_MspInit
 .text.HAL_InitTick
                0x0000000008008478       0x4c ../../libDaisy//build/libdaisy.a(stm32h7xx_hal.o)
                0x0000000008008478                HAL_InitTick
 .text.HAL_Init
                0x00000000080084c4       0x60 ../../libDaisy//build/libdaisy.a(stm32h7xx_hal.o)
                0x00000000080084c4                HAL_Init
 .text.HAL_IncTick
                0x0000000008008524       0x18 ../../libDaisy//build/libdaisy.a(stm32h7xx_hal.o)
                0x0000000008008524                HAL_IncTick
 .text.HAL_GetTick
                0x000000000800853c        0xc ../../libDaisy//build/libdaisy.a(stm32h7xx_hal.o)
                0x000000000800853c                HAL_GetTick
 .text.HAL_Delay
                0x0000000008008548       0x24 ../../libDaisy//build/libdaisy.a(stm32h7xx_hal.o)
                0x0000000008008548                HAL_Delay
 .text.HAL_GetREVID
                0x000000000800856c        0xc ../../libDaisy//build/libdaisy.a(stm32h7xx_hal.o)
                0x000000000800856c                HAL_GetREVID
 .text.HAL_ADC_ConvHalfCpltCallback
                0x0000000008008578        0x4 ../../libDaisy//build/libdaisy.a(stm32h7xx_hal_adc.o)
                0x0000000008008578                HAL_ADC_ConvHalfCpltCallback
 .text.ADC_DMAHalfConvCplt
                0x000000000800857c        0xc ../../libDaisy//build/libdaisy.a(stm32h7xx_hal_adc.o)
                0x000000000800857c                ADC_DMAHalfConvCplt
 .text.ADC_DMAConvCplt
                0x0000000008008588       0x6c ../../libDaisy//build/libdaisy.a(stm32h7xx_hal_adc.o)
                0x0000000008008588                ADC_DMAConvCplt
 .text.ADC_DMAError
                0x00000000080085f4       0x1c ../../libDaisy//build/libdaisy.a(stm32h7xx_hal_adc.o)
                0x00000000080085f4                ADC_DMAError
 .text.HAL_ADC_ConfigChannel
                0x0000000008008610      0x3fc ../../libDaisy//build/libdaisy.a(stm32h7xx_hal_adc.o)
                0x0000000008008610                HAL_ADC_ConfigChannel
 .text.ADC_Enable
                0x0000000008008a0c       0xac ../../libDaisy//build/libdaisy.a(stm32h7xx_hal_adc.o)
                0x0000000008008a0c                ADC_Enable
 .text.HAL_ADC_Start_DMA
                0x0000000008008ab8      0x114 ../../libDaisy//build/libdaisy.a(stm32h7xx_hal_adc.o)
                0x0000000008008ab8                HAL_ADC_Start_DMA
 .text.ADC_Disable
                0x0000000008008bcc       0x68 ../../libDaisy//build/libdaisy.a(stm32h7xx_hal_adc.o)
                0x0000000008008bcc                ADC_Disable
 .text.ADC_ConfigureBoostMode
                0x0000000008008c34      0x184 ../../libDaisy//build/libdaisy.a(stm32h7xx_hal_adc.o)
                0x0000000008008c34                ADC_ConfigureBoostMode
 .text.HAL_ADC_Init
                0x0000000008008db8      0x218 ../../libDaisy//build/libdaisy.a(stm32h7xx_hal_adc.o)
                0x0000000008008db8                HAL_ADC_Init
 .text.HAL_ADCEx_Calibration_Start
                0x0000000008008fd0       0xa4 ../../libDaisy//build/libdaisy.a(stm32h7xx_hal_adc_ex.o)
                0x0000000008008fd0                HAL_ADCEx_Calibration_Start
 .text.HAL_ADCEx_MultiModeConfigChannel
                0x0000000008009074       0xc4 ../../libDaisy//build/libdaisy.a(stm32h7xx_hal_adc_ex.o)
                0x0000000008009074                HAL_ADCEx_MultiModeConfigChannel
 .text.HAL_NVIC_SetPriorityGrouping
                0x0000000008009138       0x24 ../../libDaisy//build/libdaisy.a(stm32h7xx_hal_cortex.o)
                0x0000000008009138                HAL_NVIC_SetPriorityGrouping
 .text.HAL_NVIC_SetPriority
                0x000000000800915c       0x7c ../../libDaisy//build/libdaisy.a(stm32h7xx_hal_cortex.o)
                0x000000000800915c                HAL_NVIC_SetPriority
 .text.HAL_NVIC_EnableIRQ
                0x00000000080091d8       0x1c ../../libDaisy//build/libdaisy.a(stm32h7xx_hal_cortex.o)
                0x00000000080091d8                HAL_NVIC_EnableIRQ
 .text.HAL_NVIC_DisableIRQ
                0x00000000080091f4       0x28 ../../libDaisy//build/libdaisy.a(stm32h7xx_hal_cortex.o)
                0x00000000080091f4                HAL_NVIC_DisableIRQ
 .text.HAL_NVIC_SystemReset
                0x000000000800921c       0x24 ../../libDaisy//build/libdaisy.a(stm32h7xx_hal_cortex.o)
                0x000000000800921c                HAL_NVIC_SystemReset
 .text.HAL_SYSTICK_Config
                0x0000000008009240       0x2c ../../libDaisy//build/libdaisy.a(stm32h7xx_hal_cortex.o)
                0x0000000008009240                HAL_SYSTICK_Config
 .text.HAL_MPU_Disable
                0x000000000800926c       0x1c ../../libDaisy//build/libdaisy.a(stm32h7xx_hal_cortex.o)
                0x000000000800926c                HAL_MPU_Disable
 .text.HAL_MPU_Enable
                0x0000000008009288       0x20 ../../libDaisy//build/libdaisy.a(stm32h7xx_hal_cortex.o)
                0x0000000008009288                HAL_MPU_Enable
 .text.HAL_MPU_ConfigRegion
                0x00000000080092a8       0x64 ../../libDaisy//build/libdaisy.a(stm32h7xx_hal_cortex.o)
                0x00000000080092a8                HAL_MPU_ConfigRegion
 .text.HAL_SYSTICK_Callback
                0x000000000800930c        0x4 ../../libDaisy//build/libdaisy.a(stm32h7xx_hal_cortex.o)
                0x000000000800930c                HAL_SYSTICK_Callback
 .text.HAL_SYSTICK_IRQHandler
                0x0000000008009310        0x8 ../../libDaisy//build/libdaisy.a(stm32h7xx_hal_cortex.o)
                0x0000000008009310                HAL_SYSTICK_IRQHandler
 .text.DMA_CalcBaseAndBitshift
                0x0000000008009318       0xf4 ../../libDaisy//build/libdaisy.a(stm32h7xx_hal_dma.o)
 .text.DMA_CalcDMAMUXChannelBaseAndMask
                0x000000000800940c       0xd8 ../../libDaisy//build/libdaisy.a(stm32h7xx_hal_dma.o)
 .text.HAL_DMA_Init
                0x00000000080094e4      0x37c ../../libDaisy//build/libdaisy.a(stm32h7xx_hal_dma.o)
                0x00000000080094e4                HAL_DMA_Init
 .text.HAL_DMA_Start_IT
                0x0000000008009860      0x240 ../../libDaisy//build/libdaisy.a(stm32h7xx_hal_dma.o)
                0x0000000008009860                HAL_DMA_Start_IT
 .text.HAL_DMA_Abort_IT
                0x0000000008009aa0      0x134 ../../libDaisy//build/libdaisy.a(stm32h7xx_hal_dma.o)
                0x0000000008009aa0                HAL_DMA_Abort_IT
 .text.HAL_DMA_IRQHandler
                0x0000000008009bd4      0x6a0 ../../libDaisy//build/libdaisy.a(stm32h7xx_hal_dma.o)
                0x0000000008009bd4                HAL_DMA_IRQHandler
 .text.HAL_DMA_GetError
                0x000000000800a274        0x4 ../../libDaisy//build/libdaisy.a(stm32h7xx_hal_dma.o)
                0x000000000800a274                HAL_DMA_GetError
 .text.HAL_GPIO_Init
                0x000000000800a278      0x280 ../../libDaisy//build/libdaisy.a(stm32h7xx_hal_gpio.o)
                0x000000000800a278                HAL_GPIO_Init
 .text.HAL_GPIO_DeInit
                0x000000000800a4f8      0x190 ../../libDaisy//build/libdaisy.a(stm32h7xx_hal_gpio.o)
                0x000000000800a4f8                HAL_GPIO_DeInit
 .text.HAL_GPIO_ReadPin
                0x000000000800a688        0xc ../../libDaisy//build/libdaisy.a(stm32h7xx_hal_gpio.o)
                0x000000000800a688                HAL_GPIO_ReadPin
 .text.HAL_GPIO_WritePin
                0x000000000800a694        0x8 ../../libDaisy//build/libdaisy.a(stm32h7xx_hal_gpio.o)
                0x000000000800a694                HAL_GPIO_WritePin
 .text.HAL_HCD_IRQHandler
                0x000000000800a69c      0x780 ../../libDaisy//build/libdaisy.a(stm32h7xx_hal_hcd.o)
                0x000000000800a69c                HAL_HCD_IRQHandler
 .text.HAL_HCD_Stop
                0x000000000800ae1c       0x28 ../../libDaisy//build/libdaisy.a(stm32h7xx_hal_hcd.o)
                0x000000000800ae1c                HAL_HCD_Stop
 .text.I2C_WaitOnTXISFlagUntilTimeout
                0x000000000800ae44       0xb8 ../../libDaisy//build/libdaisy.a(stm32h7xx_hal_i2c.o)
 .text.I2C_WaitOnSTOPFlagUntilTimeout
                0x000000000800aefc       0xac ../../libDaisy//build/libdaisy.a(stm32h7xx_hal_i2c.o)
 .text.HAL_I2C_Init
                0x000000000800afa8       0xac ../../libDaisy//build/libdaisy.a(stm32h7xx_hal_i2c.o)
                0x000000000800afa8                HAL_I2C_Init
 .text.HAL_I2C_Master_Transmit
                0x000000000800b054      0x1a8 ../../libDaisy//build/libdaisy.a(stm32h7xx_hal_i2c.o)
                0x000000000800b054                HAL_I2C_Master_Transmit
 .text.HAL_I2C_Slave_Transmit
                0x000000000800b1fc      0x1c8 ../../libDaisy//build/libdaisy.a(stm32h7xx_hal_i2c.o)
                0x000000000800b1fc                HAL_I2C_Slave_Transmit
 .text.HAL_I2C_Mem_Write
                0x000000000800b3c4      0x254 ../../libDaisy//build/libdaisy.a(stm32h7xx_hal_i2c.o)
                0x000000000800b3c4                HAL_I2C_Mem_Write
 .text.HAL_I2C_Mem_Read
                0x000000000800b618      0x29c ../../libDaisy//build/libdaisy.a(stm32h7xx_hal_i2c.o)
                0x000000000800b618                HAL_I2C_Mem_Read
 .text.HAL_I2C_EV_IRQHandler
                0x000000000800b8b4       0x10 ../../libDaisy//build/libdaisy.a(stm32h7xx_hal_i2c.o)
                0x000000000800b8b4                HAL_I2C_EV_IRQHandler
 .text.HAL_I2C_GetState
                0x000000000800b8c4        0x8 ../../libDaisy//build/libdaisy.a(stm32h7xx_hal_i2c.o)
                0x000000000800b8c4                HAL_I2C_GetState
 .text.HAL_I2CEx_ConfigAnalogFilter
                0x000000000800b8cc       0x54 ../../libDaisy//build/libdaisy.a(stm32h7xx_hal_i2c_ex.o)
                0x000000000800b8cc                HAL_I2CEx_ConfigAnalogFilter
 .text.HAL_I2CEx_ConfigDigitalFilter
                0x000000000800b920       0x58 ../../libDaisy//build/libdaisy.a(stm32h7xx_hal_i2c_ex.o)
                0x000000000800b920                HAL_I2CEx_ConfigDigitalFilter
 .text.HAL_PCD_IRQHandler
                0x000000000800b978      0x69c ../../libDaisy//build/libdaisy.a(stm32h7xx_hal_pcd.o)
                0x000000000800b978                HAL_PCD_IRQHandler
 .text.HAL_PCD_SetAddress
                0x000000000800c014       0x2c ../../libDaisy//build/libdaisy.a(stm32h7xx_hal_pcd.o)
                0x000000000800c014                HAL_PCD_SetAddress
 .text.HAL_PCD_EP_Open
                0x000000000800c040       0x7c ../../libDaisy//build/libdaisy.a(stm32h7xx_hal_pcd.o)
                0x000000000800c040                HAL_PCD_EP_Open
 .text.HAL_PCD_EP_Receive
                0x000000000800c0bc       0x50 ../../libDaisy//build/libdaisy.a(stm32h7xx_hal_pcd.o)
                0x000000000800c0bc                HAL_PCD_EP_Receive
 .text.HAL_PCD_EP_Transmit
                0x000000000800c10c       0x50 ../../libDaisy//build/libdaisy.a(stm32h7xx_hal_pcd.o)
                0x000000000800c10c                HAL_PCD_EP_Transmit
 .text.HAL_PCD_EP_SetStall
                0x000000000800c15c       0x88 ../../libDaisy//build/libdaisy.a(stm32h7xx_hal_pcd.o)
                0x000000000800c15c                HAL_PCD_EP_SetStall
 .text.HAL_PCD_EP_ClrStall
                0x000000000800c1e4       0x78 ../../libDaisy//build/libdaisy.a(stm32h7xx_hal_pcd.o)
                0x000000000800c1e4                HAL_PCD_EP_ClrStall
 .text.HAL_PCDEx_LPM_Callback
                0x000000000800c25c        0x4 ../../libDaisy//build/libdaisy.a(stm32h7xx_hal_pcd_ex.o)
                0x000000000800c25c                HAL_PCDEx_LPM_Callback
 .text.HAL_PWREx_ConfigSupply
                0x000000000800c260       0x4c ../../libDaisy//build/libdaisy.a(stm32h7xx_hal_pwr_ex.o)
                0x000000000800c260                HAL_PWREx_ConfigSupply
 .text.HAL_PWREx_EnableUSBVoltageDetector
                0x000000000800c2ac       0x10 ../../libDaisy//build/libdaisy.a(stm32h7xx_hal_pwr_ex.o)
                0x000000000800c2ac                HAL_PWREx_EnableUSBVoltageDetector
 .text.QSPI_Config
                0x000000000800c2bc      0x174 ../../libDaisy//build/libdaisy.a(stm32h7xx_hal_qspi.o)
 .text.HAL_QSPI_Init
                0x000000000800c430       0xd8 ../../libDaisy//build/libdaisy.a(stm32h7xx_hal_qspi.o)
                0x000000000800c430                HAL_QSPI_Init
 .text.HAL_QSPI_DeInit
                0x000000000800c508       0x3c ../../libDaisy//build/libdaisy.a(stm32h7xx_hal_qspi.o)
                0x000000000800c508                HAL_QSPI_DeInit
 .text.HAL_QSPI_Command
                0x000000000800c544       0xd4 ../../libDaisy//build/libdaisy.a(stm32h7xx_hal_qspi.o)
                0x000000000800c544                HAL_QSPI_Command
 .text.HAL_QSPI_Transmit
                0x000000000800c618       0xfc ../../libDaisy//build/libdaisy.a(stm32h7xx_hal_qspi.o)
                0x000000000800c618                HAL_QSPI_Transmit
 .text.HAL_QSPI_Receive
                0x000000000800c714      0x108 ../../libDaisy//build/libdaisy.a(stm32h7xx_hal_qspi.o)
                0x000000000800c714                HAL_QSPI_Receive
 .text.HAL_QSPI_AutoPolling
                0x000000000800c81c       0xf0 ../../libDaisy//build/libdaisy.a(stm32h7xx_hal_qspi.o)
                0x000000000800c81c                HAL_QSPI_AutoPolling
 .text.HAL_QSPI_MemoryMapped
                0x000000000800c90c       0xc0 ../../libDaisy//build/libdaisy.a(stm32h7xx_hal_qspi.o)
                0x000000000800c90c                HAL_QSPI_MemoryMapped
 .text.HAL_QSPI_ErrorCallback
                0x000000000800c9cc        0x4 ../../libDaisy//build/libdaisy.a(stm32h7xx_hal_qspi.o)
                0x000000000800c9cc                HAL_QSPI_ErrorCallback
 .text.QSPI_DMAAbortCplt
                0x000000000800c9d0       0x38 ../../libDaisy//build/libdaisy.a(stm32h7xx_hal_qspi.o)
 .text.HAL_QSPI_AbortCpltCallback
                0x000000000800ca08        0x4 ../../libDaisy//build/libdaisy.a(stm32h7xx_hal_qspi.o)
                0x000000000800ca08                HAL_QSPI_AbortCpltCallback
 .text.HAL_QSPI_CmdCpltCallback
                0x000000000800ca0c        0x4 ../../libDaisy//build/libdaisy.a(stm32h7xx_hal_qspi.o)
                0x000000000800ca0c                HAL_QSPI_CmdCpltCallback
 .text.HAL_QSPI_RxCpltCallback
                0x000000000800ca10        0x4 ../../libDaisy//build/libdaisy.a(stm32h7xx_hal_qspi.o)
                0x000000000800ca10                HAL_QSPI_RxCpltCallback
 .text.HAL_QSPI_TxCpltCallback
                0x000000000800ca14        0x4 ../../libDaisy//build/libdaisy.a(stm32h7xx_hal_qspi.o)
                0x000000000800ca14                HAL_QSPI_TxCpltCallback
 .text.HAL_QSPI_FifoThresholdCallback
                0x000000000800ca18        0x4 ../../libDaisy//build/libdaisy.a(stm32h7xx_hal_qspi.o)
                0x000000000800ca18                HAL_QSPI_FifoThresholdCallback
 .text.HAL_QSPI_StatusMatchCallback
                0x000000000800ca1c        0x4 ../../libDaisy//build/libdaisy.a(stm32h7xx_hal_qspi.o)
                0x000000000800ca1c                HAL_QSPI_StatusMatchCallback
 .text.HAL_QSPI_TimeOutCallback
                0x000000000800ca20        0x4 ../../libDaisy//build/libdaisy.a(stm32h7xx_hal_qspi.o)
                0x000000000800ca20                HAL_QSPI_TimeOutCallback
 .text.HAL_QSPI_IRQHandler
                0x000000000800ca24      0x210 ../../libDaisy//build/libdaisy.a(stm32h7xx_hal_qspi.o)
                0x000000000800ca24                HAL_QSPI_IRQHandler
 .text.HAL_RCC_OscConfig
                0x000000000800cc34      0x51c ../../libDaisy//build/libdaisy.a(stm32h7xx_hal_rcc.o)
                0x000000000800cc34                HAL_RCC_OscConfig
 .text.HAL_RCC_GetSysClockFreq
                0x000000000800d150      0x140 ../../libDaisy//build/libdaisy.a(stm32h7xx_hal_rcc.o)
                0x000000000800d150                HAL_RCC_GetSysClockFreq
 .text.HAL_RCC_ClockConfig
                0x000000000800d290      0x234 ../../libDaisy//build/libdaisy.a(stm32h7xx_hal_rcc.o)
                0x000000000800d290                HAL_RCC_ClockConfig
 .text.HAL_RCC_GetHCLKFreq
                0x000000000800d4c4       0x2c ../../libDaisy//build/libdaisy.a(stm32h7xx_hal_rcc.o)
                0x000000000800d4c4                HAL_RCC_GetHCLKFreq
 .text.HAL_RCC_GetPCLK1Freq
                0x000000000800d4f0       0x38 ../../libDaisy//build/libdaisy.a(stm32h7xx_hal_rcc.o)
                0x000000000800d4f0                HAL_RCC_GetPCLK1Freq
 .text.HAL_RCC_GetPCLK2Freq
                0x000000000800d528       0x38 ../../libDaisy//build/libdaisy.a(stm32h7xx_hal_rcc.o)
                0x000000000800d528                HAL_RCC_GetPCLK2Freq
 .text.RCCEx_PLL2_Config
                0x000000000800d560       0xf4 ../../libDaisy//build/libdaisy.a(stm32h7xx_hal_rcc_ex.o)
 .text.RCCEx_PLL3_Config
                0x000000000800d654       0xf4 ../../libDaisy//build/libdaisy.a(stm32h7xx_hal_rcc_ex.o)
 .text.HAL_RCCEx_PeriphCLKConfig
                0x000000000800d748      0xa7c ../../libDaisy//build/libdaisy.a(stm32h7xx_hal_rcc_ex.o)
                0x000000000800d748                HAL_RCCEx_PeriphCLKConfig
 .text.HAL_RCCEx_GetD3PCLK1Freq
                0x000000000800e1c4       0x24 ../../libDaisy//build/libdaisy.a(stm32h7xx_hal_rcc_ex.o)
                0x000000000800e1c4                HAL_RCCEx_GetD3PCLK1Freq
 .text.HAL_RCCEx_GetPLL2ClockFreq
                0x000000000800e1e8      0x17c ../../libDaisy//build/libdaisy.a(stm32h7xx_hal_rcc_ex.o)
                0x000000000800e1e8                HAL_RCCEx_GetPLL2ClockFreq
 .text.HAL_RCCEx_GetPLL3ClockFreq
                0x000000000800e364      0x17c ../../libDaisy//build/libdaisy.a(stm32h7xx_hal_rcc_ex.o)
                0x000000000800e364                HAL_RCCEx_GetPLL3ClockFreq
 .text.HAL_RCCEx_GetPLL1ClockFreq
                0x000000000800e4e0      0x17c ../../libDaisy//build/libdaisy.a(stm32h7xx_hal_rcc_ex.o)
                0x000000000800e4e0                HAL_RCCEx_GetPLL1ClockFreq
 .text.HAL_RCCEx_GetPeriphCLKFreq
                0x000000000800e65c      0x198 ../../libDaisy//build/libdaisy.a(stm32h7xx_hal_rcc_ex.o)
                0x000000000800e65c                HAL_RCCEx_GetPeriphCLKFreq
 .text.HAL_RCCEx_GetD1SysClockFreq
                0x000000000800e7f4       0x2c ../../libDaisy//build/libdaisy.a(stm32h7xx_hal_rcc_ex.o)
                0x000000000800e7f4                HAL_RCCEx_GetD1SysClockFreq
 .text.HAL_SAI_Init.part.0
                0x000000000800e820      0x348 ../../libDaisy//build/libdaisy.a(stm32h7xx_hal_sai.o)
 .text.HAL_SAI_InitProtocol
                0x000000000800eb68      0x178 ../../libDaisy//build/libdaisy.a(stm32h7xx_hal_sai.o)
                0x000000000800eb68                HAL_SAI_InitProtocol
 .text.HAL_SAI_Transmit_DMA
                0x000000000800ece0      0x124 ../../libDaisy//build/libdaisy.a(stm32h7xx_hal_sai.o)
                0x000000000800ece0                HAL_SAI_Transmit_DMA
 .text.HAL_SAI_Receive_DMA
                0x000000000800ee04       0xd0 ../../libDaisy//build/libdaisy.a(stm32h7xx_hal_sai.o)
                0x000000000800ee04                HAL_SAI_Receive_DMA
 .text.HAL_SAI_TxCpltCallback
                0x000000000800eed4        0x4 ../../libDaisy//build/libdaisy.a(stm32h7xx_hal_sai.o)
                0x000000000800eed4                HAL_SAI_TxCpltCallback
 .text.SAI_DMATxCplt
                0x000000000800eed8       0x64 ../../libDaisy//build/libdaisy.a(stm32h7xx_hal_sai.o)
 .text.HAL_SAI_TxHalfCpltCallback
                0x000000000800ef3c        0x4 ../../libDaisy//build/libdaisy.a(stm32h7xx_hal_sai.o)
                0x000000000800ef3c                HAL_SAI_TxHalfCpltCallback
 .text.SAI_DMATxHalfCplt
                0x000000000800ef40        0xc ../../libDaisy//build/libdaisy.a(stm32h7xx_hal_sai.o)
 .text.SAI_DMARxCplt
                0x000000000800ef4c       0x64 ../../libDaisy//build/libdaisy.a(stm32h7xx_hal_sai.o)
 .text.SAI_DMARxHalfCplt
                0x000000000800efb0        0xc ../../libDaisy//build/libdaisy.a(stm32h7xx_hal_sai.o)
 .text.HAL_SAI_ErrorCallback
                0x000000000800efbc        0x4 ../../libDaisy//build/libdaisy.a(stm32h7xx_hal_sai.o)
                0x000000000800efbc                HAL_SAI_ErrorCallback
 .text.SAI_DMAError
                0x000000000800efc0       0x6c ../../libDaisy//build/libdaisy.a(stm32h7xx_hal_sai.o)
 .text.HAL_SDRAM_Init
                0x000000000800f02c       0x54 ../../libDaisy//build/libdaisy.a(stm32h7xx_hal_sdram.o)
                0x000000000800f02c                HAL_SDRAM_Init
 .text.HAL_SDRAM_SendCommand
                0x000000000800f080       0x40 ../../libDaisy//build/libdaisy.a(stm32h7xx_hal_sdram.o)
                0x000000000800f080                HAL_SDRAM_SendCommand
 .text.HAL_SDRAM_ProgramRefreshRate
                0x000000000800f0c0       0x30 ../../libDaisy//build/libdaisy.a(stm32h7xx_hal_sdram.o)
                0x000000000800f0c0                HAL_SDRAM_ProgramRefreshRate
 .text.SPI_CloseTransfer
                0x000000000800f0f0       0xb8 ../../libDaisy//build/libdaisy.a(stm32h7xx_hal_spi.o)
 .text.HAL_SPI_Init
                0x000000000800f1a8      0x15c ../../libDaisy//build/libdaisy.a(stm32h7xx_hal_spi.o)
                0x000000000800f1a8                HAL_SPI_Init
 .text.HAL_SPI_Transmit
                0x000000000800f304      0x314 ../../libDaisy//build/libdaisy.a(stm32h7xx_hal_spi.o)
                0x000000000800f304                HAL_SPI_Transmit
 .text.HAL_SPI_Transmit_DMA
                0x000000000800f618      0x170 ../../libDaisy//build/libdaisy.a(stm32h7xx_hal_spi.o)
                0x000000000800f618                HAL_SPI_Transmit_DMA
 .text.HAL_SPI_TransmitReceive_DMA
                0x000000000800f788      0x218 ../../libDaisy//build/libdaisy.a(stm32h7xx_hal_spi.o)
                0x000000000800f788                HAL_SPI_TransmitReceive_DMA
 .text.HAL_SPI_Receive_DMA
                0x000000000800f9a0      0x1b4 ../../libDaisy//build/libdaisy.a(stm32h7xx_hal_spi.o)
                0x000000000800f9a0                HAL_SPI_Receive_DMA
 .text.SPI_DMATransmitCplt
                0x000000000800fb54       0x28 ../../libDaisy//build/libdaisy.a(stm32h7xx_hal_spi.o)
 .text.SPI_DMAReceiveCplt
                0x000000000800fb7c       0x28 ../../libDaisy//build/libdaisy.a(stm32h7xx_hal_spi.o)
 .text.SPI_DMATransmitReceiveCplt
                0x000000000800fba4       0x28 ../../libDaisy//build/libdaisy.a(stm32h7xx_hal_spi.o)
 .text.HAL_SPI_TxHalfCpltCallback
                0x000000000800fbcc        0x4 ../../libDaisy//build/libdaisy.a(stm32h7xx_hal_spi.o)
                0x000000000800fbcc                HAL_SPI_TxHalfCpltCallback
 .text.SPI_DMAHalfTransmitCplt
                0x000000000800fbd0        0xc ../../libDaisy//build/libdaisy.a(stm32h7xx_hal_spi.o)
 .text.HAL_SPI_RxHalfCpltCallback
                0x000000000800fbdc        0x4 ../../libDaisy//build/libdaisy.a(stm32h7xx_hal_spi.o)
                0x000000000800fbdc                HAL_SPI_RxHalfCpltCallback
 .text.SPI_DMAHalfReceiveCplt
                0x000000000800fbe0        0xc ../../libDaisy//build/libdaisy.a(stm32h7xx_hal_spi.o)
 .text.HAL_SPI_TxRxHalfCpltCallback
                0x000000000800fbec        0x4 ../../libDaisy//build/libdaisy.a(stm32h7xx_hal_spi.o)
                0x000000000800fbec                HAL_SPI_TxRxHalfCpltCallback
 .text.SPI_DMAHalfTransmitReceiveCplt
                0x000000000800fbf0        0xc ../../libDaisy//build/libdaisy.a(stm32h7xx_hal_spi.o)
 .text.SPI_DMAError
                0x000000000800fbfc       0xd8 ../../libDaisy//build/libdaisy.a(stm32h7xx_hal_spi.o)
 .text.HAL_SPI_IRQHandler
                0x000000000800fcd4      0x23c ../../libDaisy//build/libdaisy.a(stm32h7xx_hal_spi.o)
                0x000000000800fcd4                HAL_SPI_IRQHandler
 .text.SPI_DMAAbortOnError
                0x000000000800ff10       0x1c ../../libDaisy//build/libdaisy.a(stm32h7xx_hal_spi.o)
 .text.HAL_SPI_GetState
                0x000000000800ff2c        0x8 ../../libDaisy//build/libdaisy.a(stm32h7xx_hal_spi.o)
                0x000000000800ff2c                HAL_SPI_GetState
 .text.FMC_SDRAM_Init
                0x000000000800ff34       0x7c ../../libDaisy//build/libdaisy.a(stm32h7xx_ll_fmc.o)
                0x000000000800ff34                FMC_SDRAM_Init
 .text.FMC_SDRAM_Timing_Init
                0x000000000800ffb0       0x98 ../../libDaisy//build/libdaisy.a(stm32h7xx_ll_fmc.o)
                0x000000000800ffb0                FMC_SDRAM_Timing_Init
 .text.FMC_SDRAM_SendCommand
                0x0000000008010048       0x28 ../../libDaisy//build/libdaisy.a(stm32h7xx_ll_fmc.o)
                0x0000000008010048                FMC_SDRAM_SendCommand
 .text.FMC_SDRAM_ProgramRefreshRate
                0x0000000008010070       0x1c ../../libDaisy//build/libdaisy.a(stm32h7xx_ll_fmc.o)
                0x0000000008010070                FMC_SDRAM_ProgramRefreshRate
 .text.USB_SetTurnaroundTime
                0x000000000801008c      0x104 ../../libDaisy//build/libdaisy.a(stm32h7xx_ll_usb.o)
                0x000000000801008c                USB_SetTurnaroundTime
 .text.USB_FlushTxFifo
                0x0000000008010190       0x34 ../../libDaisy//build/libdaisy.a(stm32h7xx_ll_usb.o)
                0x0000000008010190                USB_FlushTxFifo
 .text.USB_GetDevSpeed
                0x00000000080101c4       0x24 ../../libDaisy//build/libdaisy.a(stm32h7xx_ll_usb.o)
                0x00000000080101c4                USB_GetDevSpeed
 .text.USB_ActivateEndpoint
                0x00000000080101e8       0x90 ../../libDaisy//build/libdaisy.a(stm32h7xx_ll_usb.o)
                0x00000000080101e8                USB_ActivateEndpoint
 .text.USB_EPStartXfer
                0x0000000008010278      0x230 ../../libDaisy//build/libdaisy.a(stm32h7xx_ll_usb.o)
                0x0000000008010278                USB_EPStartXfer
 .text.USB_EP0StartXfer
                0x00000000080104a8      0x174 ../../libDaisy//build/libdaisy.a(stm32h7xx_ll_usb.o)
                0x00000000080104a8                USB_EP0StartXfer
 .text.USB_WritePacket
                0x000000000801061c       0x2c ../../libDaisy//build/libdaisy.a(stm32h7xx_ll_usb.o)
                0x000000000801061c                USB_WritePacket
 .text.USB_ReadPacket
                0x0000000008010648       0x20 ../../libDaisy//build/libdaisy.a(stm32h7xx_ll_usb.o)
                0x0000000008010648                USB_ReadPacket
 .text.USB_EPSetStall
                0x0000000008010668       0x68 ../../libDaisy//build/libdaisy.a(stm32h7xx_ll_usb.o)
                0x0000000008010668                USB_EPSetStall
 .text.USB_EPClearStall
                0x00000000080106d0       0x58 ../../libDaisy//build/libdaisy.a(stm32h7xx_ll_usb.o)
                0x00000000080106d0                USB_EPClearStall
 .text.USB_SetDevAddress
                0x0000000008010728       0x24 ../../libDaisy//build/libdaisy.a(stm32h7xx_ll_usb.o)
                0x0000000008010728                USB_SetDevAddress
 .text.USB_ReadInterrupts
                0x000000000801074c       0x14 ../../libDaisy//build/libdaisy.a(stm32h7xx_ll_usb.o)
                0x000000000801074c                USB_ReadInterrupts
 .text.USB_ReadDevAllOutEpInterrupt
                0x0000000008010760       0x1c ../../libDaisy//build/libdaisy.a(stm32h7xx_ll_usb.o)
                0x0000000008010760                USB_ReadDevAllOutEpInterrupt
 .text.USB_ReadDevAllInEpInterrupt
                0x000000000801077c       0x1c ../../libDaisy//build/libdaisy.a(stm32h7xx_ll_usb.o)
                0x000000000801077c                USB_ReadDevAllInEpInterrupt
 .text.USB_ReadDevOutEPInterrupt
                0x0000000008010798       0x1c ../../libDaisy//build/libdaisy.a(stm32h7xx_ll_usb.o)
                0x0000000008010798                USB_ReadDevOutEPInterrupt
 .text.USB_ReadDevInEPInterrupt
                0x00000000080107b4       0x38 ../../libDaisy//build/libdaisy.a(stm32h7xx_ll_usb.o)
                0x00000000080107b4                USB_ReadDevInEPInterrupt
 .text.USB_GetMode
                0x00000000080107ec        0x8 ../../libDaisy//build/libdaisy.a(stm32h7xx_ll_usb.o)
                0x00000000080107ec                USB_GetMode
 .text.USB_ActivateSetup
                0x00000000080107f4       0x38 ../../libDaisy//build/libdaisy.a(stm32h7xx_ll_usb.o)
                0x00000000080107f4                USB_ActivateSetup
 .text.USB_EP0_OutStart
                0x000000000801082c       0x58 ../../libDaisy//build/libdaisy.a(stm32h7xx_ll_usb.o)
                0x000000000801082c                USB_EP0_OutStart
 .text.USB_InitFSLSPClkSel
                0x0000000008010884       0x44 ../../libDaisy//build/libdaisy.a(stm32h7xx_ll_usb.o)
                0x0000000008010884                USB_InitFSLSPClkSel
 .text.USB_HC_ReadInterrupt
                0x00000000080108c8        0x8 ../../libDaisy//build/libdaisy.a(stm32h7xx_ll_usb.o)
                0x00000000080108c8                USB_HC_ReadInterrupt
 .text.USB_HC_Halt
                0x00000000080108d0       0xc0 ../../libDaisy//build/libdaisy.a(stm32h7xx_ll_usb.o)
                0x00000000080108d0                USB_HC_Halt
 .text.USB_StopHost
                0x0000000008010990      0x2ec ../../libDaisy//build/libdaisy.a(stm32h7xx_ll_usb.o)
                0x0000000008010990                USB_StopHost
 .text.USBD_SetClassConfig
                0x0000000008010c7c       0x14 ../../libDaisy//build/libdaisy.a(usbd_core.o)
                0x0000000008010c7c                USBD_SetClassConfig
 .text.USBD_ClrClassConfig
                0x0000000008010c90       0x10 ../../libDaisy//build/libdaisy.a(usbd_core.o)
                0x0000000008010c90                USBD_ClrClassConfig
 .text.USBD_LL_SetupStage
                0x0000000008010ca0       0x5c ../../libDaisy//build/libdaisy.a(usbd_core.o)
                0x0000000008010ca0                USBD_LL_SetupStage
 .text.USBD_LL_DataOutStage
                0x0000000008010cfc       0x7c ../../libDaisy//build/libdaisy.a(usbd_core.o)
                0x0000000008010cfc                USBD_LL_DataOutStage
 .text.USBD_LL_DataInStage
                0x0000000008010d78       0xcc ../../libDaisy//build/libdaisy.a(usbd_core.o)
                0x0000000008010d78                USBD_LL_DataInStage
 .text.USBD_LL_Reset
                0x0000000008010e44       0x50 ../../libDaisy//build/libdaisy.a(usbd_core.o)
                0x0000000008010e44                USBD_LL_Reset
 .text.USBD_LL_SetSpeed
                0x0000000008010e94        0x8 ../../libDaisy//build/libdaisy.a(usbd_core.o)
                0x0000000008010e94                USBD_LL_SetSpeed
 .text.USBD_LL_Suspend
                0x0000000008010e9c       0x14 ../../libDaisy//build/libdaisy.a(usbd_core.o)
                0x0000000008010e9c                USBD_LL_Suspend
 .text.USBD_LL_Resume
                0x0000000008010eb0       0x10 ../../libDaisy//build/libdaisy.a(usbd_core.o)
                0x0000000008010eb0                USBD_LL_Resume
 .text.USBD_LL_SOF
                0x0000000008010ec0       0x1c ../../libDaisy//build/libdaisy.a(usbd_core.o)
                0x0000000008010ec0                USBD_LL_SOF
 .text.USBD_LL_IsoINIncomplete
                0x0000000008010edc        0x4 ../../libDaisy//build/libdaisy.a(usbd_core.o)
                0x0000000008010edc                USBD_LL_IsoINIncomplete
 .text.USBD_LL_IsoOUTIncomplete
                0x0000000008010ee0        0x4 ../../libDaisy//build/libdaisy.a(usbd_core.o)
                0x0000000008010ee0                USBD_LL_IsoOUTIncomplete
 .text.USBD_LL_DevConnected
                0x0000000008010ee4        0x4 ../../libDaisy//build/libdaisy.a(usbd_core.o)
                0x0000000008010ee4                USBD_LL_DevConnected
 .text.USBD_LL_DevDisconnected
                0x0000000008010ee8       0x18 ../../libDaisy//build/libdaisy.a(usbd_core.o)
                0x0000000008010ee8                USBD_LL_DevDisconnected
 .text.USBD_StdDevReq
                0x0000000008010f00      0x304 ../../libDaisy//build/libdaisy.a(usbd_ctlreq.o)
                0x0000000008010f00                USBD_StdDevReq
 .text.USBD_StdItfReq
                0x0000000008011204       0x68 ../../libDaisy//build/libdaisy.a(usbd_ctlreq.o)
                0x0000000008011204                USBD_StdItfReq
 .text.USBD_StdEPReq
                0x000000000801126c      0x13c ../../libDaisy//build/libdaisy.a(usbd_ctlreq.o)
                0x000000000801126c                USBD_StdEPReq
 .text.USBD_ParseSetupRequest
                0x00000000080113a8       0x28 ../../libDaisy//build/libdaisy.a(usbd_ctlreq.o)
                0x00000000080113a8                USBD_ParseSetupRequest
 .text.USBD_CtlSendData
                0x00000000080113d0       0x1c ../../libDaisy//build/libdaisy.a(usbd_ioreq.o)
                0x00000000080113d0                USBD_CtlSendData
 .text.USBD_CtlContinueSendData
                0x00000000080113ec       0x14 ../../libDaisy//build/libdaisy.a(usbd_ioreq.o)
                0x00000000080113ec                USBD_CtlContinueSendData
 .text.USBD_CtlContinueRx
                0x0000000008011400       0x14 ../../libDaisy//build/libdaisy.a(usbd_ioreq.o)
                0x0000000008011400                USBD_CtlContinueRx
 .text.USBD_CtlSendStatus
                0x0000000008011414       0x18 ../../libDaisy//build/libdaisy.a(usbd_ioreq.o)
                0x0000000008011414                USBD_CtlSendStatus
 .text.USBD_CtlReceiveStatus
                0x000000000801142c       0x18 ../../libDaisy//build/libdaisy.a(usbd_ioreq.o)
                0x000000000801142c                USBD_CtlReceiveStatus
 .text.USBH_LL_IncTimer
                0x0000000008011444       0x20 ../../libDaisy//build/libdaisy.a(usbh_core.o)
                0x0000000008011444                USBH_LL_IncTimer
 .text.USBH_LL_PortEnabled
                0x0000000008011464        0x8 ../../libDaisy//build/libdaisy.a(usbh_core.o)
                0x0000000008011464                USBH_LL_PortEnabled
 .text.USBH_LL_PortDisabled
                0x000000000801146c        0x8 ../../libDaisy//build/libdaisy.a(usbh_core.o)
                0x000000000801146c                USBH_LL_PortDisabled
 .text.USBH_LL_Connect
                0x0000000008011474       0x18 ../../libDaisy//build/libdaisy.a(usbh_core.o)
                0x0000000008011474                USBH_LL_Connect
 .text.USBH_LL_Disconnect
                0x000000000801148c       0x2c ../../libDaisy//build/libdaisy.a(usbh_core.o)
                0x000000000801148c                USBH_LL_Disconnect
 .text.USBH_FreePipe
                0x00000000080114b8       0x18 ../../libDaisy//build/libdaisy.a(usbh_pipes.o)
                0x00000000080114b8                USBH_FreePipe
 .text._ZN5daisy6Random4InitEv
                0x00000000080114d0       0x3c ../../libDaisy//build/libdaisy.a(rng.o)
                0x00000000080114d0                daisy::Random::Init()
 .text.HAL_TIM_Base_MspInit
                0x000000000801150c      0x1e0 ../../libDaisy//build/libdaisy.a(tim.o)
                0x000000000801150c                HAL_TIM_Base_MspInit
 .text.HAL_TIM_PeriodElapsedCallback
                0x00000000080116ec       0x44 ../../libDaisy//build/libdaisy.a(tim.o)
                0x00000000080116ec                HAL_TIM_PeriodElapsedCallback
 .text.TIM2_IRQHandler
                0x0000000008011730        0xc ../../libDaisy//build/libdaisy.a(tim.o)
                0x0000000008011730                TIM2_IRQHandler
 .text.TIM3_IRQHandler
                0x000000000801173c        0xc ../../libDaisy//build/libdaisy.a(tim.o)
                0x000000000801173c                TIM3_IRQHandler
 .text.TIM4_IRQHandler
                0x0000000008011748        0xc ../../libDaisy//build/libdaisy.a(tim.o)
                0x0000000008011748                TIM4_IRQHandler
 .text.TIM5_IRQHandler
                0x0000000008011754        0xc ../../libDaisy//build/libdaisy.a(tim.o)
                0x0000000008011754                TIM5_IRQHandler
 .text._ZN5daisy11TimerHandle4InitERKNS0_6ConfigE
                0x0000000008011760       0xd0 ../../libDaisy//build/libdaisy.a(tim.o)
                0x0000000008011760                daisy::TimerHandle::Init(daisy::TimerHandle::Config const&)
 .text._ZN5daisy11TimerHandle5StartEv
                0x0000000008011830       0x24 ../../libDaisy//build/libdaisy.a(tim.o)
                0x0000000008011830                daisy::TimerHandle::Start()
 .text.startup._GLOBAL__sub_I__ZN5daisy11TimerHandle4Impl4InitERKNS0_6ConfigE
                0x0000000008011854       0x38 ../../libDaisy//build/libdaisy.a(tim.o)
 .text._ZN5daisy11UartHandler4Impl7InitDmaEbb
                0x000000000801188c      0x164 ../../libDaisy//build/libdaisy.a(uart.o)
                0x000000000801188c                daisy::UartHandler::Impl::InitDma(bool, bool)
 .text._ZN5daisy11UartHandler4Impl10HandleFifoEv
                0x00000000080119f0       0xec ../../libDaisy//build/libdaisy.a(uart.o)
                0x00000000080119f0                daisy::UartHandler::Impl::HandleFifo()
 .text._ZN5daisy11UartHandler4Impl10StartDmaTxEPhjPFvPvEPFvS3_NS0_6ResultEES3_
                0x0000000008011adc       0xcc ../../libDaisy//build/libdaisy.a(uart.o)
                0x0000000008011adc                daisy::UartHandler::Impl::StartDmaTx(unsigned char*, unsigned int, void (*)(void*), void (*)(void*, daisy::UartHandler::Result), void*)
 .text._ZN5daisy11UartHandler4Impl10StartDmaRxEPhjPFvPvEPFvS3_NS0_6ResultEES3_
                0x0000000008011ba8       0xcc ../../libDaisy//build/libdaisy.a(uart.o)
                0x0000000008011ba8                daisy::UartHandler::Impl::StartDmaRx(unsigned char*, unsigned int, void (*)(void*), void (*)(void*, daisy::UartHandler::Result), void*)
 .text._ZN5daisy11UartHandler4Impl19DmaTransferFinishedEP20__UART_HandleTypeDefNS0_6ResultE
                0x0000000008011c74       0xc0 ../../libDaisy//build/libdaisy.a(uart.o)
                0x0000000008011c74                daisy::UartHandler::Impl::DmaTransferFinished(__UART_HandleTypeDef*, daisy::UartHandler::Result)
 .text._ZN5daisy11UartHandler4Impl8InitPinsEv
                0x0000000008011d34      0x150 ../../libDaisy//build/libdaisy.a(uart.o)
                0x0000000008011d34                daisy::UartHandler::Impl::InitPins()
 .text.HAL_UART_MspInit
                0x0000000008011e84      0x210 ../../libDaisy//build/libdaisy.a(uart.o)
                0x0000000008011e84                HAL_UART_MspInit
 .text.dsy_uart_global_init
                0x0000000008012094       0xfc ../../libDaisy//build/libdaisy.a(uart.o)
                0x0000000008012094                dsy_uart_global_init
 .text.USART1_IRQHandler
                0x0000000008012190       0x30 ../../libDaisy//build/libdaisy.a(uart.o)
                0x0000000008012190                USART1_IRQHandler
 .text.USART2_IRQHandler
                0x00000000080121c0       0x34 ../../libDaisy//build/libdaisy.a(uart.o)
                0x00000000080121c0                USART2_IRQHandler
 .text.USART3_IRQHandler
                0x00000000080121f4       0x34 ../../libDaisy//build/libdaisy.a(uart.o)
                0x00000000080121f4                USART3_IRQHandler
 .text.UART4_IRQHandler
                0x0000000008012228       0x34 ../../libDaisy//build/libdaisy.a(uart.o)
                0x0000000008012228                UART4_IRQHandler
 .text.UART5_IRQHandler
                0x000000000801225c       0x34 ../../libDaisy//build/libdaisy.a(uart.o)
                0x000000000801225c                UART5_IRQHandler
 .text.USART6_IRQHandler
                0x0000000008012290       0x34 ../../libDaisy//build/libdaisy.a(uart.o)
                0x0000000008012290                USART6_IRQHandler
 .text.UART7_IRQHandler
                0x00000000080122c4       0x30 ../../libDaisy//build/libdaisy.a(uart.o)
                0x00000000080122c4                UART7_IRQHandler
 .text.UART8_IRQHandler
                0x00000000080122f4       0x34 ../../libDaisy//build/libdaisy.a(uart.o)
                0x00000000080122f4                UART8_IRQHandler
 .text.LPUART1_IRQHandler
                0x0000000008012328       0x34 ../../libDaisy//build/libdaisy.a(uart.o)
                0x0000000008012328                LPUART1_IRQHandler
 .text.DMA1_Stream5_IRQHandler
                0x000000000801235c       0x34 ../../libDaisy//build/libdaisy.a(uart.o)
                0x000000000801235c                DMA1_Stream5_IRQHandler
 .text.DMA2_Stream4_IRQHandler
                0x0000000008012390       0x34 ../../libDaisy//build/libdaisy.a(uart.o)
                0x0000000008012390                DMA2_Stream4_IRQHandler
 .text.HAL_UART_TxCpltCallback